../../Drivers/STM32N6xx_HAL_Driver/Inc/stm32n6xx_ll_bus.h:1407:22:LL_AHB4_GRP1_EnableClock	24	static
../Core/Src/main.c:75:5:main	8	static
../Core/Src/main.c:120:13:MX_DCMIPP_Init	48	static
../Core/Src/main.c:187:13:MX_USART1_UART_Init	8	static
../Core/Src/main.c:235:13:MX_VENC_Init	4	static
../Core/Src/main.c:256:13:MX_XSPI1_Init	24	static
../Core/Src/main.c:307:13:MX_XSPI2_Init	24	static
../Core/Src/main.c:358:13:MX_GPIO_Init	8	static
../Core/Src/main.c:383:6:Error_Handler	4	static,ignoring_inline_asm
