Archive member included to satisfy reference by file (symbol)

/opt/st/stm32cubeide_2.0.0/plugins/com.st.stm32cube.ide.mcu.externaltools.gnu-tools-for-stm32.13.3.rel1.linux64_1.0.100.202509120712/tools/bin/../lib/gcc/arm-none-eabi/13.3.1/../../../../arm-none-eabi/lib/thumb/v8-m.main+dp/hard/libc_nano.a(libc_a-exit.o)
                              /opt/st/stm32cubeide_2.0.0/plugins/com.st.stm32cube.ide.mcu.externaltools.gnu-tools-for-stm32.13.3.rel1.linux64_1.0.100.202509120712/tools/bin/../lib/gcc/arm-none-eabi/13.3.1/../../../../arm-none-eabi/lib/thumb/v8-m.main+dp/hard/crt0.o (exit)
/opt/st/stm32cubeide_2.0.0/plugins/com.st.stm32cube.ide.mcu.externaltools.gnu-tools-for-stm32.13.3.rel1.linux64_1.0.100.202509120712/tools/bin/../lib/gcc/arm-none-eabi/13.3.1/../../../../arm-none-eabi/lib/thumb/v8-m.main+dp/hard/libc_nano.a(libc_a-findfp.o)
                              /opt/st/stm32cubeide_2.0.0/plugins/com.st.stm32cube.ide.mcu.externaltools.gnu-tools-for-stm32.13.3.rel1.linux64_1.0.100.202509120712/tools/bin/../lib/gcc/arm-none-eabi/13.3.1/../../../../arm-none-eabi/lib/thumb/v8-m.main+dp/hard/libc_nano.a(libc_a-exit.o) (__stdio_exit_handler)
/opt/st/stm32cubeide_2.0.0/plugins/com.st.stm32cube.ide.mcu.externaltools.gnu-tools-for-stm32.13.3.rel1.linux64_1.0.100.202509120712/tools/bin/../lib/gcc/arm-none-eabi/13.3.1/../../../../arm-none-eabi/lib/thumb/v8-m.main+dp/hard/libc_nano.a(libc_a-fwalk.o)
                              /opt/st/stm32cubeide_2.0.0/plugins/com.st.stm32cube.ide.mcu.externaltools.gnu-tools-for-stm32.13.3.rel1.linux64_1.0.100.202509120712/tools/bin/../lib/gcc/arm-none-eabi/13.3.1/../../../../arm-none-eabi/lib/thumb/v8-m.main+dp/hard/libc_nano.a(libc_a-findfp.o) (_fwalk_sglue)
/opt/st/stm32cubeide_2.0.0/plugins/com.st.stm32cube.ide.mcu.externaltools.gnu-tools-for-stm32.13.3.rel1.linux64_1.0.100.202509120712/tools/bin/../lib/gcc/arm-none-eabi/13.3.1/../../../../arm-none-eabi/lib/thumb/v8-m.main+dp/hard/libc_nano.a(libc_a-stdio.o)
                              /opt/st/stm32cubeide_2.0.0/plugins/com.st.stm32cube.ide.mcu.externaltools.gnu-tools-for-stm32.13.3.rel1.linux64_1.0.100.202509120712/tools/bin/../lib/gcc/arm-none-eabi/13.3.1/../../../../arm-none-eabi/lib/thumb/v8-m.main+dp/hard/libc_nano.a(libc_a-findfp.o) (__sread)
/opt/st/stm32cubeide_2.0.0/plugins/com.st.stm32cube.ide.mcu.externaltools.gnu-tools-for-stm32.13.3.rel1.linux64_1.0.100.202509120712/tools/bin/../lib/gcc/arm-none-eabi/13.3.1/../../../../arm-none-eabi/lib/thumb/v8-m.main+dp/hard/libc_nano.a(libc_a-memset.o)
                              /opt/st/stm32cubeide_2.0.0/plugins/com.st.stm32cube.ide.mcu.externaltools.gnu-tools-for-stm32.13.3.rel1.linux64_1.0.100.202509120712/tools/bin/../lib/gcc/arm-none-eabi/13.3.1/../../../../arm-none-eabi/lib/thumb/v8-m.main+dp/hard/crt0.o (memset)
/opt/st/stm32cubeide_2.0.0/plugins/com.st.stm32cube.ide.mcu.externaltools.gnu-tools-for-stm32.13.3.rel1.linux64_1.0.100.202509120712/tools/bin/../lib/gcc/arm-none-eabi/13.3.1/../../../../arm-none-eabi/lib/thumb/v8-m.main+dp/hard/libc_nano.a(libc_a-closer.o)
                              /opt/st/stm32cubeide_2.0.0/plugins/com.st.stm32cube.ide.mcu.externaltools.gnu-tools-for-stm32.13.3.rel1.linux64_1.0.100.202509120712/tools/bin/../lib/gcc/arm-none-eabi/13.3.1/../../../../arm-none-eabi/lib/thumb/v8-m.main+dp/hard/libc_nano.a(libc_a-stdio.o) (_close_r)
/opt/st/stm32cubeide_2.0.0/plugins/com.st.stm32cube.ide.mcu.externaltools.gnu-tools-for-stm32.13.3.rel1.linux64_1.0.100.202509120712/tools/bin/../lib/gcc/arm-none-eabi/13.3.1/../../../../arm-none-eabi/lib/thumb/v8-m.main+dp/hard/libc_nano.a(libc_a-reent.o)
                              /opt/st/stm32cubeide_2.0.0/plugins/com.st.stm32cube.ide.mcu.externaltools.gnu-tools-for-stm32.13.3.rel1.linux64_1.0.100.202509120712/tools/bin/../lib/gcc/arm-none-eabi/13.3.1/../../../../arm-none-eabi/lib/thumb/v8-m.main+dp/hard/libc_nano.a(libc_a-closer.o) (errno)
/opt/st/stm32cubeide_2.0.0/plugins/com.st.stm32cube.ide.mcu.externaltools.gnu-tools-for-stm32.13.3.rel1.linux64_1.0.100.202509120712/tools/bin/../lib/gcc/arm-none-eabi/13.3.1/../../../../arm-none-eabi/lib/thumb/v8-m.main+dp/hard/libc_nano.a(libc_a-impure.o)
                              /opt/st/stm32cubeide_2.0.0/plugins/com.st.stm32cube.ide.mcu.externaltools.gnu-tools-for-stm32.13.3.rel1.linux64_1.0.100.202509120712/tools/bin/../lib/gcc/arm-none-eabi/13.3.1/../../../../arm-none-eabi/lib/thumb/v8-m.main+dp/hard/libc_nano.a(libc_a-reent.o) (_impure_ptr)
/opt/st/stm32cubeide_2.0.0/plugins/com.st.stm32cube.ide.mcu.externaltools.gnu-tools-for-stm32.13.3.rel1.linux64_1.0.100.202509120712/tools/bin/../lib/gcc/arm-none-eabi/13.3.1/../../../../arm-none-eabi/lib/thumb/v8-m.main+dp/hard/libc_nano.a(libc_a-lseekr.o)
[...]
Memory Configuration

Name             Origin             Length             Attributes
ROM              0x34000400         0x0007fc00         xrw
RAM              0x34080000         0x00180000         xrw
*default*        0x00000000         0xffffffff

Linker script and memory map

LOAD /opt/st/stm32cubeide_2.0.0/plugins/com.st.stm32cube.ide.mcu.externaltools.gnu-tools-for-stm32.13.3.rel1.linux64_1.0.100.202509120712/tools/bin/../lib/gcc/arm-none-eabi/13.3.1/thumb/v8-m.main+dp/hard/crti.o
LOAD /opt/st/stm32cubeide_2.0.0/plugins/com.st.stm32cube.ide.mcu.externaltools.gnu-tools-for-stm32.13.3.rel1.linux64_1.0.100.202509120712/tools/bin/../lib/gcc/arm-none-eabi/13.3.1/thumb/v8-m.main+dp/hard/crtbegin.o
LOAD /opt/st/stm32cubeide_2.0.0/plugins/com.st.stm32cube.ide.mcu.externaltools.gnu-tools-for-stm32.13.3.rel1.linux64_1.0.100.202509120712/tools/bin/../lib/gcc/arm-none-eabi/13.3.1/../../../../arm-none-eabi/lib/thumb/v8-m.main+dp/hard/crt0.o
LOAD ./Core/Src/main.o
LOAD ./Core/Src/secure_nsc.o
LOAD ./Core/Src/stm32n6xx_hal_msp.o
LOAD ./Core/Src/stm32n6xx_it.o
LOAD ./Core/Src/sysmem.o
LOAD ./Core/Src/system_stm32n6xx_s.o
LOAD ./Core/Startup/startup_stm32n657x0hxq.o
LOAD ./Drivers/STM32N6xx_HAL_Driver/stm32n6xx_hal.o
LOAD ./Drivers/STM32N6xx_HAL_Driver/stm32n6xx_hal_cortex.o
LOAD ./Drivers/STM32N6xx_HAL_Driver/stm32n6xx_hal_dcmipp.o
LOAD ./Drivers/STM32N6xx_HAL_Driver/stm32n6xx_hal_dma.o
LOAD ./Drivers/STM32N6xx_HAL_Driver/stm32n6xx_hal_dma_ex.o
LOAD ./Drivers/STM32N6xx_HAL_Driver/stm32n6xx_hal_exti.o
LOAD ./Drivers/STM32N6xx_HAL_Driver/stm32n6xx_hal_gpio.o
LOAD ./Drivers/STM32N6xx_HAL_Driver/stm32n6xx_hal_pwr.o
LOAD ./Drivers/STM32N6xx_HAL_Driver/stm32n6xx_hal_pwr_ex.o
LOAD ./Drivers/STM32N6xx_HAL_Driver/stm32n6xx_hal_rcc.o
LOAD ./Drivers/STM32N6xx_HAL_Driver/stm32n6xx_hal_rcc_ex.o
LOAD ./Drivers/STM32N6xx_HAL_Driver/stm32n6xx_hal_uart.o
LOAD ./Drivers/STM32N6xx_HAL_Driver/stm32n6xx_hal_uart_ex.o
LOAD ./Drivers/STM32N6xx_HAL_Driver/stm32n6xx_hal_xspi.o
LOAD ./Drivers/STM32N6xx_HAL_Driver/stm32n6xx_ll_exti.o
LOAD ./Drivers/STM32N6xx_HAL_Driver/stm32n6xx_ll_rcc.o
LOAD ./Drivers/STM32N6xx_HAL_Driver/stm32n6xx_ll_utils.o
START GROUP
LOAD /opt/st/stm32cubeide_2.0.0/plugins/com.st.stm32cube.ide.mcu.externaltools.gnu-tools-for-stm32.13.3.rel1.linux64_1.0.100.202509120712/tools/bin/../lib/gcc/arm-none-eabi/13.3.1/../../../../arm-none-eabi/lib/thumb/v8-m.main+dp/hard/libc_nano.a
LOAD /opt/st/stm32cubeide_2.0.0/plugins/com.st.stm32cube.ide.mcu.externaltools.gnu-tools-for-stm32.13.3.rel1.linux64_1.0.100.202509120712/tools/bin/../lib/gcc/arm-none-eabi/13.3.1/../../../../arm-none-eabi/lib/thumb/v8-m.main+dp/hard/libm.a
END GROUP
START GROUP
LOAD /opt/st/stm32cubeide_2.0.0/plugins/com.st.stm32cube.ide.mcu.externaltools.gnu-tools-for-stm32.13.3.rel1.linux64_1.0.100.202509120712/tools/bin/../lib/gcc/arm-none-eabi/13.3.1/thumb/v8-m.main+dp/hard/libgcc.a
LOAD /opt/st/stm32cubeide_2.0.0/plugins/com.st.stm32cube.ide.mcu.externaltools.gnu-tools-for-stm32.13.3.rel1.linux64_1.0.100.202509120712/tools/bin/../lib/gcc/arm-none-eabi/13.3.1/../../../../arm-none-eabi/lib/thumb/v8-m.main+dp/hard/libc_nano.a
END GROUP
START GROUP
LOAD /opt/st/stm32cubeide_2.0.0/plugins/com.st.stm32cube.ide.mcu.externaltools.gnu-tools-for-stm32.13.3.rel1.linux64_1.0.100.202509120712/tools/bin/../lib/gcc/arm-none-eabi/13.3.1/thumb/v8-m.main+dp/hard/libgcc.a
LOAD /opt/st/stm32cubeide_2.0.0/plugins/com.st.stm32cube.ide.mcu.externaltools.gnu-tools-for-stm32.13.3.rel1.linux64_1.0.100.202509120712/tools/bin/../lib/gcc/arm-none-eabi/13.3.1/../../../../arm-none-eabi/lib/thumb/v8-m.main+dp/hard/libc_nano.a
LOAD /opt/st/stm32cubeide_2.0.0/plugins/com.st.stm32cube.ide.mcu.externaltools.gnu-tools-for-stm32.13.3.rel1.linux64_1.0.100.202509120712/tools/bin/../lib/gcc/arm-none-eabi/13.3.1/../../../../arm-none-eabi/lib/thumb/v8-m.main+dp/hard/libnosys.a
END GROUP
START GROUP
LOAD /opt/st/stm32cubeide_2.0.0/plugins/com.st.stm32cube.ide.mcu.externaltools.gnu-tools-for-stm32.13.3.rel1.linux64_1.0.100.202509120712/tools/bin/../lib/gcc/arm-none-eabi/13.3.1/thumb/v8-m.main+dp/hard/libgcc.a
LOAD /opt/st/stm32cubeide_2.0.0/plugins/com.st.stm32cube.ide.mcu.externaltools.gnu-tools-for-stm32.13.3.rel1.linux64_1.0.100.202509120712/tools/bin/../lib/gcc/arm-none-eabi/13.3.1/../../../../arm-none-eabi/lib/thumb/v8-m.main+dp/hard/libc_nano.a
LOAD /opt/st/stm32cubeide_2.0.0/plugins/com.st.stm32cube.ide.mcu.externaltools.gnu-tools-for-stm32.13.3.rel1.linux64_1.0.100.202509120712/tools/bin/../lib/gcc/arm-none-eabi/13.3.1/../../../../arm-none-eabi/lib/thumb/v8-m.main+dp/hard/libnosys.a
END GROUP
LOAD /opt/st/stm32cubeide_2.0.0/plugins/com.st.stm32cube.ide.mcu.externaltools.gnu-tools-for-stm32.13.3.rel1.linux64_1.0.100.202509120712/tools/bin/../lib/gcc/arm-none-eabi/13.3.1/thumb/v8-m.main+dp/hard/crtend.o
LOAD /opt/st/stm32cubeide_2.0.0/plugins/com.st.stm32cube.ide.mcu.externaltools.gnu-tools-for-stm32.13.3.rel1.linux64_1.0.100.202509120712/tools/bin/../lib/gcc/arm-none-eabi/13.3.1/thumb/v8-m.main+dp/hard/crtn.o
                0x34200000                        _estack = (ORIGIN (RAM) + LENGTH (RAM))
                0x341ff800                        _sstack = (_estack - _Min_Stack_Size)
                0x00000200                        _Min_Heap_Size = 0x200
                0x00000800                        _Min_Stack_Size = 0x800

.isr_vector     0x34000400      0x34c
                0x34000400                        . = ALIGN (0x4)
 *(.isr_vector)
 .isr_vector    0x34000400      0x34c ./Core/Startup/startup_stm32n657x0hxq.o
                0x34000400                g_pfnVectors
                0x3400074c                        . = ALIGN (0x4)

.text           0x3400074c     0xc154
                0x3400074c                        . = ALIGN (0x4)
 *(.text)
 .text          0x3400074c       0x40 /opt/st/stm32cubeide_2.0.0/plugins/com.st.stm32cube.ide.mcu.externaltools.gnu-tools-for-stm32.13.3.rel1.linux64_1.0.100.202509120712/tools/bin/../lib/gcc/arm-none-eabi/13.3.1/thumb/v8-m.main+dp/hard/crtbegin.o
 .text          0x3400078c       0x30 /opt/st/stm32cubeide_2.0.0/plugins/com.st.stm32cube.ide.mcu.externaltools.gnu-tools-for-stm32.13.3.rel1.linux64_1.0.100.202509120712/tools/bin/../lib/gcc/arm-none-eabi/13.3.1/thumb/v8-m.main+dp/hard/libgcc.a(_aeabi_uldivmod.o)
                0x3400078c                __aeabi_uldivmod
 .text          0x340007bc      0x348 /opt/st/stm32cubeide_2.0.0/plugins/com.st.stm32cube.ide.mcu.externaltools.gnu-tools-for-stm32.13.3.rel1.linux64_1.0.100.202509120712/tools/bin/../lib/gcc/arm-none-eabi/13.3.1/thumb/v8-m.main+dp/hard/libgcc.a(_udivmoddi4.o)
                0x340007bc                __udivmoddi4
 .text          0x34000b04        0x4 /opt/st/stm32cubeide_2.0.0/plugins/com.st.stm32cube.ide.mcu.externaltools.gnu-tools-for-stm32.13.3.rel1.linux64_1.0.100.202509120712/tools/bin/../lib/gcc/arm-none-eabi/13.3.1/thumb/v8-m.main+dp/hard/libgcc.a(_dvmd_tls.o)
                0x34000b04                __aeabi_ldiv0
                0x34000b04                __aeabi_idiv0
 *(.text*)
 .text.LL_AHB4_GRP1_EnableClock
                0x34000b08       0x2c ./Core/Src/main.o
 .text.main     0x34000b34       0x24 ./Core/Src/main.o
                0x34000b34                main
 .text.MX_DCMIPP_Init
                0x34000b58       0xf4 ./Core/Src/main.o
 .text.MX_USART1_UART_Init
                0x34000c4c       0x98 ./Core/Src/main.o
 .text.MX_VENC_Init
                0x34000ce4        0xe ./Core/Src/main.o
 *fill*         0x34000cf2        0x2 
 .text.MX_XSPI1_Init
                0x34000cf4       0xb4 ./Core/Src/main.o
 .text.MX_XSPI2_Init
                0x34000da8       0xb4 ./Core/Src/main.o
 .text.MX_GPIO_Init
                0x34000e5c       0x26 ./Core/Src/main.o
 .text.Error_Handler
                0x34000e82        0xc ./Core/Src/main.o
                0x34000e82                Error_Handler
 *fill*         0x34000e8e        0x2 
 .text.SECURE_RegisterCallback
                0x34000e90       0x54 ./Core/Src/secure_nsc.o
                0x34000e90                __acle_se_SECURE_RegisterCallback
 .text.LL_AHB4_GRP1_EnableClock
                0x34000ee4       0x2c ./Core/Src/stm32n6xx_hal_msp.o
 .text.LL_AHB5_GRP1_EnableClock
                0x34000f10       0x2c ./Core/Src/stm32n6xx_hal_msp.o
 .text.LL_APB2_GRP1_EnableClock
                0x34000f3c       0x2c ./Core/Src/stm32n6xx_hal_msp.o
 .text.LL_APB5_GRP1_EnableClock
                0x34000f68       0x2c ./Core/Src/stm32n6xx_hal_msp.o
 .text.LL_APB5_GRP1_ForceReset
                0x34000f94       0x20 ./Core/Src/stm32n6xx_hal_msp.o
 .text.LL_APB5_GRP1_ReleaseReset
                0x34000fb4       0x28 ./Core/Src/stm32n6xx_hal_msp.o
 .text.HAL_MspInit
                0x34000fdc       0x18 ./Core/Src/stm32n6xx_hal_msp.o
                0x34000fdc                HAL_MspInit
 .text.HAL_DCMIPP_MspInit
                0x34000ff4       0xd4 ./Core/Src/stm32n6xx_hal_msp.o
                0x34000ff4                HAL_DCMIPP_MspInit
 .text.HAL_UART_MspInit
                0x340010c8       0xcc ./Core/Src/stm32n6xx_hal_msp.o
                0x340010c8                HAL_UART_MspInit
 .text.HAL_XSPI_MspInit
                0x34001194      0x1d0 ./Core/Src/stm32n6xx_hal_msp.o
                0x34001194                HAL_XSPI_MspInit
 .text.NMI_Handler
                0x34001364        0x8 ./Core/Src/stm32n6xx_it.o
                0x34001364                NMI_Handler
 .text.HardFault_Handler
                0x3400136c        0x8 ./Core/Src/stm32n6xx_it.o
                0x3400136c                HardFault_Handler
 .text.MemManage_Handler
                0x34001374        0x8 ./Core/Src/stm32n6xx_it.o
                0x34001374                MemManage_Handler
 .text.BusFault_Handler
                0x3400137c        0x8 ./Core/Src/stm32n6xx_it.o
                0x3400137c                BusFault_Handler
 .text.UsageFault_Handler
                0x34001384        0x8 ./Core/Src/stm32n6xx_it.o
                0x34001384                UsageFault_Handler
 .text.SecureFault_Handler
                0x3400138c        0x8 ./Core/Src/stm32n6xx_it.o
                0x3400138c                SecureFault_Handler
 .text.SVC_Handler
                0x34001394        0xe ./Core/Src/stm32n6xx_it.o
                0x34001394                SVC_Handler
 .text.DebugMon_Handler
                0x340013a2        0xe ./Core/Src/stm32n6xx_it.o
                0x340013a2                DebugMon_Handler
 .text.PendSV_Handler
                0x340013b0        0xe ./Core/Src/stm32n6xx_it.o
                0x340013b0                PendSV_Handler
 .text.SysTick_Handler
                0x340013be        0xc ./Core/Src/stm32n6xx_it.o
                0x340013be                SysTick_Handler
 *fill*         0x340013ca        0x2 
 .text.DCMIPP_IRQHandler
                0x340013cc       0x14 ./Core/Src/stm32n6xx_it.o
                0x340013cc                DCMIPP_IRQHandler
 .text.CSI_IRQHandler
                0x340013e0       0x14 ./Core/Src/stm32n6xx_it.o
                0x340013e0                CSI_IRQHandler
 .text.TZ_SAU_Setup
                0x340013f4       0x74 ./Core/Src/system_stm32n6xx_s.o
 .text.SystemInit
                0x34001468       0x70 ./Core/Src/system_stm32n6xx_s.o
                0x34001468                SystemInit
 .text.SystemCoreClockUpdate
                0x340014d8      0x350 ./Core/Src/system_stm32n6xx_s.o
                0x340014d8                SystemCoreClockUpdate
 .text.SECURE_SystemCoreClockUpdate
                0x34001828       0x2c ./Core/Src/system_stm32n6xx_s.o
                0x34001828                __acle_se_SECURE_SystemCoreClockUpdate
 .text.Reset_Handler
                0x34001854       0x5c ./Core/Startup/startup_stm32n657x0hxq.o
                0x34001854                Reset_Handler
 .text.Default_Handler
                0x340018b0        0x2 ./Core/Startup/startup_stm32n657x0hxq.o
                0x340018b0                HPDMA1_Channel13_IRQHandler
                0x340018b0                EXTI2_IRQHandler
                0x340018b0                MCE2_IRQHandler
                0x340018b0                TIM8_CC_IRQHandler
                0x340018b0                USB2_OTG_HS_IRQHandler
                0x340018b0                SAI1_A_IRQHandler
                0x340018b0                EXTI5_IRQHandler
                0x340018b0                I3C1_ER_IRQHandler
                0x340018b0                UART8_IRQHandler
                0x340018b0                CTI_INT0_IRQHandler
                0x340018b0                SPI4_IRQHandler
                0x340018b0                LTDC_LO_IRQHandler
                0x340018b0                NPU2_IRQHandler
                0x340018b0                FDCAN3_IT0_IRQHandler
                0x340018b0                EXTI13_IRQHandler
                0x340018b0                TIM1_CC_IRQHandler
                0x340018b0                XSPI1_IRQHandler
                0x340018b0                TIM10_IRQHandler
                0x340018b0                JPEG_IRQHandler
                0x340018b0                TAMP_IRQHandler
                0x340018b0                CACHE_ECC_IRQHandler
                0x340018b0                TIM6_IRQHandler
                0x340018b0                EXTI12_IRQHandler
                0x340018b0                GFXTIM_IRQHandler
                0x340018b0                EXTI3_IRQHandler
                0x340018b0                LPTIM4_IRQHandler
                0x340018b0                GPDMA1_Channel5_IRQHandler
                0x340018b0                EXTI8_IRQHandler
                0x340018b0                LPTIM2_IRQHandler
                0x340018b0                GFXMMU_IRQHandler
                0x340018b0                LTDC_LO_ERR_IRQHandler
                0x340018b0                I2C3_ER_IRQHandler
                0x340018b0                RIFSC_TAMPER_IRQHandler
                0x340018b0                USART10_IRQHandler
                0x340018b0                MDF1_FLT2_IRQHandler
                0x340018b0                LPTIM3_IRQHandler
                0x340018b0                SAI2_A_IRQHandler
                0x340018b0                EXTI0_IRQHandler
                0x340018b0                HPDMA1_Channel9_IRQHandler
                0x340018b0                I2C2_EV_IRQHandler
                0x340018b0                GPU2D_IRQHandler
                0x340018b0                FPU_IRQHandler
                0x340018b0                GPDMA1_Channel3_IRQHandler
                0x340018b0                GPDMA1_Channel7_IRQHandler
                0x340018b0                MDF1_FLT4_IRQHandler
                0x340018b0                FDCAN1_IT1_IRQHandler
                0x340018b0                HPDMA1_Channel3_IRQHandler
                0x340018b0                ADC1_2_IRQHandler
                0x340018b0                GPDMA1_Channel9_IRQHandler
                0x340018b0                SPI1_IRQHandler
                0x340018b0                CACHEAXI_IRQHandler
                0x340018b0                SAI1_B_IRQHandler
                0x340018b0                GPDMA1_Channel2_IRQHandler
                0x340018b0                PAHB_ERR_IRQHandler
                0x340018b0                TIM8_UP_IRQHandler
                0x340018b0                RCC_S_IRQHandler
                0x340018b0                MDF1_FLT1_IRQHandler
                0x340018b0                LTDC_UP_IRQHandler
                0x340018b0                LOCKUP_IRQHandler
                0x340018b0                PKA_IRQHandler
                0x340018b0                USART6_IRQHandler
                0x340018b0                HPDMA1_Channel2_IRQHandler
                0x340018b0                MDF1_FLT5_IRQHandler
                0x340018b0                MCE4_IRQHandler
                0x340018b0                I3C2_ER_IRQHandler
                0x340018b0                EXTI15_IRQHandler
                0x340018b0                TIM17_IRQHandler
                0x340018b0                USART3_IRQHandler
                0x340018b0                HPDMA1_Channel6_IRQHandler
                0x340018b0                CRYP_IRQHandler
                0x340018b0                RTC_IRQHandler
                0x340018b0                XSPI2_IRQHandler
                0x340018b0                EXTI9_IRQHandler
                0x340018b0                IAC_IRQHandler
                0x340018b0                HPDMA1_Channel0_IRQHandler
                0x340018b0                LPTIM5_IRQHandler
                0x340018b0                HPDMA1_Channel1_IRQHandler
                0x340018b0                UART5_IRQHandler
                0x340018b0                TIM4_IRQHandler
                0x340018b0                NPU3_IRQHandler
                0x340018b0                I3C2_EV_IRQHandler
                0x340018b0                I2C1_EV_IRQHandler
                0x340018b0                FDCAN_CU_IRQHandler
                0x340018b0                GPDMA1_Channel12_IRQHandler
                0x340018b0                HPDMA1_Channel7_IRQHandler
                0x340018b0                GPDMA1_Channel1_IRQHandler
                0x340018b0                TIM16_IRQHandler
                0x340018b0                GPDMA1_Channel15_IRQHandler
                0x340018b0                UART4_IRQHandler
                0x340018b0                TCM_ECC_IRQHandler
                0x340018b0                TIM3_IRQHandler
                0x340018b0                RCC_IRQHandler
                0x340018b0                UART9_IRQHandler
                0x340018b0                NPU1_IRQHandler
                0x340018b0                SAI2_B_IRQHandler
                0x340018b0                Default_Handler
                0x340018b0                GPDMA1_Channel8_IRQHandler
                0x340018b0                HPDMA1_Channel8_IRQHandler
                0x340018b0                TIM18_IRQHandler
                0x340018b0                TIM14_IRQHandler
                0x340018b0                TIM13_IRQHandler
                0x340018b0                CTI_INT1_IRQHandler
                0x340018b0                GPDMA1_Channel11_IRQHandler
                0x340018b0                GPU2D_ER_IRQHandler
                0x340018b0                SPI5_IRQHandler
                0x340018b0                TIM12_IRQHandler
                0x340018b0                TIM7_IRQHandler
                0x340018b0                FDCAN3_IT1_IRQHandler
                0x340018b0                HPDMA1_Channel10_IRQHandler
                0x340018b0                SDMMC1_IRQHandler
                0x340018b0                SAES_IRQHandler
                0x340018b0                TIM5_IRQHandler
                0x340018b0                UCPD1_IRQHandler
                0x340018b0                GPDMA1_Channel0_IRQHandler
                0x340018b0                I3C1_EV_IRQHandler
                0x340018b0                HPDMA1_Channel5_IRQHandler
                0x340018b0                TIM15_IRQHandler
                0x340018b0                I2C3_EV_IRQHandler
                0x340018b0                HPDMA1_Channel4_IRQHandler
                0x340018b0                HPDMA1_Channel15_IRQHandler
                0x340018b0                TIM9_IRQHandler
                0x340018b0                ETH1_IRQHandler
                0x340018b0                USB1_OTG_HS_IRQHandler
                0x340018b0                PVD_PVM_IRQHandler
                0x340018b0                SPI2_IRQHandler
                0x340018b0                TIM1_TRG_CCU_IRQHandler
                0x340018b0                HPDMA1_Channel11_IRQHandler
                0x340018b0                EXTI14_IRQHandler
                0x340018b0                EXTI11_IRQHandler
                0x340018b0                VENC_IRQHandler
                0x340018b0                GPDMA1_Channel14_IRQHandler
                0x340018b0                EXTI4_IRQHandler
                0x340018b0                RTC_S_IRQHandler
                0x340018b0                GPDMA1_Channel13_IRQHandler
                0x340018b0                RNG_IRQHandler
                0x340018b0                XSPI3_IRQHandler
                0x340018b0                FDCAN2_IT1_IRQHandler
                0x340018b0                TIM1_UP_IRQHandler
                0x340018b0                NPU0_IRQHandler
                0x340018b0                BCK_ECC_IRQHandler
                0x340018b0                WWDG_IRQHandler
                0x340018b0                SPI6_IRQHandler
                0x340018b0                MDIOS_IRQHandler
                0x340018b0                I2C4_EV_IRQHandler
                0x340018b0                FDCAN2_IT0_IRQHandler
                0x340018b0                IWDG_IRQHandler
                0x340018b0                HPDMA1_Channel14_IRQHandler
                0x340018b0                LPUART1_IRQHandler
                0x340018b0                FDCAN1_IT0_IRQHandler
                0x340018b0                MDF1_FLT0_IRQHandler
                0x340018b0                TIM2_IRQHandler
                0x340018b0                MCE3_IRQHandler
                0x340018b0                GPDMA1_Channel4_IRQHandler
                0x340018b0                EXTI7_IRQHandler
                0x340018b0                DMA2D_IRQHandler
                0x340018b0                TIM1_BRK_IRQHandler
                0x340018b0                EXTI1_IRQHandler
                0x340018b0                SDMMC2_IRQHandler
                0x340018b0                TIM11_IRQHandler
                0x340018b0                LTDC_UP_ERR_IRQHandler
                0x340018b0                UART7_IRQHandler
                0x340018b0                DTS_IRQHandler
                0x340018b0                MDF1_FLT3_IRQHandler
                0x340018b0                USART2_IRQHandler
                0x340018b0                GPDMA1_Channel6_IRQHandler
                0x340018b0                ADF1_FLT0_IRQHandler
                0x340018b0                I2C2_ER_IRQHandler
                0x340018b0                MCE1_IRQHandler
                0x340018b0                SPDIFRX_IRQHandler
                0x340018b0                TIM8_BRK_IRQHandler
                0x340018b0                HPDMA1_Channel12_IRQHandler
                0x340018b0                USART1_IRQHandler
                0x340018b0                EXTI10_IRQHandler
                0x340018b0                SPI3_IRQHandler
                0x340018b0                WAKEUP_PIN_IRQHandler
                0x340018b0                I2C1_ER_IRQHandler
                0x340018b0                FMC_IRQHandler
                0x340018b0                EXTI6_IRQHandler
                0x340018b0                LPTIM1_IRQHandler
                0x340018b0                DCMI_PSSI_IRQHandler
                0x340018b0                TIM8_TRG_CCU_IRQHandler
                0x340018b0                I2C4_ER_IRQHandler
                0x340018b0                GPDMA1_Channel10_IRQHandler
                0x340018b0                ICACHE_IRQHandler
                0x340018b0                HASH_IRQHandler
 .text.HAL_Init
                0x340018b2       0x28 ./Drivers/STM32N6xx_HAL_Driver/stm32n6xx_hal.o
                0x340018b2                HAL_Init
 *fill*         0x340018da        0x2 
 .text.HAL_InitTick
                0x340018dc       0x6c ./Drivers/STM32N6xx_HAL_Driver/stm32n6xx_hal.o
                0x340018dc                HAL_InitTick
 .text.HAL_IncTick
                0x34001948       0x28 ./Drivers/STM32N6xx_HAL_Driver/stm32n6xx_hal.o
                0x34001948                HAL_IncTick
 .text.HAL_GetTick
                0x34001970       0x18 ./Drivers/STM32N6xx_HAL_Driver/stm32n6xx_hal.o
                0x34001970                HAL_GetTick
 .text.HAL_Delay
                0x34001988       0x48 ./Drivers/STM32N6xx_HAL_Driver/stm32n6xx_hal.o
                0x34001988                HAL_Delay
 .text.__NVIC_SetPriorityGrouping
                0x340019d0       0x48 ./Drivers/STM32N6xx_HAL_Driver/stm32n6xx_hal_cortex.o
 .text.__NVIC_GetPriorityGrouping
                0x34001a18       0x1c ./Drivers/STM32N6xx_HAL_Driver/stm32n6xx_hal_cortex.o
 .text.__NVIC_EnableIRQ
                0x34001a34       0x3c ./Drivers/STM32N6xx_HAL_Driver/stm32n6xx_hal_cortex.o
 .text.__NVIC_SetPriority
                0x34001a70       0x54 ./Drivers/STM32N6xx_HAL_Driver/stm32n6xx_hal_cortex.o
 .text.NVIC_EncodePriority
                0x34001ac4       0x66 ./Drivers/STM32N6xx_HAL_Driver/stm32n6xx_hal_cortex.o
 *fill*         0x34001b2a        0x2 
 .text.SysTick_Config
                0x34001b2c       0x44 ./Drivers/STM32N6xx_HAL_Driver/stm32n6xx_hal_cortex.o
 .text.HAL_NVIC_SetPriorityGrouping
                0x34001b70       0x16 ./Drivers/STM32N6xx_HAL_Driver/stm32n6xx_hal_cortex.o
                0x34001b70                HAL_NVIC_SetPriorityGrouping
 .text.HAL_NVIC_SetPriority
                0x34001b86       0x3a ./Drivers/STM32N6xx_HAL_Driver/stm32n6xx_hal_cortex.o
                0x34001b86                HAL_NVIC_SetPriority
 .text.HAL_NVIC_EnableIRQ
                0x34001bc0       0x1c ./Drivers/STM32N6xx_HAL_Driver/stm32n6xx_hal_cortex.o
                0x34001bc0                HAL_NVIC_EnableIRQ
 .text.HAL_SYSTICK_Config
                0x34001bdc       0x18 ./Drivers/STM32N6xx_HAL_Driver/stm32n6xx_hal_cortex.o
                0x34001bdc                HAL_SYSTICK_Config
 .text.HAL_DCMIPP_Init
                0x34001bf4       0x5c ./Drivers/STM32N6xx_HAL_Driver/stm32n6xx_hal_dcmipp.o
                0x34001bf4                HAL_DCMIPP_Init
 .text.HAL_DCMIPP_CSI_SetConfig
                0x34001c50      0x2c8 ./Drivers/STM32N6xx_HAL_Driver/stm32n6xx_hal_dcmipp.o
                0x34001c50                HAL_DCMIPP_CSI_SetConfig
 .text.HAL_DCMIPP_CSI_PIPE_SetConfig
                0x34001f18      0x140 ./Drivers/STM32N6xx_HAL_Driver/stm32n6xx_hal_dcmipp.o
                0x34001f18                HAL_DCMIPP_CSI_PIPE_SetConfig
 .text.HAL_DCMIPP_CSI_SetVCConfig
                0x34002058       0x84 ./Drivers/STM32N6xx_HAL_Driver/stm32n6xx_hal_dcmipp.o
                0x34002058                HAL_DCMIPP_CSI_SetVCConfig
 .text.HAL_DCMIPP_PIPE_SetConfig
                0x340020dc       0x8a ./Drivers/STM32N6xx_HAL_Driver/stm32n6xx_hal_dcmipp.o
                0x340020dc                HAL_DCMIPP_PIPE_SetConfig
 .text.HAL_DCMIPP_IRQHandler
                0x34002166      0x3c8 ./Drivers/STM32N6xx_HAL_Driver/stm32n6xx_hal_dcmipp.o
                0x34002166                HAL_DCMIPP_IRQHandler
 *fill*         0x3400252e        0x2 
 .text.HAL_DCMIPP_CSI_IRQHandler
                0x34002530      0x954 ./Drivers/STM32N6xx_HAL_Driver/stm32n6xx_hal_dcmipp.o
                0x34002530                HAL_DCMIPP_CSI_IRQHandler
 .text.HAL_DCMIPP_PIPE_FrameEventCallback
                0x34002e84       0x16 ./Drivers/STM32N6xx_HAL_Driver/stm32n6xx_hal_dcmipp.o
                0x34002e84                HAL_DCMIPP_PIPE_FrameEventCallback
 .text.HAL_DCMIPP_PIPE_VsyncEventCallback
                0x34002e9a       0x16 ./Drivers/STM32N6xx_HAL_Driver/stm32n6xx_hal_dcmipp.o
                0x34002e9a                HAL_DCMIPP_PIPE_VsyncEventCallback
 .text.HAL_DCMIPP_PIPE_LineEventCallback
                0x34002eb0       0x16 ./Drivers/STM32N6xx_HAL_Driver/stm32n6xx_hal_dcmipp.o
                0x34002eb0                HAL_DCMIPP_PIPE_LineEventCallback
 .text.HAL_DCMIPP_PIPE_LimitEventCallback
                0x34002ec6       0x16 ./Drivers/STM32N6xx_HAL_Driver/stm32n6xx_hal_dcmipp.o
                0x34002ec6                HAL_DCMIPP_PIPE_LimitEventCallback
 .text.HAL_DCMIPP_PIPE_ErrorCallback
                0x34002edc       0x16 ./Drivers/STM32N6xx_HAL_Driver/stm32n6xx_hal_dcmipp.o
                0x34002edc                HAL_DCMIPP_PIPE_ErrorCallback
 .text.HAL_DCMIPP_ErrorCallback
                0x34002ef2       0x14 ./Drivers/STM32N6xx_HAL_Driver/stm32n6xx_hal_dcmipp.o
                0x34002ef2                HAL_DCMIPP_ErrorCallback
 .text.HAL_DCMIPP_CSI_LineErrorCallback
                0x34002f06       0x16 ./Drivers/STM32N6xx_HAL_Driver/stm32n6xx_hal_dcmipp.o
                0x34002f06                HAL_DCMIPP_CSI_LineErrorCallback
 .text.HAL_DCMIPP_CSI_ClockChangerFifoFullEventCallback
                0x34002f1c       0x14 ./Drivers/STM32N6xx_HAL_Driver/stm32n6xx_hal_dcmipp.o
                0x34002f1c                HAL_DCMIPP_CSI_ClockChangerFifoFullEventCallback
 .text.HAL_DCMIPP_CSI_ShortPacketDetectionEventCallback
                0x34002f30       0x14 ./Drivers/STM32N6xx_HAL_Driver/stm32n6xx_hal_dcmipp.o
                0x34002f30                HAL_DCMIPP_CSI_ShortPacketDetectionEventCallback
 .text.HAL_DCMIPP_CSI_EndOfFrameEventCallback
                0x34002f44       0x16 ./Drivers/STM32N6xx_HAL_Driver/stm32n6xx_hal_dcmipp.o
                0x34002f44                HAL_DCMIPP_CSI_EndOfFrameEventCallback
 .text.HAL_DCMIPP_CSI_StartOfFrameEventCallback
                0x34002f5a       0x16 ./Drivers/STM32N6xx_HAL_Driver/stm32n6xx_hal_dcmipp.o
                0x34002f5a                HAL_DCMIPP_CSI_StartOfFrameEventCallback
 .text.HAL_DCMIPP_CSI_TimerCounterEventCallback
                0x34002f70       0x16 ./Drivers/STM32N6xx_HAL_Driver/stm32n6xx_hal_dcmipp.o
                0x34002f70                HAL_DCMIPP_CSI_TimerCounterEventCallback
 .text.HAL_DCMIPP_CSI_LineByteEventCallback
                0x34002f86       0x16 ./Drivers/STM32N6xx_HAL_Driver/stm32n6xx_hal_dcmipp.o
                0x34002f86                HAL_DCMIPP_CSI_LineByteEventCallback
 .text.Pipe_Config
                0x34002f9c      0x13e ./Drivers/STM32N6xx_HAL_Driver/stm32n6xx_hal_dcmipp.o
 .text.DCMIPP_CSI_WritePHYReg
                0x340030da      0x134 ./Drivers/STM32N6xx_HAL_Driver/stm32n6xx_hal_dcmipp.o
 *fill*         0x3400320e        0x2 
 .text.HAL_GPIO_Init
                0x34003210      0x364 ./Drivers/STM32N6xx_HAL_Driver/stm32n6xx_hal_gpio.o
                0x34003210                HAL_GPIO_Init
 .text.HAL_PWREx_EnableVddIO2
                0x34003574       0x20 ./Drivers/STM32N6xx_HAL_Driver/stm32n6xx_hal_pwr_ex.o
                0x34003574                HAL_PWREx_EnableVddIO2
 .text.HAL_PWREx_EnableVddIO3
                0x34003594       0x20 ./Drivers/STM32N6xx_HAL_Driver/stm32n6xx_hal_pwr_ex.o
                0x34003594                HAL_PWREx_EnableVddIO3
 .text.HAL_PWREx_EnableVddIO4
                0x340035b4       0x20 ./Drivers/STM32N6xx_HAL_Driver/stm32n6xx_hal_pwr_ex.o
                0x340035b4                HAL_PWREx_EnableVddIO4
 .text.HAL_PWREx_EnableVddIO5
                0x340035d4       0x20 ./Drivers/STM32N6xx_HAL_Driver/stm32n6xx_hal_pwr_ex.o
                0x340035d4                HAL_PWREx_EnableVddIO5
 .text.LL_RCC_HSI_GetDivider
                0x340035f4       0x1c ./Drivers/STM32N6xx_HAL_Driver/stm32n6xx_hal_rcc.o
 .text.LL_RCC_GetSysClkSource
                0x34003610       0x1c ./Drivers/STM32N6xx_HAL_Driver/stm32n6xx_hal_rcc.o
 .text.LL_RCC_IC2_GetSource
                0x3400362c       0x1c ./Drivers/STM32N6xx_HAL_Driver/stm32n6xx_hal_rcc.o
 .text.LL_RCC_IC2_GetDivider
                0x34003648       0x20 ./Drivers/STM32N6xx_HAL_Driver/stm32n6xx_hal_rcc.o
 .text.HAL_RCC_GetSysClockFreq
                0x34003668       0x1e ./Drivers/STM32N6xx_HAL_Driver/stm32n6xx_hal_rcc.o
                0x34003668                HAL_RCC_GetSysClockFreq
 *fill*         0x34003686        0x2 
 .text.RCC_GetSysClockFreq
                0x34003688      0x104 ./Drivers/STM32N6xx_HAL_Driver/stm32n6xx_hal_rcc.o
 .text.LL_RCC_HSE_SelectHSEAsDiv2Clock
                0x3400378c       0x20 ./Drivers/STM32N6xx_HAL_Driver/stm32n6xx_hal_rcc_ex.o
 .text.LL_RCC_HSE_SelectHSEDiv2AsDiv2Clock
                0x340037ac       0x20 ./Drivers/STM32N6xx_HAL_Driver/stm32n6xx_hal_rcc_ex.o
 .text.LL_RCC_HSE_IsSelectedHSEDiv2AsDiv2Clock
                0x340037cc       0x24 ./Drivers/STM32N6xx_HAL_Driver/stm32n6xx_hal_rcc_ex.o
 .text.LL_RCC_HSE_IsReady
                0x340037f0       0x24 ./Drivers/STM32N6xx_HAL_Driver/stm32n6xx_hal_rcc_ex.o
 .text.LL_RCC_HSI_IsReady
                0x34003814       0x24 ./Drivers/STM32N6xx_HAL_Driver/stm32n6xx_hal_rcc_ex.o
 .text.LL_RCC_HSI_GetDivider
                0x34003838       0x1c ./Drivers/STM32N6xx_HAL_Driver/stm32n6xx_hal_rcc_ex.o
 .text.LL_RCC_MSI_IsReady
                0x34003854       0x24 ./Drivers/STM32N6xx_HAL_Driver/stm32n6xx_hal_rcc_ex.o
 .text.LL_RCC_MSI_GetFrequency
                0x34003878       0x1c ./Drivers/STM32N6xx_HAL_Driver/stm32n6xx_hal_rcc_ex.o
 .text.LL_RCC_LSE_IsReady
                0x34003894       0x24 ./Drivers/STM32N6xx_HAL_Driver/stm32n6xx_hal_rcc_ex.o
 .text.LL_RCC_LSI_IsReady
                0x340038b8       0x1c ./Drivers/STM32N6xx_HAL_Driver/stm32n6xx_hal_rcc_ex.o
 .text.LL_RCC_GetAHBPrescaler
                0x340038d4       0x1c ./Drivers/STM32N6xx_HAL_Driver/stm32n6xx_hal_rcc_ex.o
 .text.LL_RCC_GetAPB1Prescaler
                0x340038f0       0x1c ./Drivers/STM32N6xx_HAL_Driver/stm32n6xx_hal_rcc_ex.o
 .text.LL_RCC_GetAPB2Prescaler
                0x3400390c       0x1c ./Drivers/STM32N6xx_HAL_Driver/stm32n6xx_hal_rcc_ex.o
 .text.LL_RCC_GetAPB4Prescaler
                0x34003928       0x1c ./Drivers/STM32N6xx_HAL_Driver/stm32n6xx_hal_rcc_ex.o
 .text.LL_RCC_GetAPB5Prescaler
                0x34003944       0x1c ./Drivers/STM32N6xx_HAL_Driver/stm32n6xx_hal_rcc_ex.o
 .text.LL_RCC_SetClockSource
                0x34003960       0x54 ./Drivers/STM32N6xx_HAL_Driver/stm32n6xx_hal_rcc_ex.o
 .text.LL_RCC_GetADCPrescaler
                0x340039b4       0x1c ./Drivers/STM32N6xx_HAL_Driver/stm32n6xx_hal_rcc_ex.o
 .text.LL_RCC_SetADFClockSource
                0x340039d0       0x2c ./Drivers/STM32N6xx_HAL_Driver/stm32n6xx_hal_rcc_ex.o
 .text.LL_RCC_SetCLKPClockSource
                0x340039fc       0x2c ./Drivers/STM32N6xx_HAL_Driver/stm32n6xx_hal_rcc_ex.o
 .text.LL_RCC_SetDCMIPPClockSource
                0x34003a28       0x2c ./Drivers/STM32N6xx_HAL_Driver/stm32n6xx_hal_rcc_ex.o
 .text.LL_RCC_SetETHClockSource
                0x34003a54       0x2c ./Drivers/STM32N6xx_HAL_Driver/stm32n6xx_hal_rcc_ex.o
 .text.LL_RCC_SetETHPHYInterface
                0x34003a80       0x2c ./Drivers/STM32N6xx_HAL_Driver/stm32n6xx_hal_rcc_ex.o
 .text.LL_RCC_GetETH1PTPDivider
                0x34003aac       0x1c ./Drivers/STM32N6xx_HAL_Driver/stm32n6xx_hal_rcc_ex.o
 .text.LL_RCC_SetETHREFRXClockSource
                0x34003ac8       0x2c ./Drivers/STM32N6xx_HAL_Driver/stm32n6xx_hal_rcc_ex.o
 .text.LL_RCC_SetETHREFTXClockSource
                0x34003af4       0x2c ./Drivers/STM32N6xx_HAL_Driver/stm32n6xx_hal_rcc_ex.o
 .text.LL_RCC_SetFDCANClockSource
                0x34003b20       0x2c ./Drivers/STM32N6xx_HAL_Driver/stm32n6xx_hal_rcc_ex.o
 .text.LL_RCC_SetFMCClockSource
                0x34003b4c       0x2c ./Drivers/STM32N6xx_HAL_Driver/stm32n6xx_hal_rcc_ex.o
 .text.LL_RCC_SetI2CClockSource
                0x34003b78       0x16 ./Drivers/STM32N6xx_HAL_Driver/stm32n6xx_hal_rcc_ex.o
 .text.LL_RCC_SetI3CClockSource
                0x34003b8e       0x16 ./Drivers/STM32N6xx_HAL_Driver/stm32n6xx_hal_rcc_ex.o
 .text.LL_RCC_SetLPTIMClockSource
                0x34003ba4       0x16 ./Drivers/STM32N6xx_HAL_Driver/stm32n6xx_hal_rcc_ex.o
 *fill*         0x34003bba        0x2 
 .text.LL_RCC_SetLPUARTClockSource
                0x34003bbc       0x2c ./Drivers/STM32N6xx_HAL_Driver/stm32n6xx_hal_rcc_ex.o
 .text.LL_RCC_SetLTDCClockSource
                0x34003be8       0x2c ./Drivers/STM32N6xx_HAL_Driver/stm32n6xx_hal_rcc_ex.o
 .text.LL_RCC_SetMDFClockSource
                0x34003c14       0x2c ./Drivers/STM32N6xx_HAL_Driver/stm32n6xx_hal_rcc_ex.o
 .text.LL_RCC_SetOTGPHYClockSource
                0x34003c40       0x16 ./Drivers/STM32N6xx_HAL_Driver/stm32n6xx_hal_rcc_ex.o
 .text.LL_RCC_SetOTGPHYCKREFClockSource
                0x34003c56       0x16 ./Drivers/STM32N6xx_HAL_Driver/stm32n6xx_hal_rcc_ex.o
 .text.LL_RCC_SetPSSIClockSource
                0x34003c6c       0x2c ./Drivers/STM32N6xx_HAL_Driver/stm32n6xx_hal_rcc_ex.o
 .text.LL_RCC_SetSAIClockSource
                0x34003c98       0x16 ./Drivers/STM32N6xx_HAL_Driver/stm32n6xx_hal_rcc_ex.o
 .text.LL_RCC_SetSDMMCClockSource
                0x34003cae       0x16 ./Drivers/STM32N6xx_HAL_Driver/stm32n6xx_hal_rcc_ex.o
 .text.LL_RCC_SetSPDIFRXClockSource
                0x34003cc4       0x2c ./Drivers/STM32N6xx_HAL_Driver/stm32n6xx_hal_rcc_ex.o
 .text.LL_RCC_SetSPIClockSource
                0x34003cf0       0x16 ./Drivers/STM32N6xx_HAL_Driver/stm32n6xx_hal_rcc_ex.o
 .text.LL_RCC_SetUSARTClockSource
                0x34003d06       0x16 ./Drivers/STM32N6xx_HAL_Driver/stm32n6xx_hal_rcc_ex.o
 .text.LL_RCC_SetXSPIClockSource
                0x34003d1c       0x16 ./Drivers/STM32N6xx_HAL_Driver/stm32n6xx_hal_rcc_ex.o
 *fill*         0x34003d32        0x2 
 .text.LL_RCC_GetClockSource
                0x34003d34       0x4c ./Drivers/STM32N6xx_HAL_Driver/stm32n6xx_hal_rcc_ex.o
 .text.LL_RCC_GetADCClockSource
                0x34003d80       0x24 ./Drivers/STM32N6xx_HAL_Driver/stm32n6xx_hal_rcc_ex.o
 .text.LL_RCC_GetADFClockSource
                0x34003da4       0x24 ./Drivers/STM32N6xx_HAL_Driver/stm32n6xx_hal_rcc_ex.o
 .text.LL_RCC_GetCLKPClockSource
                0x34003dc8       0x24 ./Drivers/STM32N6xx_HAL_Driver/stm32n6xx_hal_rcc_ex.o
 .text.LL_RCC_GetDCMIPPClockSource
                0x34003dec       0x24 ./Drivers/STM32N6xx_HAL_Driver/stm32n6xx_hal_rcc_ex.o
 .text.LL_RCC_GetETHClockSource
                0x34003e10       0x24 ./Drivers/STM32N6xx_HAL_Driver/stm32n6xx_hal_rcc_ex.o
 .text.LL_RCC_GetETHPTPClockSource
                0x34003e34       0x24 ./Drivers/STM32N6xx_HAL_Driver/stm32n6xx_hal_rcc_ex.o
 .text.LL_RCC_GetFDCANClockSource
                0x34003e58       0x24 ./Drivers/STM32N6xx_HAL_Driver/stm32n6xx_hal_rcc_ex.o
 .text.LL_RCC_GetFMCClockSource
                0x34003e7c       0x24 ./Drivers/STM32N6xx_HAL_Driver/stm32n6xx_hal_rcc_ex.o
 .text.LL_RCC_GetI2CClockSource
                0x34003ea0       0x18 ./Drivers/STM32N6xx_HAL_Driver/stm32n6xx_hal_rcc_ex.o
 .text.LL_RCC_GetI3CClockSource
                0x34003eb8       0x18 ./Drivers/STM32N6xx_HAL_Driver/stm32n6xx_hal_rcc_ex.o
 .text.LL_RCC_GetLPTIMClockSource
                0x34003ed0       0x18 ./Drivers/STM32N6xx_HAL_Driver/stm32n6xx_hal_rcc_ex.o
 .text.LL_RCC_GetLPUARTClockSource
                0x34003ee8       0x24 ./Drivers/STM32N6xx_HAL_Driver/stm32n6xx_hal_rcc_ex.o
 .text.LL_RCC_GetLTDCClockSource
                0x34003f0c       0x24 ./Drivers/STM32N6xx_HAL_Driver/stm32n6xx_hal_rcc_ex.o
 .text.LL_RCC_GetMDFClockSource
                0x34003f30       0x24 ./Drivers/STM32N6xx_HAL_Driver/stm32n6xx_hal_rcc_ex.o
 .text.LL_RCC_GetPSSIClockSource
                0x34003f54       0x24 ./Drivers/STM32N6xx_HAL_Driver/stm32n6xx_hal_rcc_ex.o
 .text.LL_RCC_GetSAIClockSource
                0x34003f78       0x18 ./Drivers/STM32N6xx_HAL_Driver/stm32n6xx_hal_rcc_ex.o
 .text.LL_RCC_GetSDMMCClockSource
                0x34003f90       0x18 ./Drivers/STM32N6xx_HAL_Driver/stm32n6xx_hal_rcc_ex.o
 .text.LL_RCC_GetSPDIFRXClockSource
                0x34003fa8       0x24 ./Drivers/STM32N6xx_HAL_Driver/stm32n6xx_hal_rcc_ex.o
 .text.LL_RCC_GetSPIClockSource
                0x34003fcc       0x18 ./Drivers/STM32N6xx_HAL_Driver/stm32n6xx_hal_rcc_ex.o
 .text.LL_RCC_GetUSARTClockSource
                0x34003fe4       0x18 ./Drivers/STM32N6xx_HAL_Driver/stm32n6xx_hal_rcc_ex.o
 .text.LL_RCC_GetUARTClockSource
                0x34003ffc       0x18 ./Drivers/STM32N6xx_HAL_Driver/stm32n6xx_hal_rcc_ex.o
 .text.LL_RCC_GetUSBClockSource
                0x34004014       0x18 ./Drivers/STM32N6xx_HAL_Driver/stm32n6xx_hal_rcc_ex.o
 .text.LL_RCC_GetXSPIClockSource
                0x3400402c       0x18 ./Drivers/STM32N6xx_HAL_Driver/stm32n6xx_hal_rcc_ex.o
 .text.LL_RCC_SetRTCClockSource
                0x34004044       0x2c ./Drivers/STM32N6xx_HAL_Driver/stm32n6xx_hal_rcc_ex.o
 .text.LL_RCC_GetRTCClockSource
                0x34004070       0x1c ./Drivers/STM32N6xx_HAL_Driver/stm32n6xx_hal_rcc_ex.o
 .text.LL_RCC_SetRTC_HSEPrescaler
                0x3400408c       0x2c ./Drivers/STM32N6xx_HAL_Driver/stm32n6xx_hal_rcc_ex.o
 .text.LL_RCC_SetTIMPrescaler
                0x340040b8       0x2c ./Drivers/STM32N6xx_HAL_Driver/stm32n6xx_hal_rcc_ex.o
 .text.LL_RCC_GetTIMPrescaler
                0x340040e4       0x1c ./Drivers/STM32N6xx_HAL_Driver/stm32n6xx_hal_rcc_ex.o
 .text.LL_RCC_PLL1_GetSource
                0x34004100       0x1c ./Drivers/STM32N6xx_HAL_Driver/stm32n6xx_hal_rcc_ex.o
 .text.LL_RCC_PLL1_IsReady
                0x3400411c       0x28 ./Drivers/STM32N6xx_HAL_Driver/stm32n6xx_hal_rcc_ex.o
 .text.LL_RCC_PLL1_IsEnabledBypass
                0x34004144       0x28 ./Drivers/STM32N6xx_HAL_Driver/stm32n6xx_hal_rcc_ex.o
 .text.LL_RCC_PLL1_GetN
                0x3400416c       0x20 ./Drivers/STM32N6xx_HAL_Driver/stm32n6xx_hal_rcc_ex.o
 .text.LL_RCC_PLL1_GetM
                0x3400418c       0x20 ./Drivers/STM32N6xx_HAL_Driver/stm32n6xx_hal_rcc_ex.o
 .text.LL_RCC_PLL1_GetP1
                0x340041ac       0x20 ./Drivers/STM32N6xx_HAL_Driver/stm32n6xx_hal_rcc_ex.o
 .text.LL_RCC_PLL1_GetP2
                0x340041cc       0x20 ./Drivers/STM32N6xx_HAL_Driver/stm32n6xx_hal_rcc_ex.o
 .text.LL_RCC_PLL1P_IsEnabled
                0x340041ec       0x28 ./Drivers/STM32N6xx_HAL_Driver/stm32n6xx_hal_rcc_ex.o
 .text.LL_RCC_PLL1_GetFRACN
                0x34004214       0x1c ./Drivers/STM32N6xx_HAL_Driver/stm32n6xx_hal_rcc_ex.o
 .text.LL_RCC_PLL2_GetSource
                0x34004230       0x1c ./Drivers/STM32N6xx_HAL_Driver/stm32n6xx_hal_rcc_ex.o
 .text.LL_RCC_PLL2_IsReady
                0x3400424c       0x28 ./Drivers/STM32N6xx_HAL_Driver/stm32n6xx_hal_rcc_ex.o
 .text.LL_RCC_PLL2_IsEnabledBypass
                0x34004274       0x28 ./Drivers/STM32N6xx_HAL_Driver/stm32n6xx_hal_rcc_ex.o
 .text.LL_RCC_PLL2_GetN
                0x3400429c       0x20 ./Drivers/STM32N6xx_HAL_Driver/stm32n6xx_hal_rcc_ex.o
 .text.LL_RCC_PLL2_GetM
                0x340042bc       0x20 ./Drivers/STM32N6xx_HAL_Driver/stm32n6xx_hal_rcc_ex.o
 .text.LL_RCC_PLL2_GetP1
                0x340042dc       0x20 ./Drivers/STM32N6xx_HAL_Driver/stm32n6xx_hal_rcc_ex.o
 .text.LL_RCC_PLL2_GetP2
                0x340042fc       0x20 ./Drivers/STM32N6xx_HAL_Driver/stm32n6xx_hal_rcc_ex.o
 .text.LL_RCC_PLL2P_IsEnabled
                0x3400431c       0x28 ./Drivers/STM32N6xx_HAL_Driver/stm32n6xx_hal_rcc_ex.o
 .text.LL_RCC_PLL2_GetFRACN
                0x34004344       0x1c ./Drivers/STM32N6xx_HAL_Driver/stm32n6xx_hal_rcc_ex.o
 .text.LL_RCC_PLL3_GetSource
                0x34004360       0x1c ./Drivers/STM32N6xx_HAL_Driver/stm32n6xx_hal_rcc_ex.o
 .text.LL_RCC_PLL3_IsReady
                0x3400437c       0x28 ./Drivers/STM32N6xx_HAL_Driver/stm32n6xx_hal_rcc_ex.o
 .text.LL_RCC_PLL3_IsEnabledBypass
                0x340043a4       0x28 ./Drivers/STM32N6xx_HAL_Driver/stm32n6xx_hal_rcc_ex.o
 .text.LL_RCC_PLL3_GetN
                0x340043cc       0x20 ./Drivers/STM32N6xx_HAL_Driver/stm32n6xx_hal_rcc_ex.o
 .text.LL_RCC_PLL3_GetM
                0x340043ec       0x20 ./Drivers/STM32N6xx_HAL_Driver/stm32n6xx_hal_rcc_ex.o
 .text.LL_RCC_PLL3_GetP1
                0x3400440c       0x20 ./Drivers/STM32N6xx_HAL_Driver/stm32n6xx_hal_rcc_ex.o
 .text.LL_RCC_PLL3_GetP2
                0x3400442c       0x20 ./Drivers/STM32N6xx_HAL_Driver/stm32n6xx_hal_rcc_ex.o
 .text.LL_RCC_PLL3P_IsEnabled
                0x3400444c       0x28 ./Drivers/STM32N6xx_HAL_Driver/stm32n6xx_hal_rcc_ex.o
 .text.LL_RCC_PLL3_GetFRACN
                0x34004474       0x1c ./Drivers/STM32N6xx_HAL_Driver/stm32n6xx_hal_rcc_ex.o
 .text.LL_RCC_PLL4_GetSource
                0x34004490       0x1c ./Drivers/STM32N6xx_HAL_Driver/stm32n6xx_hal_rcc_ex.o
 .text.LL_RCC_PLL4_IsReady
                0x340044ac       0x28 ./Drivers/STM32N6xx_HAL_Driver/stm32n6xx_hal_rcc_ex.o
 .text.LL_RCC_PLL4_IsEnabledBypass
                0x340044d4       0x28 ./Drivers/STM32N6xx_HAL_Driver/stm32n6xx_hal_rcc_ex.o
 .text.LL_RCC_PLL4_GetN
                0x340044fc       0x20 ./Drivers/STM32N6xx_HAL_Driver/stm32n6xx_hal_rcc_ex.o
 .text.LL_RCC_PLL4_GetM
                0x3400451c       0x20 ./Drivers/STM32N6xx_HAL_Driver/stm32n6xx_hal_rcc_ex.o
 .text.LL_RCC_PLL4_GetP1
                0x3400453c       0x20 ./Drivers/STM32N6xx_HAL_Driver/stm32n6xx_hal_rcc_ex.o
 .text.LL_RCC_PLL4_GetP2
                0x3400455c       0x20 ./Drivers/STM32N6xx_HAL_Driver/stm32n6xx_hal_rcc_ex.o
 .text.LL_RCC_PLL4P_IsEnabled
                0x3400457c       0x28 ./Drivers/STM32N6xx_HAL_Driver/stm32n6xx_hal_rcc_ex.o
 .text.LL_RCC_PLL4_GetFRACN
                0x340045a4       0x1c ./Drivers/STM32N6xx_HAL_Driver/stm32n6xx_hal_rcc_ex.o
 .text.LL_RCC_IC3_Enable
                0x340045c0       0x1c ./Drivers/STM32N6xx_HAL_Driver/stm32n6xx_hal_rcc_ex.o
 .text.LL_RCC_IC3_IsEnabled
                0x340045dc       0x28 ./Drivers/STM32N6xx_HAL_Driver/stm32n6xx_hal_rcc_ex.o
 .text.LL_RCC_IC3_GetSource
                0x34004604       0x1c ./Drivers/STM32N6xx_HAL_Driver/stm32n6xx_hal_rcc_ex.o
 .text.LL_RCC_IC3_GetDivider
                0x34004620       0x20 ./Drivers/STM32N6xx_HAL_Driver/stm32n6xx_hal_rcc_ex.o
 .text.LL_RCC_IC4_Enable
                0x34004640       0x1c ./Drivers/STM32N6xx_HAL_Driver/stm32n6xx_hal_rcc_ex.o
 .text.LL_RCC_IC4_IsEnabled
                0x3400465c       0x28 ./Drivers/STM32N6xx_HAL_Driver/stm32n6xx_hal_rcc_ex.o
 .text.LL_RCC_IC4_GetSource
                0x34004684       0x1c ./Drivers/STM32N6xx_HAL_Driver/stm32n6xx_hal_rcc_ex.o
 .text.LL_RCC_IC4_GetDivider
                0x340046a0       0x20 ./Drivers/STM32N6xx_HAL_Driver/stm32n6xx_hal_rcc_ex.o
 .text.LL_RCC_IC5_Enable
                0x340046c0       0x1c ./Drivers/STM32N6xx_HAL_Driver/stm32n6xx_hal_rcc_ex.o
 .text.LL_RCC_IC5_IsEnabled
                0x340046dc       0x28 ./Drivers/STM32N6xx_HAL_Driver/stm32n6xx_hal_rcc_ex.o
 .text.LL_RCC_IC5_GetSource
                0x34004704       0x1c ./Drivers/STM32N6xx_HAL_Driver/stm32n6xx_hal_rcc_ex.o
 .text.LL_RCC_IC5_GetDivider
                0x34004720       0x20 ./Drivers/STM32N6xx_HAL_Driver/stm32n6xx_hal_rcc_ex.o
 .text.LL_RCC_IC7_Enable
                0x34004740       0x1c ./Drivers/STM32N6xx_HAL_Driver/stm32n6xx_hal_rcc_ex.o
 .text.LL_RCC_IC7_IsEnabled
                0x3400475c       0x28 ./Drivers/STM32N6xx_HAL_Driver/stm32n6xx_hal_rcc_ex.o
 .text.LL_RCC_IC7_GetSource
                0x34004784       0x1c ./Drivers/STM32N6xx_HAL_Driver/stm32n6xx_hal_rcc_ex.o
 .text.LL_RCC_IC7_GetDivider
                0x340047a0       0x20 ./Drivers/STM32N6xx_HAL_Driver/stm32n6xx_hal_rcc_ex.o
 .text.LL_RCC_IC8_Enable
                0x340047c0       0x1c ./Drivers/STM32N6xx_HAL_Driver/stm32n6xx_hal_rcc_ex.o
 .text.LL_RCC_IC8_IsEnabled
                0x340047dc       0x28 ./Drivers/STM32N6xx_HAL_Driver/stm32n6xx_hal_rcc_ex.o
 .text.LL_RCC_IC8_GetSource
                0x34004804       0x1c ./Drivers/STM32N6xx_HAL_Driver/stm32n6xx_hal_rcc_ex.o
 .text.LL_RCC_IC8_GetDivider
                0x34004820       0x20 ./Drivers/STM32N6xx_HAL_Driver/stm32n6xx_hal_rcc_ex.o
 .text.LL_RCC_IC9_Enable
                0x34004840       0x1c ./Drivers/STM32N6xx_HAL_Driver/stm32n6xx_hal_rcc_ex.o
 .text.LL_RCC_IC9_IsEnabled
                0x3400485c       0x28 ./Drivers/STM32N6xx_HAL_Driver/stm32n6xx_hal_rcc_ex.o
 .text.LL_RCC_IC9_GetSource
                0x34004884       0x1c ./Drivers/STM32N6xx_HAL_Driver/stm32n6xx_hal_rcc_ex.o
 .text.LL_RCC_IC9_GetDivider
                0x340048a0       0x20 ./Drivers/STM32N6xx_HAL_Driver/stm32n6xx_hal_rcc_ex.o
 .text.LL_RCC_IC10_Enable
                0x340048c0       0x1c ./Drivers/STM32N6xx_HAL_Driver/stm32n6xx_hal_rcc_ex.o
 .text.LL_RCC_IC10_IsEnabled
                0x340048dc       0x28 ./Drivers/STM32N6xx_HAL_Driver/stm32n6xx_hal_rcc_ex.o
 .text.LL_RCC_IC10_GetSource
                0x34004904       0x1c ./Drivers/STM32N6xx_HAL_Driver/stm32n6xx_hal_rcc_ex.o
 .text.LL_RCC_IC10_GetDivider
                0x34004920       0x20 ./Drivers/STM32N6xx_HAL_Driver/stm32n6xx_hal_rcc_ex.o
 .text.LL_RCC_IC12_Enable
                0x34004940       0x1c ./Drivers/STM32N6xx_HAL_Driver/stm32n6xx_hal_rcc_ex.o
 .text.LL_RCC_IC12_IsEnabled
                0x3400495c       0x28 ./Drivers/STM32N6xx_HAL_Driver/stm32n6xx_hal_rcc_ex.o
 .text.LL_RCC_IC12_GetSource
                0x34004984       0x1c ./Drivers/STM32N6xx_HAL_Driver/stm32n6xx_hal_rcc_ex.o
 .text.LL_RCC_IC12_GetDivider
                0x340049a0       0x20 ./Drivers/STM32N6xx_HAL_Driver/stm32n6xx_hal_rcc_ex.o
 .text.LL_RCC_IC13_Enable
                0x340049c0       0x1c ./Drivers/STM32N6xx_HAL_Driver/stm32n6xx_hal_rcc_ex.o
 .text.LL_RCC_IC13_IsEnabled
                0x340049dc       0x28 ./Drivers/STM32N6xx_HAL_Driver/stm32n6xx_hal_rcc_ex.o
 .text.LL_RCC_IC13_GetSource
                0x34004a04       0x1c ./Drivers/STM32N6xx_HAL_Driver/stm32n6xx_hal_rcc_ex.o
 .text.LL_RCC_IC13_GetDivider
                0x34004a20       0x20 ./Drivers/STM32N6xx_HAL_Driver/stm32n6xx_hal_rcc_ex.o
 .text.LL_RCC_IC14_Enable
                0x34004a40       0x1c ./Drivers/STM32N6xx_HAL_Driver/stm32n6xx_hal_rcc_ex.o
 .text.LL_RCC_IC14_IsEnabled
                0x34004a5c       0x28 ./Drivers/STM32N6xx_HAL_Driver/stm32n6xx_hal_rcc_ex.o
 .text.LL_RCC_IC14_GetSource
                0x34004a84       0x1c ./Drivers/STM32N6xx_HAL_Driver/stm32n6xx_hal_rcc_ex.o
 .text.LL_RCC_IC14_GetDivider
                0x34004aa0       0x20 ./Drivers/STM32N6xx_HAL_Driver/stm32n6xx_hal_rcc_ex.o
 .text.LL_RCC_IC15_Enable
                0x34004ac0       0x1c ./Drivers/STM32N6xx_HAL_Driver/stm32n6xx_hal_rcc_ex.o
 .text.LL_RCC_IC15_IsEnabled
                0x34004adc       0x28 ./Drivers/STM32N6xx_HAL_Driver/stm32n6xx_hal_rcc_ex.o
 .text.LL_RCC_IC15_GetSource
                0x34004b04       0x1c ./Drivers/STM32N6xx_HAL_Driver/stm32n6xx_hal_rcc_ex.o
 .text.LL_RCC_IC15_GetDivider
                0x34004b20       0x20 ./Drivers/STM32N6xx_HAL_Driver/stm32n6xx_hal_rcc_ex.o
 .text.LL_RCC_IC16_Enable
                0x34004b40       0x1c ./Drivers/STM32N6xx_HAL_Driver/stm32n6xx_hal_rcc_ex.o
 .text.LL_RCC_IC16_IsEnabled
                0x34004b5c       0x28 ./Drivers/STM32N6xx_HAL_Driver/stm32n6xx_hal_rcc_ex.o
 .text.LL_RCC_IC16_GetSource
                0x34004b84       0x1c ./Drivers/STM32N6xx_HAL_Driver/stm32n6xx_hal_rcc_ex.o
 .text.LL_RCC_IC16_GetDivider
                0x34004ba0       0x20 ./Drivers/STM32N6xx_HAL_Driver/stm32n6xx_hal_rcc_ex.o
 .text.LL_RCC_IC17_Enable
                0x34004bc0       0x1c ./Drivers/STM32N6xx_HAL_Driver/stm32n6xx_hal_rcc_ex.o
 .text.LL_RCC_IC17_IsEnabled
                0x34004bdc       0x28 ./Drivers/STM32N6xx_HAL_Driver/stm32n6xx_hal_rcc_ex.o
 .text.LL_RCC_IC17_GetSource
                0x34004c04       0x1c ./Drivers/STM32N6xx_HAL_Driver/stm32n6xx_hal_rcc_ex.o
 .text.LL_RCC_IC17_GetDivider
                0x34004c20       0x20 ./Drivers/STM32N6xx_HAL_Driver/stm32n6xx_hal_rcc_ex.o
 .text.LL_RCC_IC18_Enable
                0x34004c40       0x1c ./Drivers/STM32N6xx_HAL_Driver/stm32n6xx_hal_rcc_ex.o
 .text.LL_RCC_IC18_IsEnabled
                0x34004c5c       0x28 ./Drivers/STM32N6xx_HAL_Driver/stm32n6xx_hal_rcc_ex.o
 .text.LL_RCC_IC18_GetSource
                0x34004c84       0x1c ./Drivers/STM32N6xx_HAL_Driver/stm32n6xx_hal_rcc_ex.o
 .text.LL_RCC_IC18_GetDivider
                0x34004ca0       0x20 ./Drivers/STM32N6xx_HAL_Driver/stm32n6xx_hal_rcc_ex.o
 .text.LL_RCC_IC19_Enable
                0x34004cc0       0x1c ./Drivers/STM32N6xx_HAL_Driver/stm32n6xx_hal_rcc_ex.o
 .text.LL_RCC_IC19_IsEnabled
                0x34004cdc       0x28 ./Drivers/STM32N6xx_HAL_Driver/stm32n6xx_hal_rcc_ex.o
 .text.LL_RCC_IC19_GetSource
                0x34004d04       0x1c ./Drivers/STM32N6xx_HAL_Driver/stm32n6xx_hal_rcc_ex.o
 .text.LL_RCC_IC19_GetDivider
                0x34004d20       0x20 ./Drivers/STM32N6xx_HAL_Driver/stm32n6xx_hal_rcc_ex.o
 .text.LL_RCC_IC20_Enable
                0x34004d40       0x1c ./Drivers/STM32N6xx_HAL_Driver/stm32n6xx_hal_rcc_ex.o
 .text.LL_RCC_IC20_IsEnabled
                0x34004d5c       0x28 ./Drivers/STM32N6xx_HAL_Driver/stm32n6xx_hal_rcc_ex.o
 .text.LL_RCC_IC20_GetSource
                0x34004d84       0x1c ./Drivers/STM32N6xx_HAL_Driver/stm32n6xx_hal_rcc_ex.o
 .text.LL_RCC_IC20_GetDivider
                0x34004da0       0x20 ./Drivers/STM32N6xx_HAL_Driver/stm32n6xx_hal_rcc_ex.o
 .text.LL_RCC_CLKP_Enable
                0x34004dc0       0x1c ./Drivers/STM32N6xx_HAL_Driver/stm32n6xx_hal_rcc_ex.o
 .text.LL_RCC_CLKP_IsEnabled
                0x34004ddc       0x28 ./Drivers/STM32N6xx_HAL_Driver/stm32n6xx_hal_rcc_ex.o
 .text.HAL_RCCEx_PeriphCLKConfig
                0x34004e04     0x25c8 ./Drivers/STM32N6xx_HAL_Driver/stm32n6xx_hal_rcc_ex.o
                0x34004e04                HAL_RCCEx_PeriphCLKConfig
 .text.HAL_RCCEx_GetPeriphCLKFreq
                0x340073cc      0x938 ./Drivers/STM32N6xx_HAL_Driver/stm32n6xx_hal_rcc_ex.o
                0x340073cc                HAL_RCCEx_GetPeriphCLKFreq
 .text.HAL_RCCEx_GetPLL1CLKFreq
                0x34007d04       0x8c ./Drivers/STM32N6xx_HAL_Driver/stm32n6xx_hal_rcc_ex.o
                0x34007d04                HAL_RCCEx_GetPLL1CLKFreq
 .text.HAL_RCCEx_GetPLL2CLKFreq
                0x34007d90       0x8c ./Drivers/STM32N6xx_HAL_Driver/stm32n6xx_hal_rcc_ex.o
                0x34007d90                HAL_RCCEx_GetPLL2CLKFreq
 .text.HAL_RCCEx_GetPLL3CLKFreq
                0x34007e1c       0x8c ./Drivers/STM32N6xx_HAL_Driver/stm32n6xx_hal_rcc_ex.o
                0x34007e1c                HAL_RCCEx_GetPLL3CLKFreq
 .text.HAL_RCCEx_GetPLL4CLKFreq
                0x34007ea8       0x8c ./Drivers/STM32N6xx_HAL_Driver/stm32n6xx_hal_rcc_ex.o
                0x34007ea8                HAL_RCCEx_GetPLL4CLKFreq
 .text.RCCEx_GetHCLKFreq
                0x34007f34       0x22 ./Drivers/STM32N6xx_HAL_Driver/stm32n6xx_hal_rcc_ex.o
 .text.RCCEx_GetPCLK1Freq
                0x34007f56       0x20 ./Drivers/STM32N6xx_HAL_Driver/stm32n6xx_hal_rcc_ex.o
 .text.RCCEx_GetPCLK2Freq
                0x34007f76       0x22 ./Drivers/STM32N6xx_HAL_Driver/stm32n6xx_hal_rcc_ex.o
 .text.RCCEx_GetPCLK4Freq
                0x34007f98       0x22 ./Drivers/STM32N6xx_HAL_Driver/stm32n6xx_hal_rcc_ex.o
 .text.RCCEx_GetPCLK5Freq
                0x34007fba       0x22 ./Drivers/STM32N6xx_HAL_Driver/stm32n6xx_hal_rcc_ex.o
 .text.RCCEx_GetPLLSourceFreq
                0x34007fdc       0xbc ./Drivers/STM32N6xx_HAL_Driver/stm32n6xx_hal_rcc_ex.o
 .text.RCCEx_CalcPLLFreq
                0x34008098       0x98 ./Drivers/STM32N6xx_HAL_Driver/stm32n6xx_hal_rcc_ex.o
 .text.RCCEx_GetADCCLKFreq
                0x34008130      0x204 ./Drivers/STM32N6xx_HAL_Driver/stm32n6xx_hal_rcc_ex.o
 .text.RCCEx_GetADFCLKFreq
                0x34008334      0x1d8 ./Drivers/STM32N6xx_HAL_Driver/stm32n6xx_hal_rcc_ex.o
 .text.RCCEx_GetCLKPCLKFreq
                0x3400850c      0x36c ./Drivers/STM32N6xx_HAL_Driver/stm32n6xx_hal_rcc_ex.o
 .text.RCCEx_GetCSICLKFreq
                0x34008878       0x98 ./Drivers/STM32N6xx_HAL_Driver/stm32n6xx_hal_rcc_ex.o
 .text.RCCEx_GetDCMIPPCLKFreq
                0x34008910      0x114 ./Drivers/STM32N6xx_HAL_Driver/stm32n6xx_hal_rcc_ex.o
 .text.RCCEx_GetETH1CLKFreq
                0x34008a24      0x100 ./Drivers/STM32N6xx_HAL_Driver/stm32n6xx_hal_rcc_ex.o
 .text.RCCEx_GetETH1PTPCLKFreq
                0x34008b24      0x108 ./Drivers/STM32N6xx_HAL_Driver/stm32n6xx_hal_rcc_ex.o
 .text.RCCEx_GetFDCANCLKFreq
                0x34008c2c      0x100 ./Drivers/STM32N6xx_HAL_Driver/stm32n6xx_hal_rcc_ex.o
 .text.RCCEx_GetFMCCLKFreq
                0x34008d2c      0x16e ./Drivers/STM32N6xx_HAL_Driver/stm32n6xx_hal_rcc_ex.o
 *fill*         0x34008e9a        0x2 
 .text.RCCEx_GetI2CCLKFreq
                0x34008e9c      0x350 ./Drivers/STM32N6xx_HAL_Driver/stm32n6xx_hal_rcc_ex.o
 .text.RCCEx_GetI3CCLKFreq
                0x340091ec      0x268 ./Drivers/STM32N6xx_HAL_Driver/stm32n6xx_hal_rcc_ex.o
 .text.RCCEx_GetLPTIMCLKFreq
                0x34009454      0x354 ./Drivers/STM32N6xx_HAL_Driver/stm32n6xx_hal_rcc_ex.o
 .text.RCCEx_GetLPUARTCLKFreq
                0x340097a8      0x204 ./Drivers/STM32N6xx_HAL_Driver/stm32n6xx_hal_rcc_ex.o
 .text.RCCEx_GetLTDCCLKFreq
                0x340099ac      0x114 ./Drivers/STM32N6xx_HAL_Driver/stm32n6xx_hal_rcc_ex.o
 .text.RCCEx_GetMDFCLKFreq
                0x34009ac0      0x214 ./Drivers/STM32N6xx_HAL_Driver/stm32n6xx_hal_rcc_ex.o
 .text.RCCEx_GetPSSICLKFreq
                0x34009cd4      0x104 ./Drivers/STM32N6xx_HAL_Driver/stm32n6xx_hal_rcc_ex.o
 .text.RCCEx_GetRTCCLKFreq
                0x34009dd8       0xa4 ./Drivers/STM32N6xx_HAL_Driver/stm32n6xx_hal_rcc_ex.o
 .text.RCCEx_GetSAICLKFreq
                0x34009e7c      0x2cc ./Drivers/STM32N6xx_HAL_Driver/stm32n6xx_hal_rcc_ex.o
 .text.RCCEx_GetSDMMCCLKFreq
                0x3400a148      0x1d4 ./Drivers/STM32N6xx_HAL_Driver/stm32n6xx_hal_rcc_ex.o
 .text.RCCEx_GetSPDIFRXCLKFreq
                0x3400a31c      0x1c8 ./Drivers/STM32N6xx_HAL_Driver/stm32n6xx_hal_rcc_ex.o
 .text.RCCEx_GetSPICLKFreq
                0x3400a4e4      0x5a4 ./Drivers/STM32N6xx_HAL_Driver/stm32n6xx_hal_rcc_ex.o
 .text.RCCEx_GetUARTCLKFreq
                0x3400aa88      0x454 ./Drivers/STM32N6xx_HAL_Driver/stm32n6xx_hal_rcc_ex.o
 .text.RCCEx_GetUSARTCLKFreq
                0x3400aedc      0x454 ./Drivers/STM32N6xx_HAL_Driver/stm32n6xx_hal_rcc_ex.o
 .text.RCCEx_GetOTGPHYCLKFreq
                0x3400b330      0x16c ./Drivers/STM32N6xx_HAL_Driver/stm32n6xx_hal_rcc_ex.o
 .text.RCCEx_GetOTGPHYCKREFCLKFreq
                0x3400b49c       0xa0 ./Drivers/STM32N6xx_HAL_Driver/stm32n6xx_hal_rcc_ex.o
 .text.RCCEx_GetXSPICLKFreq
                0x3400b53c      0x220 ./Drivers/STM32N6xx_HAL_Driver/stm32n6xx_hal_rcc_ex.o
 .text.HAL_UART_Init
                0x3400b75c       0xa0 ./Drivers/STM32N6xx_HAL_Driver/stm32n6xx_hal_uart.o
                0x3400b75c                HAL_UART_Init
 .text.UART_SetConfig
                0x3400b7fc      0x3d8 ./Drivers/STM32N6xx_HAL_Driver/stm32n6xx_hal_uart.o
                0x3400b7fc                UART_SetConfig
 .text.UART_AdvFeatureConfig
                0x3400bbd4      0x144 ./Drivers/STM32N6xx_HAL_Driver/stm32n6xx_hal_uart.o
                0x3400bbd4                UART_AdvFeatureConfig
 .text.UART_CheckIdleState
                0x3400bd18      0x154 ./Drivers/STM32N6xx_HAL_Driver/stm32n6xx_hal_uart.o
                0x3400bd18                UART_CheckIdleState
 .text.UART_WaitOnFlagUntilTimeout
                0x3400be6c       0xda ./Drivers/STM32N6xx_HAL_Driver/stm32n6xx_hal_uart.o
                0x3400be6c                UART_WaitOnFlagUntilTimeout
 .text.UART_EndRxTransfer
                0x3400bf46       0xcc ./Drivers/STM32N6xx_HAL_Driver/stm32n6xx_hal_uart.o
 .text.HAL_UARTEx_DisableFifoMode
                0x3400c012       0x72 ./Drivers/STM32N6xx_HAL_Driver/stm32n6xx_hal_uart_ex.o
                0x3400c012                HAL_UARTEx_DisableFifoMode
 .text.HAL_UARTEx_SetTxFifoThreshold
                0x3400c084       0x7c ./Drivers/STM32N6xx_HAL_Driver/stm32n6xx_hal_uart_ex.o
                0x3400c084                HAL_UARTEx_SetTxFifoThreshold
 .text.HAL_UARTEx_SetRxFifoThreshold
                0x3400c100       0x7c ./Drivers/STM32N6xx_HAL_Driver/stm32n6xx_hal_uart_ex.o
                0x3400c100                HAL_UARTEx_SetRxFifoThreshold
 .text.UARTEx_SetNbDataToProcess
                0x3400c17c       0x9c ./Drivers/STM32N6xx_HAL_Driver/stm32n6xx_hal_uart_ex.o
 .text.LL_AHB5_GRP1_IsEnabledClock
                0x3400c218       0x30 ./Drivers/STM32N6xx_HAL_Driver/stm32n6xx_hal_xspi.o
 .text.HAL_XSPI_Init
                0x3400c248      0x220 ./Drivers/STM32N6xx_HAL_Driver/stm32n6xx_hal_xspi.o
                0x3400c248                HAL_XSPI_Init
 .text.HAL_XSPI_SetTimeout
                0x3400c468       0x1e ./Drivers/STM32N6xx_HAL_Driver/stm32n6xx_hal_xspi.o
                0x3400c468                HAL_XSPI_SetTimeout
 *fill*         0x3400c486        0x2 
 .text.HAL_XSPIM_Config
                0x3400c488      0x258 ./Drivers/STM32N6xx_HAL_Driver/stm32n6xx_hal_xspi.o
                0x3400c488                HAL_XSPIM_Config
 .text.XSPI_WaitFlagStateUntilTimeout
                0x3400c6e0       0x6c ./Drivers/STM32N6xx_HAL_Driver/stm32n6xx_hal_xspi.o
 .text.XSPIM_GetConfig
                0x3400c74c       0xc8 ./Drivers/STM32N6xx_HAL_Driver/stm32n6xx_hal_xspi.o
 .text.memset   0x3400c814       0x10 /opt/st/stm32cubeide_2.0.0/plugins/com.st.stm32cube.ide.mcu.externaltools.gnu-tools-for-stm32.13.3.rel1.linux64_1.0.100.202509120712/tools/bin/../lib/gcc/arm-none-eabi/13.3.1/../../../../arm-none-eabi/lib/thumb/v8-m.main+dp/hard/libc_nano.a(libc_a-memset.o)
                0x3400c814                memset
 .text.__libc_init_array
                0x3400c824       0x48 /opt/st/stm32cubeide_2.0.0/plugins/com.st.stm32cube.ide.mcu.externaltools.gnu-tools-for-stm32.13.3.rel1.linux64_1.0.100.202509120712/tools/bin/../lib/gcc/arm-none-eabi/13.3.1/../../../../arm-none-eabi/lib/thumb/v8-m.main+dp/hard/libc_nano.a(libc_a-init.o)
                0x3400c824                __libc_init_array
 .text.memcpy   0x3400c86c       0x1a /opt/st/stm32cubeide_2.0.0/plugins/com.st.stm32cube.ide.mcu.externaltools.gnu-tools-for-stm32.13.3.rel1.linux64_1.0.100.202509120712/tools/bin/../lib/gcc/arm-none-eabi/13.3.1/../../../../arm-none-eabi/lib/thumb/v8-m.main+dp/hard/libc_nano.a(libc_a-memcpy-stub.o)
                0x3400c86c                memcpy
 *(.glue_7)
 .glue_7        0x3400c886        0x0 linker stubs
 *(.glue_7t)
 .glue_7t       0x3400c886        0x0 linker stubs
 *(.eh_frame)
 *fill*         0x3400c886        0x2 
 .eh_frame      0x3400c888        0x0 /opt/st/stm32cubeide_2.0.0/plugins/com.st.stm32cube.ide.mcu.externaltools.gnu-tools-for-stm32.13.3.rel1.linux64_1.0.100.202509120712/tools/bin/../lib/gcc/arm-none-eabi/13.3.1/thumb/v8-m.main+dp/hard/crtbegin.o
 *(.RamFunc)
 *(.RamFunc*)
 *(.init)
 .init          0x3400c888        0x4 /opt/st/stm32cubeide_2.0.0/plugins/com.st.stm32cube.ide.mcu.externaltools.gnu-tools-for-stm32.13.3.rel1.linux64_1.0.100.202509120712/tools/bin/../lib/gcc/arm-none-eabi/13.3.1/thumb/v8-m.main+dp/hard/crti.o
                0x3400c888                _init
 .init          0x3400c88c        0x8 /opt/st/stm32cubeide_2.0.0/plugins/com.st.stm32cube.ide.mcu.externaltools.gnu-tools-for-stm32.13.3.rel1.linux64_1.0.100.202509120712/tools/bin/../lib/gcc/arm-none-eabi/13.3.1/thumb/v8-m.main+dp/hard/crtn.o
 *(.fini)
 .fini          0x3400c894        0x4 /opt/st/stm32cubeide_2.0.0/plugins/com.st.stm32cube.ide.mcu.externaltools.gnu-tools-for-stm32.13.3.rel1.linux64_1.0.100.202509120712/tools/bin/../lib/gcc/arm-none-eabi/13.3.1/thumb/v8-m.main+dp/hard/crti.o
                0x3400c894                _fini
 .fini          0x3400c898        0x8 /opt/st/stm32cubeide_2.0.0/plugins/com.st.stm32cube.ide.mcu.externaltools.gnu-tools-for-stm32.13.3.rel1.linux64_1.0.100.202509120712/tools/bin/../lib/gcc/arm-none-eabi/13.3.1/thumb/v8-m.main+dp/hard/crtn.o
                0x3400c8a0                        . = ALIGN (0x4)
                0x3400c8a0                        _etext = .

.vfp11_veneer   0x3400c8a0        0x0
 .vfp11_veneer  0x3400c8a0        0x0 linker stubs

.v4_bx          0x3400c8a0        0x0
 .v4_bx         0x3400c8a0        0x0 linker stubs

.iplt           0x3400c8a0        0x0
 .iplt          0x3400c8a0        0x0 /opt/st/stm32cubeide_2.0.0/plugins/com.st.stm32cube.ide.mcu.externaltools.gnu-tools-for-stm32.13.3.rel1.linux64_1.0.100.202509120712/tools/bin/../lib/gcc/arm-none-eabi/13.3.1/thumb/v8-m.main+dp/hard/crtbegin.o

.rodata         0x3400c8a0      0x220
                0x3400c8a0                        . = ALIGN (0x4)
 *(.rodata)
 .rodata        0x3400c8a0      0x1f8 ./Drivers/STM32N6xx_HAL_Driver/stm32n6xx_hal_dcmipp.o
 *(.rodata*)
 .rodata.UARTPrescTable
                0x3400ca98       0x18 ./Drivers/STM32N6xx_HAL_Driver/stm32n6xx_hal_uart.o
                0x3400ca98                UARTPrescTable
 .rodata.numerator.1
                0x3400cab0        0x8 ./Drivers/STM32N6xx_HAL_Driver/stm32n6xx_hal_uart_ex.o
 .rodata.denominator.0
                0x3400cab8        0x8 ./Drivers/STM32N6xx_HAL_Driver/stm32n6xx_hal_uart_ex.o
                0x3400cac0                        . = ALIGN (0x4)

.ARM.extab      0x3400cac0        0x0
                0x3400cac0                        . = ALIGN (0x4)
 *(.ARM.extab* .gnu.linkonce.armextab.*)
                0x3400cac0                        . = ALIGN (0x4)

.ARM            0x3400cac0        0x8
                0x3400cac0                        . = ALIGN (0x4)
                0x3400cac0                        __exidx_start = .
 *(.ARM.exidx*)
 .ARM.exidx     0x3400cac0        0x8 /opt/st/stm32cubeide_2.0.0/plugins/com.st.stm32cube.ide.mcu.externaltools.gnu-tools-for-stm32.13.3.rel1.linux64_1.0.100.202509120712/tools/bin/../lib/gcc/arm-none-eabi/13.3.1/thumb/v8-m.main+dp/hard/libgcc.a(_udivmoddi4.o)
                0x3400cac8                        __exidx_end = .
                0x3400cac8                        . = ALIGN (0x4)

.rel.dyn        0x3400cac8        0x0
 .rel.iplt      0x3400cac8        0x0 /opt/st/stm32cubeide_2.0.0/plugins/com.st.stm32cube.ide.mcu.externaltools.gnu-tools-for-stm32.13.3.rel1.linux64_1.0.100.202509120712/tools/bin/../lib/gcc/arm-none-eabi/13.3.1/thumb/v8-m.main+dp/hard/crtbegin.o

.preinit_array  0x3400cac8        0x0
                0x3400cac8                        . = ALIGN (0x4)
                0x3400cac8                        PROVIDE (__preinit_array_start = .)
 *(.preinit_array*)
                0x3400cac8                        PROVIDE (__preinit_array_end = .)
                0x3400cac8                        . = ALIGN (0x4)

.init_array     0x3400cac8        0x4
                0x3400cac8                        . = ALIGN (0x4)
                0x3400cac8                        PROVIDE (__init_array_start = .)
 *(SORT_BY_NAME(.init_array.*))
 *(.init_array*)
 .init_array    0x3400cac8        0x4 /opt/st/stm32cubeide_2.0.0/plugins/com.st.stm32cube.ide.mcu.externaltools.gnu-tools-for-stm32.13.3.rel1.linux64_1.0.100.202509120712/tools/bin/../lib/gcc/arm-none-eabi/13.3.1/thumb/v8-m.main+dp/hard/crtbegin.o
                0x3400cacc                        PROVIDE (__init_array_end = .)
                0x3400cacc                        . = ALIGN (0x4)

.fini_array     0x3400cacc        0x4
                0x3400cacc                        . = ALIGN (0x4)
                [!provide]                        PROVIDE (__fini_array_start = .)
 *(SORT_BY_NAME(.fini_array.*))
 *(.fini_array*)
 .fini_array    0x3400cacc        0x4 /opt/st/stm32cubeide_2.0.0/plugins/com.st.stm32cube.ide.mcu.externaltools.gnu-tools-for-stm32.13.3.rel1.linux64_1.0.100.202509120712/tools/bin/../lib/gcc/arm-none-eabi/13.3.1/thumb/v8-m.main+dp/hard/crtbegin.o
                [!provide]                        PROVIDE (__fini_array_end = .)
                0x3400cad0                        . = ALIGN (0x4)
                0x3400cad0                        _sidata = LOADADDR (.data)

.data           0x34080000        0xc load address 0x3400cad0
                0x34080000                        . = ALIGN (0x4)
                0x34080000                        _sdata = .
 *(.data)
 *(.data*)
 .data.SystemCoreClock
                0x34080000        0x4 ./Core/Src/system_stm32n6xx_s.o
                0x34080000                SystemCoreClock
 .data.uwTickPrio
                0x34080004        0x4 ./Drivers/STM32N6xx_HAL_Driver/stm32n6xx_hal.o
                0x34080004                uwTickPrio
 .data.uwTickFreq
                0x34080008        0x1 ./Drivers/STM32N6xx_HAL_Driver/stm32n6xx_hal.o
                0x34080008                uwTickFreq
                0x3408000c                        . = ALIGN (0x4)
 *fill*         0x34080009        0x3 
                0x3408000c                        _edata = .

.igot.plt       0x3408000c        0x0 load address 0x3400cadc
 .igot.plt      0x3408000c        0x0 /opt/st/stm32cubeide_2.0.0/plugins/com.st.stm32cube.ide.mcu.externaltools.gnu-tools-for-stm32.13.3.rel1.linux64_1.0.100.202509120712/tools/bin/../lib/gcc/arm-none-eabi/13.3.1/thumb/v8-m.main+dp/hard/crtbegin.o

.noncacheable   0x3408000c        0x4 load address 0x3400cadc
                0x34080010                        . = ALIGN (0x8)
 *fill*         0x3408000c        0x4 
                0x34080010                        __snoncacheable = .
 *(.noncacheable)
                0x34080010                        . = ALIGN (0x8)
                0x34080010                        __enoncacheable = .

.gnu.sgstubs    0x3400cae0       0x20
                0x3400cae0                        _sNSCVeneer = .
                0x3400cae0                        . = ALIGN (0x4)
 *(.gnu.sgstubs*)
                0x3400cae0                        . = ALIGN (0x4)
 .gnu.sgstubs.__stub
                0x3400cae0       0x10 linker stubs
                0x3400cae0                SECURE_SystemCoreClockUpdate
                0x3400cae8                SECURE_RegisterCallback
                0x3400cb00                        _eNSCVeneer = .
                0x3400caf0                        . = ALIGN (0x4)

.bss            0x34080010      0x194
                0x34080010                        _sbss = .
                0x34080010                        __bss_start__ = _sbss
 *(.bss)
 .bss           0x34080010       0x1c /opt/st/stm32cubeide_2.0.0/plugins/com.st.stm32cube.ide.mcu.externaltools.gnu-tools-for-stm32.13.3.rel1.linux64_1.0.100.202509120712/tools/bin/../lib/gcc/arm-none-eabi/13.3.1/thumb/v8-m.main+dp/hard/crtbegin.o
 *(.bss*)
 .bss.hdcmipp   0x3408002c        0xc ./Core/Src/main.o
                0x3408002c                hdcmipp
 .bss.huart1    0x34080038       0x94 ./Core/Src/main.o
                0x34080038                huart1
 .bss.hxspi1    0x340800cc       0x64 ./Core/Src/main.o
                0x340800cc                hxspi1
 .bss.hxspi2    0x34080130       0x64 ./Core/Src/main.o
                0x34080130                hxspi2
 .bss.pSecureFaultCallback
                0x34080194        0x4 ./Core/Src/secure_nsc.o
                0x34080194                pSecureFaultCallback
 .bss.pSecureErrorCallback
                0x34080198        0x4 ./Core/Src/secure_nsc.o
                0x34080198                pSecureErrorCallback
 .bss.HAL_RCC_XSPIM_CLK_ENABLED
                0x3408019c        0x4 ./Core/Src/stm32n6xx_hal_msp.o
 .bss.uwTick    0x340801a0        0x4 ./Drivers/STM32N6xx_HAL_Driver/stm32n6xx_hal.o
                0x340801a0                uwTick
 *(COMMON)
                0x340801a4                        . = ALIGN (0x4)
                0x340801a4                        _ebss = .
                0x340801a4                        __bss_end__ = _ebss

._user_heap_stack
                0x340801a4      0xa04
                0x340801a8                        . = ALIGN (0x8)
 *fill*         0x340801a4        0x4 
                [!provide]                        PROVIDE (end = .)
                0x340801a8                        PROVIDE (_end = .)
                0x340803a8                        . = (. + _Min_Heap_Size)
 *fill*         0x340801a8      0x200 
                0x34080ba8                        . = (. + _Min_Stack_Size)
 *fill*         0x340803a8      0x800 
                0x34080ba8                        . = ALIGN (0x8)

/DISCARD/
 libc.a(*)
 libm.a(*)
 libgcc.a(*)

.ARM.attributes
                0x00000000       0x3a
 *(.ARM.attributes)
 .ARM.attributes
                0x00000000       0x24 /opt/st/stm32cubeide_2.0.0/plugins/com.st.stm32cube.ide.mcu.externaltools.gnu-tools-for-stm32.13.3.rel1.linux64_1.0.100.202509120712/tools/bin/../lib/gcc/arm-none-eabi/13.3.1/thumb/v8-m.main+dp/hard/crti.o
 .ARM.attributes
                0x00000024       0x36 /opt/st/stm32cubeide_2.0.0/plugins/com.st.stm32cube.ide.mcu.externaltools.gnu-tools-for-stm32.13.3.rel1.linux64_1.0.100.202509120712/tools/bin/../lib/gcc/arm-none-eabi/13.3.1/thumb/v8-m.main+dp/hard/crtbegin.o
 .ARM.attributes
                0x0000005a       0x3e ./Core/Src/main.o
 .ARM.attributes
                0x00000098       0x3e ./Core/Src/secure_nsc.o
 .ARM.attributes
                0x000000d6       0x3e ./Core/Src/stm32n6xx_hal_msp.o
 .ARM.attributes
                0x00000114       0x3e ./Core/Src/stm32n6xx_it.o
 .ARM.attributes
                0x00000152       0x3e ./Core/Src/system_stm32n6xx_s.o
 .ARM.attributes
                0x00000190       0x22 ./Core/Startup/startup_stm32n657x0hxq.o
 .ARM.attributes
                0x000001b2       0x3e ./Drivers/STM32N6xx_HAL_Driver/stm32n6xx_hal.o
 .ARM.attributes
                0x000001f0       0x3e ./Drivers/STM32N6xx_HAL_Driver/stm32n6xx_hal_cortex.o
 .ARM.attributes
                0x0000022e       0x3e ./Drivers/STM32N6xx_HAL_Driver/stm32n6xx_hal_dcmipp.o
 .ARM.attributes
                0x0000026c       0x3e ./Drivers/STM32N6xx_HAL_Driver/stm32n6xx_hal_gpio.o
 .ARM.attributes
                0x000002aa       0x3e ./Drivers/STM32N6xx_HAL_Driver/stm32n6xx_hal_pwr_ex.o
 .ARM.attributes
                0x000002e8       0x3e ./Drivers/STM32N6xx_HAL_Driver/stm32n6xx_hal_rcc.o
 .ARM.attributes
                0x00000326       0x3e ./Drivers/STM32N6xx_HAL_Driver/stm32n6xx_hal_rcc_ex.o
 .ARM.attributes
                0x00000364       0x3e ./Drivers/STM32N6xx_HAL_Driver/stm32n6xx_hal_uart.o
 .ARM.attributes
                0x000003a2       0x3e ./Drivers/STM32N6xx_HAL_Driver/stm32n6xx_hal_uart_ex.o
 .ARM.attributes
                0x000003e0       0x3e ./Drivers/STM32N6xx_HAL_Driver/stm32n6xx_hal_xspi.o
 .ARM.attributes
                0x0000041e       0x36 /opt/st/stm32cubeide_2.0.0/plugins/com.st.stm32cube.ide.mcu.externaltools.gnu-tools-for-stm32.13.3.rel1.linux64_1.0.100.202509120712/tools/bin/../lib/gcc/arm-none-eabi/13.3.1/../../../../arm-none-eabi/lib/thumb/v8-m.main+dp/hard/libc_nano.a(libc_a-memset.o)
 .ARM.attributes
                0x00000454       0x36 /opt/st/stm32cubeide_2.0.0/plugins/com.st.stm32cube.ide.mcu.externaltools.gnu-tools-for-stm32.13.3.rel1.linux64_1.0.100.202509120712/tools/bin/../lib/gcc/arm-none-eabi/13.3.1/../../../../arm-none-eabi/lib/thumb/v8-m.main+dp/hard/libc_nano.a(libc_a-init.o)
 .ARM.attributes
                0x0000048a       0x36 /opt/st/stm32cubeide_2.0.0/plugins/com.st.stm32cube.ide.mcu.externaltools.gnu-tools-for-stm32.13.3.rel1.linux64_1.0.100.202509120712/tools/bin/../lib/gcc/arm-none-eabi/13.3.1/../../../../arm-none-eabi/lib/thumb/v8-m.main+dp/hard/libc_nano.a(libc_a-memcpy-stub.o)
 .ARM.attributes
                0x000004c0       0x24 /opt/st/stm32cubeide_2.0.0/plugins/com.st.stm32cube.ide.mcu.externaltools.gnu-tools-for-stm32.13.3.rel1.linux64_1.0.100.202509120712/tools/bin/../lib/gcc/arm-none-eabi/13.3.1/thumb/v8-m.main+dp/hard/libgcc.a(_aeabi_uldivmod.o)
 .ARM.attributes
                0x000004e4       0x36 /opt/st/stm32cubeide_2.0.0/plugins/com.st.stm32cube.ide.mcu.externaltools.gnu-tools-for-stm32.13.3.rel1.linux64_1.0.100.202509120712/tools/bin/../lib/gcc/arm-none-eabi/13.3.1/thumb/v8-m.main+dp/hard/libgcc.a(_udivmoddi4.o)
 .ARM.attributes
                0x0000051a       0x24 /opt/st/stm32cubeide_2.0.0/plugins/com.st.stm32cube.ide.mcu.externaltools.gnu-tools-for-stm32.13.3.rel1.linux64_1.0.100.202509120712/tools/bin/../lib/gcc/arm-none-eabi/13.3.1/thumb/v8-m.main+dp/hard/libgcc.a(_dvmd_tls.o)
 .ARM.attributes
                0x0000053e       0x24 /opt/st/stm32cubeide_2.0.0/plugins/com.st.stm32cube.ide.mcu.externaltools.gnu-tools-for-stm32.13.3.rel1.linux64_1.0.100.202509120712/tools/bin/../lib/gcc/arm-none-eabi/13.3.1/thumb/v8-m.main+dp/hard/crtn.o
OUTPUT(disco-rec_Appli.elf elf32-littlearm)
LOAD linker stubs
LOAD /opt/st/stm32cubeide_2.0.0/plugins/com.st.stm32cube.ide.mcu.externaltools.gnu-tools-for-stm32.13.3.rel1.linux64_1.0.100.202509120712/tools/bin/../lib/gcc/arm-none-eabi/13.3.1/../../../../arm-none-eabi/lib/thumb/v8-m.main+dp/hard/libc.a
LOAD /opt/st/stm32cubeide_2.0.0/plugins/com.st.stm32cube.ide.mcu.externaltools.gnu-tools-for-stm32.13.3.rel1.linux64_1.0.100.202509120712/tools/bin/../lib/gcc/arm-none-eabi/13.3.1/../../../../arm-none-eabi/lib/thumb/v8-m.main+dp/hard/libm.a
LOAD /opt/st/stm32cubeide_2.0.0/plugins/com.st.stm32cube.ide.mcu.externaltools.gnu-tools-for-stm32.13.3.rel1.linux64_1.0.100.202509120712/tools/bin/../lib/gcc/arm-none-eabi/13.3.1/thumb/v8-m.main+dp/hard/libgcc.a

.debug_info     0x00000000    0x21892
 .debug_info    0x00000000     0x3102 ./Core/Src/main.o
 .debug_info    0x00003102      0x103 ./Core/Src/secure_nsc.o
 .debug_info    0x00003205     0x3c80 ./Core/Src/stm32n6xx_hal_msp.o
 .debug_info    0x00006e85     0x110e ./Core/Src/stm32n6xx_it.o
 .debug_info    0x00007f93     0x1ab2 ./Core/Src/system_stm32n6xx_s.o
 .debug_info    0x00009a45       0x30 ./Core/Startup/startup_stm32n657x0hxq.o
 .debug_info    0x00009a75     0x27e2 ./Drivers/STM32N6xx_HAL_Driver/stm32n6xx_hal.o
 .debug_info    0x0000c257     0x1491 ./Drivers/STM32N6xx_HAL_Driver/stm32n6xx_hal_cortex.o
 .debug_info    0x0000d6e8     0x4d41 ./Drivers/STM32N6xx_HAL_Driver/stm32n6xx_hal_dcmipp.o
 .debug_info    0x00012429      0xafd ./Drivers/STM32N6xx_HAL_Driver/stm32n6xx_hal_gpio.o
 .debug_info    0x00012f26      0xd08 ./Drivers/STM32N6xx_HAL_Driver/stm32n6xx_hal_pwr_ex.o
 .debug_info    0x00013c2e     0x2161 ./Drivers/STM32N6xx_HAL_Driver/stm32n6xx_hal_rcc.o
 .debug_info    0x00015d8f     0x3841 ./Drivers/STM32N6xx_HAL_Driver/stm32n6xx_hal_rcc_ex.o
 .debug_info    0x000195d0     0x45b3 ./Drivers/STM32N6xx_HAL_Driver/stm32n6xx_hal_uart.o
 .debug_info    0x0001db83     0x10f3 ./Drivers/STM32N6xx_HAL_Driver/stm32n6xx_hal_uart_ex.o
 .debug_info    0x0001ec76     0x2c1c ./Drivers/STM32N6xx_HAL_Driver/stm32n6xx_hal_xspi.o

.debug_abbrev   0x00000000     0x251e
 .debug_abbrev  0x00000000      0x2df ./Core/Src/main.o
 .debug_abbrev  0x000002df       0x9f ./Core/Src/secure_nsc.o
 .debug_abbrev  0x0000037e      0x29d ./Core/Src/stm32n6xx_hal_msp.o
 .debug_abbrev  0x0000061b      0x149 ./Core/Src/stm32n6xx_it.o
 .debug_abbrev  0x00000764      0x177 ./Core/Src/system_stm32n6xx_s.o
 .debug_abbrev  0x000008db       0x24 ./Core/Startup/startup_stm32n657x0hxq.o
 .debug_abbrev  0x000008ff      0x2bd ./Drivers/STM32N6xx_HAL_Driver/stm32n6xx_hal.o
 .debug_abbrev  0x00000bbc      0x330 ./Drivers/STM32N6xx_HAL_Driver/stm32n6xx_hal_cortex.o
 .debug_abbrev  0x00000eec      0x27f ./Drivers/STM32N6xx_HAL_Driver/stm32n6xx_hal_dcmipp.o
 .debug_abbrev  0x0000116b      0x24d ./Drivers/STM32N6xx_HAL_Driver/stm32n6xx_hal_gpio.o
 .debug_abbrev  0x000013b8      0x265 ./Drivers/STM32N6xx_HAL_Driver/stm32n6xx_hal_pwr_ex.o
 .debug_abbrev  0x0000161d      0x36a ./Drivers/STM32N6xx_HAL_Driver/stm32n6xx_hal_rcc.o
 .debug_abbrev  0x00001987      0x305 ./Drivers/STM32N6xx_HAL_Driver/stm32n6xx_hal_rcc_ex.o
 .debug_abbrev  0x00001c8c      0x306 ./Drivers/STM32N6xx_HAL_Driver/stm32n6xx_hal_uart.o
 .debug_abbrev  0x00001f92      0x2d5 ./Drivers/STM32N6xx_HAL_Driver/stm32n6xx_hal_uart_ex.o
 .debug_abbrev  0x00002267      0x2b7 ./Drivers/STM32N6xx_HAL_Driver/stm32n6xx_hal_xspi.o

.debug_aranges  0x00000000     0x1e28
 .debug_aranges
                0x00000000       0x60 ./Core/Src/main.o
 .debug_aranges
                0x00000060       0x20 ./Core/Src/secure_nsc.o
 .debug_aranges
                0x00000080       0x98 ./Core/Src/stm32n6xx_hal_msp.o
 .debug_aranges
                0x00000118       0x78 ./Core/Src/stm32n6xx_it.o
 .debug_aranges
                0x00000190       0x38 ./Core/Src/system_stm32n6xx_s.o
 .debug_aranges
                0x000001c8       0x28 ./Core/Startup/startup_stm32n657x0hxq.o
 .debug_aranges
                0x000001f0      0x3d0 ./Drivers/STM32N6xx_HAL_Driver/stm32n6xx_hal.o
 .debug_aranges
                0x000005c0      0x178 ./Drivers/STM32N6xx_HAL_Driver/stm32n6xx_hal_cortex.o
 .debug_aranges
                0x00000738      0x558 ./Drivers/STM32N6xx_HAL_Driver/stm32n6xx_hal_dcmipp.o
 .debug_aranges
                0x00000c90       0xa8 ./Drivers/STM32N6xx_HAL_Driver/stm32n6xx_hal_gpio.o
 .debug_aranges
                0x00000d38      0x260 ./Drivers/STM32N6xx_HAL_Driver/stm32n6xx_hal_pwr_ex.o
 .debug_aranges
                0x00000f98      0x2a0 ./Drivers/STM32N6xx_HAL_Driver/stm32n6xx_hal_rcc.o
 .debug_aranges
                0x00001238      0x758 ./Drivers/STM32N6xx_HAL_Driver/stm32n6xx_hal_rcc_ex.o
 .debug_aranges
                0x00001990      0x248 ./Drivers/STM32N6xx_HAL_Driver/stm32n6xx_hal_uart.o
 .debug_aranges
                0x00001bd8       0xa8 ./Drivers/STM32N6xx_HAL_Driver/stm32n6xx_hal_uart_ex.o
 .debug_aranges
                0x00001c80      0x1a8 ./Drivers/STM32N6xx_HAL_Driver/stm32n6xx_hal_xspi.o

.debug_rnglists
                0x00000000     0x1733
 .debug_rnglists
                0x00000000       0x47 ./Core/Src/main.o
 .debug_rnglists
                0x00000047       0x13 ./Core/Src/secure_nsc.o
 .debug_rnglists
                0x0000005a       0x71 ./Core/Src/stm32n6xx_hal_msp.o
 .debug_rnglists
                0x000000cb       0x55 ./Core/Src/stm32n6xx_it.o
 .debug_rnglists
                0x00000120       0x26 ./Core/Src/system_stm32n6xx_s.o
 .debug_rnglists
                0x00000146       0x19 ./Core/Startup/startup_stm32n657x0hxq.o
 .debug_rnglists
                0x0000015f      0x2da ./Drivers/STM32N6xx_HAL_Driver/stm32n6xx_hal.o
 .debug_rnglists
                0x00000439      0x115 ./Drivers/STM32N6xx_HAL_Driver/stm32n6xx_hal_cortex.o
 .debug_rnglists
                0x0000054e      0x433 ./Drivers/STM32N6xx_HAL_Driver/stm32n6xx_hal_dcmipp.o
 .debug_rnglists
                0x00000981       0x80 ./Drivers/STM32N6xx_HAL_Driver/stm32n6xx_hal_gpio.o
 .debug_rnglists
                0x00000a01      0x1c9 ./Drivers/STM32N6xx_HAL_Driver/stm32n6xx_hal_pwr_ex.o
 .debug_rnglists
                0x00000bca      0x201 ./Drivers/STM32N6xx_HAL_Driver/stm32n6xx_hal_rcc.o
 .debug_rnglists
                0x00000dcb      0x5a1 ./Drivers/STM32N6xx_HAL_Driver/stm32n6xx_hal_rcc_ex.o
 .debug_rnglists
                0x0000136c      0x1f9 ./Drivers/STM32N6xx_HAL_Driver/stm32n6xx_hal_uart.o
 .debug_rnglists
                0x00001565       0x7f ./Drivers/STM32N6xx_HAL_Driver/stm32n6xx_hal_uart_ex.o
 .debug_rnglists
                0x000015e4      0x14f ./Drivers/STM32N6xx_HAL_Driver/stm32n6xx_hal_xspi.o

.debug_macro    0x00000000    0x53825
 .debug_macro   0x00000000      0x2be ./Core/Src/main.o
 .debug_macro   0x000002be      0xb5c ./Core/Src/main.o
 .debug_macro   0x00000e1a       0x16 ./Core/Src/main.o
 .debug_macro   0x00000e30      0x1df ./Core/Src/main.o
 .debug_macro   0x0000100f      0x190 ./Core/Src/main.o
 .debug_macro   0x0000119f       0x63 ./Core/Src/main.o
 .debug_macro   0x00001202       0x2e ./Core/Src/main.o
 .debug_macro   0x00001230       0x6c ./Core/Src/main.o
 .debug_macro   0x0000129c       0x22 ./Core/Src/main.o
 .debug_macro   0x000012be       0x8e ./Core/Src/main.o
 .debug_macro   0x0000134c       0x51 ./Core/Src/main.o
 .debug_macro   0x0000139d      0x103 ./Core/Src/main.o
 .debug_macro   0x000014a0       0x6a ./Core/Src/main.o
 .debug_macro   0x0000150a      0x1df ./Core/Src/main.o
 .debug_macro   0x000016e9       0x2e ./Core/Src/main.o
 .debug_macro   0x00001717       0x17 ./Core/Src/main.o
 .debug_macro   0x0000172e       0x34 ./Core/Src/main.o
 .debug_macro   0x00001762      0x26d ./Core/Src/main.o
 .debug_macro   0x000019cf       0x3a ./Core/Src/main.o
 .debug_macro   0x00001a09     0x2f0c ./Core/Src/main.o
 .debug_macro   0x00004915      0x130 ./Core/Src/main.o
 .debug_macro   0x00004a45      0x344 ./Core/Src/main.o
 .debug_macro   0x00004d89      0x146 ./Core/Src/main.o
 .debug_macro   0x00004ecf       0x22 ./Core/Src/main.o
 .debug_macro   0x00004ef1    0x3e927 ./Core/Src/main.o
 .debug_macro   0x00043818       0x6c ./Core/Src/main.o
 .debug_macro   0x00043884     0x3486 ./Core/Src/main.o
 .debug_macro   0x00046d0a       0x61 ./Core/Src/main.o
 .debug_macro   0x00046d6b       0x29 ./Core/Src/main.o
 .debug_macro   0x00046d94       0x43 ./Core/Src/main.o
 .debug_macro   0x00046dd7       0x34 ./Core/Src/main.o
 .debug_macro   0x00046e0b      0x370 ./Core/Src/main.o
 .debug_macro   0x0004717b       0x16 ./Core/Src/main.o
 .debug_macro   0x00047191       0x4a ./Core/Src/main.o
 .debug_macro   0x000471db       0x34 ./Core/Src/main.o
 .debug_macro   0x0004720f       0x10 ./Core/Src/main.o
 .debug_macro   0x0004721f       0x58 ./Core/Src/main.o
 .debug_macro   0x00047277       0x8e ./Core/Src/main.o
 .debug_macro   0x00047305       0x1c ./Core/Src/main.o
 .debug_macro   0x00047321      0x185 ./Core/Src/main.o
 .debug_macro   0x000474a6      0x19b ./Core/Src/main.o
 .debug_macro   0x00047641       0x72 ./Core/Src/main.o
 .debug_macro   0x000476b3      0x47a ./Core/Src/main.o
 .debug_macro   0x00047b2d     0x10fe ./Core/Src/main.o
 .debug_macro   0x00048c2b     0x27e2 ./Core/Src/main.o
 .debug_macro   0x0004b40d      0xfd4 ./Core/Src/main.o
 .debug_macro   0x0004c3e1      0x1af ./Core/Src/main.o
 .debug_macro   0x0004c590      0x2c9 ./Core/Src/main.o
 .debug_macro   0x0004c859      0x2c4 ./Core/Src/main.o
 .debug_macro   0x0004cb1d      0xa36 ./Core/Src/main.o
 .debug_macro   0x0004d553      0x7b2 ./Core/Src/main.o
 .debug_macro   0x0004dd05       0xeb ./Core/Src/main.o
 .debug_macro   0x0004ddf0      0x216 ./Core/Src/main.o
 .debug_macro   0x0004e006      0xdf4 ./Core/Src/main.o
 .debug_macro   0x0004edfa      0x36b ./Core/Src/main.o
 .debug_macro   0x0004f165      0x303 ./Core/Src/main.o
 .debug_macro   0x0004f468      0x46a ./Core/Src/main.o
 .debug_macro   0x0004f8d2      0x693 ./Core/Src/main.o
 .debug_macro   0x0004ff65       0xa6 ./Core/Src/main.o
 .debug_macro   0x0005000b      0x72d ./Core/Src/main.o
 .debug_macro   0x00050738      0x5fb ./Core/Src/main.o
 .debug_macro   0x00050d33      0x1bc ./Core/Src/main.o
 .debug_macro   0x00050eef      0x2c8 ./Core/Src/secure_nsc.o
 .debug_macro   0x000511b7      0x2be ./Core/Src/stm32n6xx_hal_msp.o
 .debug_macro   0x00051475      0x2c8 ./Core/Src/stm32n6xx_it.o
 .debug_macro   0x0005173d      0x2d6 ./Core/Src/system_stm32n6xx_s.o
 .debug_macro   0x00051a13      0x1a9 ./Core/Src/system_stm32n6xx_s.o
 .debug_macro   0x00051bbc      0x2b6 ./Drivers/STM32N6xx_HAL_Driver/stm32n6xx_hal.o
 .debug_macro   0x00051e72      0x2b1 ./Drivers/STM32N6xx_HAL_Driver/stm32n6xx_hal_cortex.o
 .debug_macro   0x00052123      0x2db ./Drivers/STM32N6xx_HAL_Driver/stm32n6xx_hal_dcmipp.o
 .debug_macro   0x000523fe      0x2b7 ./Drivers/STM32N6xx_HAL_Driver/stm32n6xx_hal_gpio.o
 .debug_macro   0x000526b5      0x2fe ./Drivers/STM32N6xx_HAL_Driver/stm32n6xx_hal_pwr_ex.o
 .debug_macro   0x000529b3      0x334 ./Drivers/STM32N6xx_HAL_Driver/stm32n6xx_hal_rcc.o
 .debug_macro   0x00052ce7      0x2b0 ./Drivers/STM32N6xx_HAL_Driver/stm32n6xx_hal_rcc_ex.o
 .debug_macro   0x00052f97      0x2db ./Drivers/STM32N6xx_HAL_Driver/stm32n6xx_hal_uart.o
 .debug_macro   0x00053272      0x2bc ./Drivers/STM32N6xx_HAL_Driver/stm32n6xx_hal_uart_ex.o
 .debug_macro   0x0005352e      0x2f7 ./Drivers/STM32N6xx_HAL_Driver/stm32n6xx_hal_xspi.o

.debug_line     0x00000000    0x17fa6
 .debug_line    0x00000000      0xa5f ./Core/Src/main.o
 .debug_line    0x00000a5f      0x860 ./Core/Src/secure_nsc.o
 .debug_line    0x000012bf      0xaf2 ./Core/Src/stm32n6xx_hal_msp.o
 .debug_line    0x00001db1      0x924 ./Core/Src/stm32n6xx_it.o
 .debug_line    0x000026d5      0xab6 ./Core/Src/system_stm32n6xx_s.o
 .debug_line    0x0000318b       0x7e ./Core/Startup/startup_stm32n657x0hxq.o
 .debug_line    0x00003209     0x15f4 ./Drivers/STM32N6xx_HAL_Driver/stm32n6xx_hal.o
 .debug_line    0x000047fd      0xf9a ./Drivers/STM32N6xx_HAL_Driver/stm32n6xx_hal_cortex.o
 .debug_line    0x00005797     0x3b73 ./Drivers/STM32N6xx_HAL_Driver/stm32n6xx_hal_dcmipp.o
 .debug_line    0x0000930a     0x101c ./Drivers/STM32N6xx_HAL_Driver/stm32n6xx_hal_gpio.o
 .debug_line    0x0000a326     0x130e ./Drivers/STM32N6xx_HAL_Driver/stm32n6xx_hal_pwr_ex.o
 .debug_line    0x0000b634     0x2187 ./Drivers/STM32N6xx_HAL_Driver/stm32n6xx_hal_rcc.o
 .debug_line    0x0000d7bb     0x47bf ./Drivers/STM32N6xx_HAL_Driver/stm32n6xx_hal_rcc_ex.o
 .debug_line    0x00011f7a     0x36e5 ./Drivers/STM32N6xx_HAL_Driver/stm32n6xx_hal_uart.o
 .debug_line    0x0001565f      0xdb6 ./Drivers/STM32N6xx_HAL_Driver/stm32n6xx_hal_uart_ex.o
 .debug_line    0x00016415     0x1b91 ./Drivers/STM32N6xx_HAL_Driver/stm32n6xx_hal_xspi.o

.debug_str      0x00000000   0x2184da
 .debug_str     0x00000000   0x2184da ./Core/Src/main.o
                             0x20ebe2 (size before relaxing)
 .debug_str     0x002184da        0x0 ./Core/Src/secure_nsc.o
                             0x20cf07 (size before relaxing)
 .debug_str     0x002184da        0x0 ./Core/Src/stm32n6xx_hal_msp.o
                             0x20fbbb (size before relaxing)
 .debug_str     0x002184da        0x0 ./Core/Src/stm32n6xx_it.o
                             0x20d95d (size before relaxing)
 .debug_str     0x002184da        0x0 ./Core/Src/system_stm32n6xx_s.o
                             0x20db61 (size before relaxing)
 .debug_str     0x002184da        0x0 ./Core/Startup/startup_stm32n657x0hxq.o
                                 0x84 (size before relaxing)
 .debug_str     0x002184da        0x0 ./Drivers/STM32N6xx_HAL_Driver/stm32n6xx_hal.o
                             0x20ee4c (size before relaxing)
 .debug_str     0x002184da        0x0 ./Drivers/STM32N6xx_HAL_Driver/stm32n6xx_hal_cortex.o
                             0x20d920 (size before relaxing)
 .debug_str     0x002184da        0x0 ./Drivers/STM32N6xx_HAL_Driver/stm32n6xx_hal_dcmipp.o
                             0x20f711 (size before relaxing)
 .debug_str     0x002184da        0x0 ./Drivers/STM32N6xx_HAL_Driver/stm32n6xx_hal_gpio.o
                             0x20cb7b (size before relaxing)
 .debug_str     0x002184da        0x0 ./Drivers/STM32N6xx_HAL_Driver/stm32n6xx_hal_pwr_ex.o
                             0x20d3b5 (size before relaxing)
 .debug_str     0x002184da        0x0 ./Drivers/STM32N6xx_HAL_Driver/stm32n6xx_hal_rcc.o
                             0x20e085 (size before relaxing)
 .debug_str     0x002184da        0x0 ./Drivers/STM32N6xx_HAL_Driver/stm32n6xx_hal_rcc_ex.o
                             0x20f07a (size before relaxing)
 .debug_str     0x002184da        0x0 ./Drivers/STM32N6xx_HAL_Driver/stm32n6xx_hal_uart.o
                             0x20d78b (size before relaxing)
 .debug_str     0x002184da        0x0 ./Drivers/STM32N6xx_HAL_Driver/stm32n6xx_hal_uart_ex.o
                             0x20d15e (size before relaxing)
 .debug_str     0x002184da        0x0 ./Drivers/STM32N6xx_HAL_Driver/stm32n6xx_hal_xspi.o
                             0x20e1c7 (size before relaxing)

.comment        0x00000000       0x43
 .comment       0x00000000       0x43 ./Core/Src/main.o
                                 0x44 (size before relaxing)
 .comment       0x00000043        0x0 ./Core/Src/secure_nsc.o
                                 0x44 (size before relaxing)
 .comment       0x00000043        0x0 ./Core/Src/stm32n6xx_hal_msp.o
                                 0x44 (size before relaxing)
 .comment       0x00000043        0x0 ./Core/Src/stm32n6xx_it.o
                                 0x44 (size before relaxing)
 .comment       0x00000043        0x0 ./Core/Src/system_stm32n6xx_s.o
                                 0x44 (size before relaxing)
 .comment       0x00000043        0x0 ./Drivers/STM32N6xx_HAL_Driver/stm32n6xx_hal.o
                                 0x44 (size before relaxing)
 .comment       0x00000043        0x0 ./Drivers/STM32N6xx_HAL_Driver/stm32n6xx_hal_cortex.o
                                 0x44 (size before relaxing)
 .comment       0x00000043        0x0 ./Drivers/STM32N6xx_HAL_Driver/stm32n6xx_hal_dcmipp.o
                                 0x44 (size before relaxing)
 .comment       0x00000043        0x0 ./Drivers/STM32N6xx_HAL_Driver/stm32n6xx_hal_gpio.o
                                 0x44 (size before relaxing)
 .comment       0x00000043        0x0 ./Drivers/STM32N6xx_HAL_Driver/stm32n6xx_hal_pwr_ex.o
                                 0x44 (size before relaxing)
 .comment       0x00000043        0x0 ./Drivers/STM32N6xx_HAL_Driver/stm32n6xx_hal_rcc.o
                                 0x44 (size before relaxing)
 .comment       0x00000043        0x0 ./Drivers/STM32N6xx_HAL_Driver/stm32n6xx_hal_rcc_ex.o
                                 0x44 (size before relaxing)
 .comment       0x00000043        0x0 ./Drivers/STM32N6xx_HAL_Driver/stm32n6xx_hal_uart.o
                                 0x44 (size before relaxing)
 .comment       0x00000043        0x0 ./Drivers/STM32N6xx_HAL_Driver/stm32n6xx_hal_uart_ex.o
                                 0x44 (size before relaxing)
 .comment       0x00000043        0x0 ./Drivers/STM32N6xx_HAL_Driver/stm32n6xx_hal_xspi.o
                                 0x44 (size before relaxing)

.debug_frame    0x00000000     0x8340
 .debug_frame   0x00000000      0x130 ./Core/Src/main.o
 .debug_frame   0x00000130       0x3c ./Core/Src/secure_nsc.o
 .debug_frame   0x0000016c      0x278 ./Core/Src/stm32n6xx_hal_msp.o
 .debug_frame   0x000003e4      0x154 ./Core/Src/stm32n6xx_it.o
 .debug_frame   0x00000538       0xa0 ./Core/Src/system_stm32n6xx_s.o
 .debug_frame   0x000005d8     0x1074 ./Drivers/STM32N6xx_HAL_Driver/stm32n6xx_hal.o
 .debug_frame   0x0000164c      0x658 ./Drivers/STM32N6xx_HAL_Driver/stm32n6xx_hal_cortex.o
 .debug_frame   0x00001ca4     0x1a0c ./Drivers/STM32N6xx_HAL_Driver/stm32n6xx_hal_dcmipp.o
 .debug_frame   0x000036b0      0x2dc ./Drivers/STM32N6xx_HAL_Driver/stm32n6xx_hal_gpio.o
 .debug_frame   0x0000398c      0x98c ./Drivers/STM32N6xx_HAL_Driver/stm32n6xx_hal_pwr_ex.o
 .debug_frame   0x00004318      0xac0 ./Drivers/STM32N6xx_HAL_Driver/stm32n6xx_hal_rcc.o
 .debug_frame   0x00004dd8     0x1f80 ./Drivers/STM32N6xx_HAL_Driver/stm32n6xx_hal_rcc_ex.o
 .debug_frame   0x00006d58      0xa8c ./Drivers/STM32N6xx_HAL_Driver/stm32n6xx_hal_uart.o
 .debug_frame   0x000077e4      0x2c0 ./Drivers/STM32N6xx_HAL_Driver/stm32n6xx_hal_uart_ex.o
 .debug_frame   0x00007aa4      0x7c4 ./Drivers/STM32N6xx_HAL_Driver/stm32n6xx_hal_xspi.o
 .debug_frame   0x00008268       0x20 /opt/st/stm32cubeide_2.0.0/plugins/com.st.stm32cube.ide.mcu.externaltools.gnu-tools-for-stm32.13.3.rel1.linux64_1.0.100.202509120712/tools/bin/../lib/gcc/arm-none-eabi/13.3.1/../../../../arm-none-eabi/lib/thumb/v8-m.main+dp/hard/libc_nano.a(libc_a-memset.o)