../../Drivers/STM32N6xx_HAL_Driver/Inc/stm32n6xx_ll_bus.h:925:22:LL_AHB1_GRP1_ForceReset	16	static
../../Drivers/STM32N6xx_HAL_Driver/Inc/stm32n6xx_ll_bus.h:939:22:LL_AHB1_GRP1_ReleaseReset	16	static
../../Drivers/STM32N6xx_HAL_Driver/Inc/stm32n6xx_ll_bus.h:1945:22:LL_AHB5_GRP1_ForceReset	16	static
../../Drivers/STM32N6xx_HAL_Driver/Inc/stm32n6xx_ll_bus.h:1999:22:LL_AHB5_GRP1_ReleaseReset	16	static
../../Drivers/STM32N6xx_HAL_Driver/Inc/stm32n6xx_ll_dma.h:1911:22:LL_DMA_ResetChannel	24	static
../../Drivers/STM32N6xx_HAL_Driver/Inc/stm32n6xx_ll_dma.h:1941:22:LL_DMA_SuspendChannel	24	static
../../Drivers/STM32N6xx_HAL_Driver/Inc/stm32n6xx_ll_dma.h:2034:22:LL_DMA_SetLinkedListBaseAddr	32	static
../../Drivers/STM32N6xx_HAL_Driver/Inc/stm32n6xx_ll_dma.h:2103:22:LL_DMA_ConfigControl	32	static
../../Drivers/STM32N6xx_HAL_Driver/Inc/stm32n6xx_ll_dma.h:2355:22:LL_DMA_ConfigTransfer	32	static
../../Drivers/STM32N6xx_HAL_Driver/Inc/stm32n6xx_ll_dma.h:2389:22:LL_DMA_ConfigBurstLength	32	static
../../Drivers/STM32N6xx_HAL_Driver/Inc/stm32n6xx_ll_dma.h:3677:22:LL_DMA_ConfigChannelTransfer	32	static
../../Drivers/STM32N6xx_HAL_Driver/Inc/stm32n6xx_ll_dma.h:3714:22:LL_DMA_SetTransferEventMode	32	static
../../Drivers/STM32N6xx_HAL_Driver/Inc/stm32n6xx_ll_dma.h:3852:22:LL_DMA_SetTriggerMode	32	static
../../Drivers/STM32N6xx_HAL_Driver/Inc/stm32n6xx_ll_dma.h:4341:22:LL_DMA_SetPeriphRequest	32	static
../../Drivers/STM32N6xx_HAL_Driver/Inc/stm32n6xx_ll_dma.h:4890:22:LL_DMA_SetHWTrigger	32	static
../../Drivers/STM32N6xx_HAL_Driver/Inc/stm32n6xx_ll_dma.h:5191:22:LL_DMA_ConfigBlkRptAddrUpdate	32	static
../../Drivers/STM32N6xx_HAL_Driver/Inc/stm32n6xx_ll_dma.h:5407:22:LL_DMA_SetBlkRptCount	32	static
../../Drivers/STM32N6xx_HAL_Driver/Inc/stm32n6xx_ll_dma.h:5458:22:LL_DMA_SetBlkDataLength	32	static
../../Drivers/STM32N6xx_HAL_Driver/Inc/stm32n6xx_ll_dma.h:5523:22:LL_DMA_ConfigAddresses	32	static
../../Drivers/STM32N6xx_HAL_Driver/Inc/stm32n6xx_ll_dma.h:5669:22:LL_DMA_ConfigAddrUpdateValue	32	static
../../Drivers/STM32N6xx_HAL_Driver/Inc/stm32n6xx_ll_dma.h:5770:22:LL_DMA_ConfigBlkRptAddrUpdateValue	32	static
../../Drivers/STM32N6xx_HAL_Driver/Inc/stm32n6xx_ll_dma.h:6589:22:LL_DMA_SetLinkedListAddrOffset	32	static
../../Drivers/STM32N6xx_HAL_Driver/Inc/stm32n6xx_ll_dma.h:6712:22:LL_DMA_DisableChannelSecure	16	static
../../Drivers/STM32N6xx_HAL_Driver/Inc/stm32n6xx_ll_dma.h:6801:22:LL_DMA_DisableChannelPrivilege	16	static
/home/simon/STM32CubeIDE/workspace_2.0.0/disco-rec/Drivers/STM32N6xx_HAL_Driver/Src/stm32n6xx_ll_dma.c:329:10:LL_DMA_DeInit	24	static
/home/simon/STM32CubeIDE/workspace_2.0.0/disco-rec/Drivers/STM32N6xx_HAL_Driver/Src/stm32n6xx_ll_dma.c:450:10:LL_DMA_Init	24	static
/home/simon/STM32CubeIDE/workspace_2.0.0/disco-rec/Drivers/STM32N6xx_HAL_Driver/Src/stm32n6xx_ll_dma.c:683:6:LL_DMA_StructInit	16	static
/home/simon/STM32CubeIDE/workspace_2.0.0/disco-rec/Drivers/STM32N6xx_HAL_Driver/Src/stm32n6xx_ll_dma.c:732:6:LL_DMA_ListStructInit	16	static
/home/simon/STM32CubeIDE/workspace_2.0.0/disco-rec/Drivers/STM32N6xx_HAL_Driver/Src/stm32n6xx_ll_dma.c:770:10:LL_DMA_List_DeInit	16	static
/home/simon/STM32CubeIDE/workspace_2.0.0/disco-rec/Drivers/STM32N6xx_HAL_Driver/Src/stm32n6xx_ll_dma.c:807:10:LL_DMA_List_Init	24	static
/home/simon/STM32CubeIDE/workspace_2.0.0/disco-rec/Drivers/STM32N6xx_HAL_Driver/Src/stm32n6xx_ll_dma.c:848:6:LL_DMA_NodeStructInit	16	static
/home/simon/STM32CubeIDE/workspace_2.0.0/disco-rec/Drivers/STM32N6xx_HAL_Driver/Src/stm32n6xx_ll_dma.c:909:10:LL_DMA_CreateLinkNode	24	static
/home/simon/STM32CubeIDE/workspace_2.0.0/disco-rec/Drivers/STM32N6xx_HAL_Driver/Src/stm32n6xx_ll_dma.c:1225:6:LL_DMA_ConnectLinkNode	24	static
/home/simon/STM32CubeIDE/workspace_2.0.0/disco-rec/Drivers/STM32N6xx_HAL_Driver/Src/stm32n6xx_ll_dma.c:1240:6:LL_DMA_DisconnectNextLinkNode	16	static
