../../Drivers/STM32N6xx_HAL_Driver/Inc/stm32n6xx_ll_adc.h:2886:22:LL_ADC_SetCommonPathInternalCh	16	static
../../Drivers/STM32N6xx_HAL_Driver/Inc/stm32n6xx_ll_adc.h:2972:26:LL_ADC_GetCommonPathInternalCh	16	static
../../Drivers/STM32N6xx_HAL_Driver/Inc/stm32n6xx_ll_adc.h:3008:22:LL_ADC_SetPathInternalCh	16	static
../../Drivers/STM32N6xx_HAL_Driver/Inc/stm32n6xx_ll_adc.h:3081:26:LL_ADC_GetPathInternalCh	16	static
../../Drivers/STM32N6xx_HAL_Driver/Inc/stm32n6xx_ll_adc.h:3111:22:LL_ADC_SetCalibrationFactor	24	static
../../Drivers/STM32N6xx_HAL_Driver/Inc/stm32n6xx_ll_adc.h:3134:26:LL_ADC_GetCalibrationFactor	16	static
../../Drivers/STM32N6xx_HAL_Driver/Inc/stm32n6xx_ll_adc.h:3341:22:LL_ADC_SetOffsetChannel	32	static
../../Drivers/STM32N6xx_HAL_Driver/Inc/stm32n6xx_ll_adc.h:3407:26:LL_ADC_GetOffsetChannel	24	static
../../Drivers/STM32N6xx_HAL_Driver/Inc/stm32n6xx_ll_adc.h:3438:22:LL_ADC_SetOffsetLevel	32	static
../../Drivers/STM32N6xx_HAL_Driver/Inc/stm32n6xx_ll_adc.h:3466:26:LL_ADC_GetOffsetLevel	24	static
../../Drivers/STM32N6xx_HAL_Driver/Inc/stm32n6xx_ll_adc.h:3499:22:LL_ADC_SetOffsetSign	32	static
../../Drivers/STM32N6xx_HAL_Driver/Inc/stm32n6xx_ll_adc.h:3550:22:LL_ADC_SetOffsetSignedSaturation	32	static
../../Drivers/STM32N6xx_HAL_Driver/Inc/stm32n6xx_ll_adc.h:3598:22:LL_ADC_SetOffsetUnsignedSaturation	32	static
../../Drivers/STM32N6xx_HAL_Driver/Inc/stm32n6xx_ll_adc.h:3800:26:LL_ADC_REG_IsTriggerSourceSWStart	16	static
../../Drivers/STM32N6xx_HAL_Driver/Inc/stm32n6xx_ll_adc.h:4316:22:LL_ADC_SetChannelPreselection	24	static
../../Drivers/STM32N6xx_HAL_Driver/Inc/stm32n6xx_ll_adc.h:4587:26:LL_ADC_INJ_IsTriggerSourceSWStart	16	static
../../Drivers/STM32N6xx_HAL_Driver/Inc/stm32n6xx_ll_adc.h:4880:26:LL_ADC_INJ_GetTrigAuto	16	static
../../Drivers/STM32N6xx_HAL_Driver/Inc/stm32n6xx_ll_adc.h:4977:22:LL_ADC_SetChannelSamplingTime	32	static
../../Drivers/STM32N6xx_HAL_Driver/Inc/stm32n6xx_ll_adc.h:5135:22:LL_ADC_SetChannelSingleDiff	32	static
../../Drivers/STM32N6xx_HAL_Driver/Inc/stm32n6xx_ll_adc.h:5941:26:LL_ADC_GetMultimode	16	static
../../Drivers/STM32N6xx_HAL_Driver/Inc/stm32n6xx_ll_adc.h:6088:22:LL_ADC_EnableDeepPowerDown	16	static
../../Drivers/STM32N6xx_HAL_Driver/Inc/stm32n6xx_ll_adc.h:6186:26:LL_ADC_IsEnabled	16	static
../../Drivers/STM32N6xx_HAL_Driver/Inc/stm32n6xx_ll_adc.h:6225:22:LL_ADC_StartCalibration	16	static
../../Drivers/STM32N6xx_HAL_Driver/Inc/stm32n6xx_ll_adc.h:6256:22:LL_ADC_StopCalibration	16	static
../../Drivers/STM32N6xx_HAL_Driver/Inc/stm32n6xx_ll_adc.h:6270:22:LL_ADC_EnableCalibrationOffset	16	static
../../Drivers/STM32N6xx_HAL_Driver/Inc/stm32n6xx_ll_adc.h:6281:22:LL_ADC_DisableCalibrationOffset	16	static
../../Drivers/STM32N6xx_HAL_Driver/Inc/stm32n6xx_ll_adc.h:6292:26:LL_ADC_IsCalibrationOffsetEnabled	16	static
../../Drivers/STM32N6xx_HAL_Driver/Inc/stm32n6xx_ll_adc.h:6322:22:LL_ADC_REG_StartConversion	16	static
../../Drivers/STM32N6xx_HAL_Driver/Inc/stm32n6xx_ll_adc.h:6358:26:LL_ADC_REG_IsConversionOngoing	16	static
../../Drivers/STM32N6xx_HAL_Driver/Inc/stm32n6xx_ll_adc.h:6383:26:LL_ADC_REG_ReadConversionData32	16	static
../../Drivers/STM32N6xx_HAL_Driver/Inc/stm32n6xx_ll_adc.h:6518:22:LL_ADC_INJ_StartConversion	16	static
../../Drivers/STM32N6xx_HAL_Driver/Inc/stm32n6xx_ll_adc.h:6554:26:LL_ADC_INJ_IsConversionOngoing	16	static
/home/simon/STM32CubeIDE/workspace_2.0.0/disco-rec/Drivers/STM32N6xx_HAL_Driver/Src/stm32n6xx_hal_adc_ex.c:134:19:HAL_ADCEx_Calibration_Start	48	static
/home/simon/STM32CubeIDE/workspace_2.0.0/disco-rec/Drivers/STM32N6xx_HAL_Driver/Src/stm32n6xx_hal_adc_ex.c:289:10:HAL_ADCEx_Calibration_GetValue	16	static
/home/simon/STM32CubeIDE/workspace_2.0.0/disco-rec/Drivers/STM32N6xx_HAL_Driver/Src/stm32n6xx_hal_adc_ex.c:309:19:HAL_ADCEx_Calibration_SetValue	40	static
/home/simon/STM32CubeIDE/workspace_2.0.0/disco-rec/Drivers/STM32N6xx_HAL_Driver/Src/stm32n6xx_hal_adc_ex.c:362:19:HAL_ADCEx_InjectedStart	24	static
/home/simon/STM32CubeIDE/workspace_2.0.0/disco-rec/Drivers/STM32N6xx_HAL_Driver/Src/stm32n6xx_hal_adc_ex.c:485:19:HAL_ADCEx_InjectedStop	24	static
/home/simon/STM32CubeIDE/workspace_2.0.0/disco-rec/Drivers/STM32N6xx_HAL_Driver/Src/stm32n6xx_hal_adc_ex.c:538:19:HAL_ADCEx_InjectedPollForConversion	48	static
/home/simon/STM32CubeIDE/workspace_2.0.0/disco-rec/Drivers/STM32N6xx_HAL_Driver/Src/stm32n6xx_hal_adc_ex.c:670:19:HAL_ADCEx_InjectedStart_IT	24	static
/home/simon/STM32CubeIDE/workspace_2.0.0/disco-rec/Drivers/STM32N6xx_HAL_Driver/Src/stm32n6xx_hal_adc_ex.c:810:19:HAL_ADCEx_InjectedStop_IT	24	static
/home/simon/STM32CubeIDE/workspace_2.0.0/disco-rec/Drivers/STM32N6xx_HAL_Driver/Src/stm32n6xx_hal_adc_ex.c:877:19:HAL_ADCEx_MultiModeStart_DMA	248	static
/home/simon/STM32CubeIDE/workspace_2.0.0/disco-rec/Drivers/STM32N6xx_HAL_Driver/Src/stm32n6xx_hal_adc_ex.c:1056:19:HAL_ADCEx_MultiModeStop_DMA	128	static
/home/simon/STM32CubeIDE/workspace_2.0.0/disco-rec/Drivers/STM32N6xx_HAL_Driver/Src/stm32n6xx_hal_adc_ex.c:1190:10:HAL_ADCEx_MultiModeGetValue	24	static
/home/simon/STM32CubeIDE/workspace_2.0.0/disco-rec/Drivers/STM32N6xx_HAL_Driver/Src/stm32n6xx_hal_adc_ex.c:1241:10:HAL_ADCEx_InjectedGetValue	24	static
/home/simon/STM32CubeIDE/workspace_2.0.0/disco-rec/Drivers/STM32N6xx_HAL_Driver/Src/stm32n6xx_hal_adc_ex.c:1299:9:HAL_ADCEx_InjectedGetSignedValue	24	static
/home/simon/STM32CubeIDE/workspace_2.0.0/disco-rec/Drivers/STM32N6xx_HAL_Driver/Src/stm32n6xx_hal_adc_ex.c:1334:13:HAL_ADCEx_InjectedConvCpltCallback	16	static
/home/simon/STM32CubeIDE/workspace_2.0.0/disco-rec/Drivers/STM32N6xx_HAL_Driver/Src/stm32n6xx_hal_adc_ex.c:1349:13:HAL_ADCEx_LevelOutOfWindow2Callback	16	static
/home/simon/STM32CubeIDE/workspace_2.0.0/disco-rec/Drivers/STM32N6xx_HAL_Driver/Src/stm32n6xx_hal_adc_ex.c:1364:13:HAL_ADCEx_LevelOutOfWindow3Callback	16	static
/home/simon/STM32CubeIDE/workspace_2.0.0/disco-rec/Drivers/STM32N6xx_HAL_Driver/Src/stm32n6xx_hal_adc_ex.c:1380:13:HAL_ADCEx_EndOfSamplingCallback	16	static
/home/simon/STM32CubeIDE/workspace_2.0.0/disco-rec/Drivers/STM32N6xx_HAL_Driver/Src/stm32n6xx_hal_adc_ex.c:1397:19:HAL_ADCEx_RegularStop	24	static
/home/simon/STM32CubeIDE/workspace_2.0.0/disco-rec/Drivers/STM32N6xx_HAL_Driver/Src/stm32n6xx_hal_adc_ex.c:1453:19:HAL_ADCEx_RegularStop_IT	24	static
/home/simon/STM32CubeIDE/workspace_2.0.0/disco-rec/Drivers/STM32N6xx_HAL_Driver/Src/stm32n6xx_hal_adc_ex.c:1511:19:HAL_ADCEx_RegularStop_DMA	24	static
/home/simon/STM32CubeIDE/workspace_2.0.0/disco-rec/Drivers/STM32N6xx_HAL_Driver/Src/stm32n6xx_hal_adc_ex.c:1597:19:HAL_ADCEx_RegularMultiModeStop_DMA	128	static
/home/simon/STM32CubeIDE/workspace_2.0.0/disco-rec/Drivers/STM32N6xx_HAL_Driver/Src/stm32n6xx_hal_adc_ex.c:1759:19:HAL_ADCEx_InjectedConfigChannel	48	static
/home/simon/STM32CubeIDE/workspace_2.0.0/disco-rec/Drivers/STM32N6xx_HAL_Driver/Src/stm32n6xx_hal_adc_ex.c:2135:19:HAL_ADCEx_MultiModeConfigChannel	136	static
/home/simon/STM32CubeIDE/workspace_2.0.0/disco-rec/Drivers/STM32N6xx_HAL_Driver/Src/stm32n6xx_hal_adc_ex.c:2264:19:HAL_ADCEx_EnterADCDeepPowerDownMode	24	static
/home/simon/STM32CubeIDE/workspace_2.0.0/disco-rec/Drivers/STM32N6xx_HAL_Driver/Src/stm32n6xx_hal_adc_ex.c:2303:19:ADC_Calibration_MeasureOffset	40	static
