../../Drivers/STM32N6xx_HAL_Driver/Inc/stm32n6xx_ll_adc.h:2886:22:LL_ADC_SetCommonPathInternalCh	16	static
../../Drivers/STM32N6xx_HAL_Driver/Inc/stm32n6xx_ll_adc.h:2972:26:LL_ADC_GetCommonPathInternalCh	16	static
../../Drivers/STM32N6xx_HAL_Driver/Inc/stm32n6xx_ll_adc.h:3008:22:LL_ADC_SetPathInternalCh	16	static
../../Drivers/STM32N6xx_HAL_Driver/Inc/stm32n6xx_ll_adc.h:3081:26:LL_ADC_GetPathInternalCh	16	static
../../Drivers/STM32N6xx_HAL_Driver/Inc/stm32n6xx_ll_adc.h:3179:26:LL_ADC_GetResolution	16	static
../../Drivers/STM32N6xx_HAL_Driver/Inc/stm32n6xx_ll_adc.h:3341:22:LL_ADC_SetOffsetChannel	32	static
../../Drivers/STM32N6xx_HAL_Driver/Inc/stm32n6xx_ll_adc.h:3407:26:LL_ADC_GetOffsetChannel	24	static
../../Drivers/STM32N6xx_HAL_Driver/Inc/stm32n6xx_ll_adc.h:3438:22:LL_ADC_SetOffsetLevel	32	static
../../Drivers/STM32N6xx_HAL_Driver/Inc/stm32n6xx_ll_adc.h:3499:22:LL_ADC_SetOffsetSign	32	static
../../Drivers/STM32N6xx_HAL_Driver/Inc/stm32n6xx_ll_adc.h:3550:22:LL_ADC_SetOffsetSignedSaturation	32	static
../../Drivers/STM32N6xx_HAL_Driver/Inc/stm32n6xx_ll_adc.h:3598:22:LL_ADC_SetOffsetUnsignedSaturation	32	static
../../Drivers/STM32N6xx_HAL_Driver/Inc/stm32n6xx_ll_adc.h:3648:22:LL_ADC_SetGainCompensation	16	static
../../Drivers/STM32N6xx_HAL_Driver/Inc/stm32n6xx_ll_adc.h:3800:26:LL_ADC_REG_IsTriggerSourceSWStart	16	static
../../Drivers/STM32N6xx_HAL_Driver/Inc/stm32n6xx_ll_adc.h:4171:22:LL_ADC_REG_SetSequencerRanks	32	static
../../Drivers/STM32N6xx_HAL_Driver/Inc/stm32n6xx_ll_adc.h:4316:22:LL_ADC_SetChannelPreselection	24	static
../../Drivers/STM32N6xx_HAL_Driver/Inc/stm32n6xx_ll_adc.h:4587:26:LL_ADC_INJ_IsTriggerSourceSWStart	16	static
../../Drivers/STM32N6xx_HAL_Driver/Inc/stm32n6xx_ll_adc.h:4977:22:LL_ADC_SetChannelSamplingTime	32	static
../../Drivers/STM32N6xx_HAL_Driver/Inc/stm32n6xx_ll_adc.h:5135:22:LL_ADC_SetChannelSingleDiff	32	static
../../Drivers/STM32N6xx_HAL_Driver/Inc/stm32n6xx_ll_adc.h:5327:22:LL_ADC_SetAnalogWDMonitChannels	32	static
../../Drivers/STM32N6xx_HAL_Driver/Inc/stm32n6xx_ll_adc.h:5582:22:LL_ADC_SetAnalogWDThresholds	32	static
../../Drivers/STM32N6xx_HAL_Driver/Inc/stm32n6xx_ll_adc.h:5673:22:LL_ADC_SetAWDFilteringConfiguration	24	static
../../Drivers/STM32N6xx_HAL_Driver/Inc/stm32n6xx_ll_adc.h:5941:26:LL_ADC_GetMultimode	16	static
../../Drivers/STM32N6xx_HAL_Driver/Inc/stm32n6xx_ll_adc.h:6000:26:LL_ADC_GetMultiDataFormat	16	static
../../Drivers/STM32N6xx_HAL_Driver/Inc/stm32n6xx_ll_adc.h:6088:22:LL_ADC_EnableDeepPowerDown	16	static
../../Drivers/STM32N6xx_HAL_Driver/Inc/stm32n6xx_ll_adc.h:6111:22:LL_ADC_DisableDeepPowerDown	16	static
../../Drivers/STM32N6xx_HAL_Driver/Inc/stm32n6xx_ll_adc.h:6125:26:LL_ADC_IsDeepPowerDownEnabled	16	static
../../Drivers/STM32N6xx_HAL_Driver/Inc/stm32n6xx_ll_adc.h:6147:22:LL_ADC_Enable	16	static
../../Drivers/STM32N6xx_HAL_Driver/Inc/stm32n6xx_ll_adc.h:6167:22:LL_ADC_Disable	16	static
../../Drivers/STM32N6xx_HAL_Driver/Inc/stm32n6xx_ll_adc.h:6186:26:LL_ADC_IsEnabled	16	static
../../Drivers/STM32N6xx_HAL_Driver/Inc/stm32n6xx_ll_adc.h:6197:26:LL_ADC_IsDisableOngoing	16	static
../../Drivers/STM32N6xx_HAL_Driver/Inc/stm32n6xx_ll_adc.h:6322:22:LL_ADC_REG_StartConversion	16	static
../../Drivers/STM32N6xx_HAL_Driver/Inc/stm32n6xx_ll_adc.h:6342:22:LL_ADC_REG_StopConversion	16	static
../../Drivers/STM32N6xx_HAL_Driver/Inc/stm32n6xx_ll_adc.h:6358:26:LL_ADC_REG_IsConversionOngoing	16	static
../../Drivers/STM32N6xx_HAL_Driver/Inc/stm32n6xx_ll_adc.h:6538:22:LL_ADC_INJ_StopConversion	16	static
../../Drivers/STM32N6xx_HAL_Driver/Inc/stm32n6xx_ll_adc.h:6554:26:LL_ADC_INJ_IsConversionOngoing	16	static
../../Drivers/STM32N6xx_HAL_Driver/Inc/stm32n6xx_ll_adc.h:6916:22:LL_ADC_ClearFlag_AWD1	16	static
../../Drivers/STM32N6xx_HAL_Driver/Inc/stm32n6xx_ll_adc.h:6927:22:LL_ADC_ClearFlag_AWD2	16	static
../../Drivers/STM32N6xx_HAL_Driver/Inc/stm32n6xx_ll_adc.h:6938:22:LL_ADC_ClearFlag_AWD3	16	static
../../Drivers/STM32N6xx_HAL_Driver/Inc/stm32n6xx_ll_adc.h:7276:22:LL_ADC_EnableIT_AWD1	16	static
../../Drivers/STM32N6xx_HAL_Driver/Inc/stm32n6xx_ll_adc.h:7287:22:LL_ADC_EnableIT_AWD2	16	static
../../Drivers/STM32N6xx_HAL_Driver/Inc/stm32n6xx_ll_adc.h:7298:22:LL_ADC_EnableIT_AWD3	16	static
../../Drivers/STM32N6xx_HAL_Driver/Inc/stm32n6xx_ll_adc.h:7386:22:LL_ADC_DisableIT_AWD1	16	static
../../Drivers/STM32N6xx_HAL_Driver/Inc/stm32n6xx_ll_adc.h:7397:22:LL_ADC_DisableIT_AWD2	16	static
../../Drivers/STM32N6xx_HAL_Driver/Inc/stm32n6xx_ll_adc.h:7408:22:LL_ADC_DisableIT_AWD3	16	static
/home/simon/STM32CubeIDE/workspace_2.0.0/disco-rec/Drivers/STM32N6xx_HAL_Driver/Src/stm32n6xx_hal_adc.c:403:19:HAL_ADC_Init	40	static
/home/simon/STM32CubeIDE/workspace_2.0.0/disco-rec/Drivers/STM32N6xx_HAL_Driver/Src/stm32n6xx_hal_adc.c:661:19:HAL_ADC_DeInit	32	static
/home/simon/STM32CubeIDE/workspace_2.0.0/disco-rec/Drivers/STM32N6xx_HAL_Driver/Src/stm32n6xx_hal_adc.c:867:13:HAL_ADC_MspInit	16	static
/home/simon/STM32CubeIDE/workspace_2.0.0/disco-rec/Drivers/STM32N6xx_HAL_Driver/Src/stm32n6xx_hal_adc.c:884:13:HAL_ADC_MspDeInit	16	static
/home/simon/STM32CubeIDE/workspace_2.0.0/disco-rec/Drivers/STM32N6xx_HAL_Driver/Src/stm32n6xx_hal_adc.c:1164:19:HAL_ADC_Start	32	static
/home/simon/STM32CubeIDE/workspace_2.0.0/disco-rec/Drivers/STM32N6xx_HAL_Driver/Src/stm32n6xx_hal_adc.c:1296:19:HAL_ADC_Stop	24	static
/home/simon/STM32CubeIDE/workspace_2.0.0/disco-rec/Drivers/STM32N6xx_HAL_Driver/Src/stm32n6xx_hal_adc.c:1348:19:HAL_ADC_PollForConversion	40	static
/home/simon/STM32CubeIDE/workspace_2.0.0/disco-rec/Drivers/STM32N6xx_HAL_Driver/Src/stm32n6xx_hal_adc.c:1531:19:HAL_ADC_PollForEvent	32	static
/home/simon/STM32CubeIDE/workspace_2.0.0/disco-rec/Drivers/STM32N6xx_HAL_Driver/Src/stm32n6xx_hal_adc.c:1665:19:HAL_ADC_Start_IT	32	static
/home/simon/STM32CubeIDE/workspace_2.0.0/disco-rec/Drivers/STM32N6xx_HAL_Driver/Src/stm32n6xx_hal_adc.c:1869:19:HAL_ADC_Stop_IT	24	static
/home/simon/STM32CubeIDE/workspace_2.0.0/disco-rec/Drivers/STM32N6xx_HAL_Driver/Src/stm32n6xx_hal_adc.c:1920:19:HAL_ADC_Start_DMA	152	static
/home/simon/STM32CubeIDE/workspace_2.0.0/disco-rec/Drivers/STM32N6xx_HAL_Driver/Src/stm32n6xx_hal_adc.c:2119:19:HAL_ADC_Stop_DMA	24	static
/home/simon/STM32CubeIDE/workspace_2.0.0/disco-rec/Drivers/STM32N6xx_HAL_Driver/Src/stm32n6xx_hal_adc.c:2206:10:HAL_ADC_GetValue	16	static
/home/simon/STM32CubeIDE/workspace_2.0.0/disco-rec/Drivers/STM32N6xx_HAL_Driver/Src/stm32n6xx_hal_adc.c:2237:9:HAL_ADC_GetSignedValue	16	static
/home/simon/STM32CubeIDE/workspace_2.0.0/disco-rec/Drivers/STM32N6xx_HAL_Driver/Src/stm32n6xx_hal_adc.c:2258:19:HAL_ADC_StartSampling	16	static
/home/simon/STM32CubeIDE/workspace_2.0.0/disco-rec/Drivers/STM32N6xx_HAL_Driver/Src/stm32n6xx_hal_adc.c:2280:19:HAL_ADC_StopSampling	16	static
/home/simon/STM32CubeIDE/workspace_2.0.0/disco-rec/Drivers/STM32N6xx_HAL_Driver/Src/stm32n6xx_hal_adc.c:2297:6:HAL_ADC_IRQHandler	48	static
/home/simon/STM32CubeIDE/workspace_2.0.0/disco-rec/Drivers/STM32N6xx_HAL_Driver/Src/stm32n6xx_hal_adc.c:2633:13:HAL_ADC_ConvCpltCallback	16	static
/home/simon/STM32CubeIDE/workspace_2.0.0/disco-rec/Drivers/STM32N6xx_HAL_Driver/Src/stm32n6xx_hal_adc.c:2648:13:HAL_ADC_ConvHalfCpltCallback	16	static
/home/simon/STM32CubeIDE/workspace_2.0.0/disco-rec/Drivers/STM32N6xx_HAL_Driver/Src/stm32n6xx_hal_adc.c:2663:13:HAL_ADC_LevelOutOfWindowCallback	16	static
/home/simon/STM32CubeIDE/workspace_2.0.0/disco-rec/Drivers/STM32N6xx_HAL_Driver/Src/stm32n6xx_hal_adc.c:2685:13:HAL_ADC_ErrorCallback	16	static
/home/simon/STM32CubeIDE/workspace_2.0.0/disco-rec/Drivers/STM32N6xx_HAL_Driver/Src/stm32n6xx_hal_adc.c:2730:19:HAL_ADC_ConfigChannel	48	static
/home/simon/STM32CubeIDE/workspace_2.0.0/disco-rec/Drivers/STM32N6xx_HAL_Driver/Src/stm32n6xx_hal_adc.c:2957:19:HAL_ADC_AnalogWDGConfig	40	static
/home/simon/STM32CubeIDE/workspace_2.0.0/disco-rec/Drivers/STM32N6xx_HAL_Driver/Src/stm32n6xx_hal_adc.c:3246:10:HAL_ADC_GetState	16	static
/home/simon/STM32CubeIDE/workspace_2.0.0/disco-rec/Drivers/STM32N6xx_HAL_Driver/Src/stm32n6xx_hal_adc.c:3260:10:HAL_ADC_GetError	16	static
/home/simon/STM32CubeIDE/workspace_2.0.0/disco-rec/Drivers/STM32N6xx_HAL_Driver/Src/stm32n6xx_hal_adc.c:3290:19:ADC_ConversionStop	40	static
/home/simon/STM32CubeIDE/workspace_2.0.0/disco-rec/Drivers/STM32N6xx_HAL_Driver/Src/stm32n6xx_hal_adc.c:3422:19:ADC_Enable	24	static
/home/simon/STM32CubeIDE/workspace_2.0.0/disco-rec/Drivers/STM32N6xx_HAL_Driver/Src/stm32n6xx_hal_adc.c:3494:19:ADC_Disable	24	static
/home/simon/STM32CubeIDE/workspace_2.0.0/disco-rec/Drivers/STM32N6xx_HAL_Driver/Src/stm32n6xx_hal_adc.c:3556:6:ADC_DMAConvCplt	24	static
/home/simon/STM32CubeIDE/workspace_2.0.0/disco-rec/Drivers/STM32N6xx_HAL_Driver/Src/stm32n6xx_hal_adc.c:3634:6:ADC_DMAHalfConvCplt	24	static
/home/simon/STM32CubeIDE/workspace_2.0.0/disco-rec/Drivers/STM32N6xx_HAL_Driver/Src/stm32n6xx_hal_adc.c:3652:6:ADC_DMAError	24	static
