../../Drivers/STM32N6xx_HAL_Driver/Inc/stm32n6xx_ll_rcc.h:1711:22:LL_RCC_HSE_EnableBypass	4	static
../../Drivers/STM32N6xx_HAL_Driver/Inc/stm32n6xx_ll_rcc.h:1721:22:LL_RCC_HSE_DisableBypass	4	static
../../Drivers/STM32N6xx_HAL_Driver/Inc/stm32n6xx_ll_rcc.h:1781:22:LL_RCC_HSE_Enable	4	static
../../Drivers/STM32N6xx_HAL_Driver/Inc/stm32n6xx_ll_rcc.h:1801:26:LL_RCC_HSE_IsReady	4	static
../../Drivers/STM32N6xx_HAL_Driver/Inc/stm32n6xx_ll_rcc.h:1819:22:LL_RCC_HSI_Enable	4	static
../../Drivers/STM32N6xx_HAL_Driver/Inc/stm32n6xx_ll_rcc.h:1839:26:LL_RCC_HSI_IsReady	4	static
../../Drivers/STM32N6xx_HAL_Driver/Inc/stm32n6xx_ll_rcc.h:1868:26:LL_RCC_HSI_GetDivider	4	static
../../Drivers/STM32N6xx_HAL_Driver/Inc/stm32n6xx_ll_rcc.h:1953:22:LL_RCC_MSI_Enable	4	static
../../Drivers/STM32N6xx_HAL_Driver/Inc/stm32n6xx_ll_rcc.h:1973:26:LL_RCC_MSI_IsReady	4	static
../../Drivers/STM32N6xx_HAL_Driver/Inc/stm32n6xx_ll_rcc.h:2317:22:LL_RCC_SetCpuClkSource	16	static
../../Drivers/STM32N6xx_HAL_Driver/Inc/stm32n6xx_ll_rcc.h:2331:26:LL_RCC_GetCpuClkSource	4	static
../../Drivers/STM32N6xx_HAL_Driver/Inc/stm32n6xx_ll_rcc.h:2346:22:LL_RCC_SetSysClkSource	16	static
../../Drivers/STM32N6xx_HAL_Driver/Inc/stm32n6xx_ll_rcc.h:2360:26:LL_RCC_GetSysClkSource	4	static
../../Drivers/STM32N6xx_HAL_Driver/Inc/stm32n6xx_ll_rcc.h:2404:22:LL_RCC_SetAHBPrescaler	16	static
../../Drivers/STM32N6xx_HAL_Driver/Inc/stm32n6xx_ll_rcc.h:2441:22:LL_RCC_SetAPB1Prescaler	16	static
../../Drivers/STM32N6xx_HAL_Driver/Inc/stm32n6xx_ll_rcc.h:2478:22:LL_RCC_SetAPB2Prescaler	16	static
../../Drivers/STM32N6xx_HAL_Driver/Inc/stm32n6xx_ll_rcc.h:2515:22:LL_RCC_SetAPB4Prescaler	16	static
../../Drivers/STM32N6xx_HAL_Driver/Inc/stm32n6xx_ll_rcc.h:2552:22:LL_RCC_SetAPB5Prescaler	16	static
../../Drivers/STM32N6xx_HAL_Driver/Inc/stm32n6xx_ll_rcc.h:4974:22:LL_RCC_PLL1_SetSource	16	static
../../Drivers/STM32N6xx_HAL_Driver/Inc/stm32n6xx_ll_rcc.h:4998:22:LL_RCC_PLL1_Enable	4	static
../../Drivers/STM32N6xx_HAL_Driver/Inc/stm32n6xx_ll_rcc.h:5019:26:LL_RCC_PLL1_IsReady	4	static
../../Drivers/STM32N6xx_HAL_Driver/Inc/stm32n6xx_ll_rcc.h:5062:22:LL_RCC_PLL1_AssertModulationSpreadSpectrumReset	4	static
../../Drivers/STM32N6xx_HAL_Driver/Inc/stm32n6xx_ll_rcc.h:5127:22:LL_RCC_PLL1_DisableModulationSpreadSpectrum	4	static
../../Drivers/STM32N6xx_HAL_Driver/Inc/stm32n6xx_ll_rcc.h:5159:22:LL_RCC_PLL1_DisableFractionalModulationSpreadSpectrum	4	static
../../Drivers/STM32N6xx_HAL_Driver/Inc/stm32n6xx_ll_rcc.h:5181:22:LL_RCC_PLL1_SetN	16	static
../../Drivers/STM32N6xx_HAL_Driver/Inc/stm32n6xx_ll_rcc.h:5203:22:LL_RCC_PLL1_SetM	16	static
../../Drivers/STM32N6xx_HAL_Driver/Inc/stm32n6xx_ll_rcc.h:5224:22:LL_RCC_PLL1_SetP1	16	static
../../Drivers/STM32N6xx_HAL_Driver/Inc/stm32n6xx_ll_rcc.h:5245:22:LL_RCC_PLL1_SetP2	16	static
../../Drivers/STM32N6xx_HAL_Driver/Inc/stm32n6xx_ll_rcc.h:5266:22:LL_RCC_PLL1P_Enable	4	static
../../Drivers/STM32N6xx_HAL_Driver/Inc/stm32n6xx_ll_rcc.h:5298:22:LL_RCC_PLL1_SetFRACN	16	static
../../Drivers/STM32N6xx_HAL_Driver/Inc/stm32n6xx_ll_rcc.h:6368:22:LL_RCC_IC1_Enable	4	static
../../Drivers/STM32N6xx_HAL_Driver/Inc/stm32n6xx_ll_rcc.h:6403:22:LL_RCC_IC1_SetSource	16	static
../../Drivers/STM32N6xx_HAL_Driver/Inc/stm32n6xx_ll_rcc.h:6428:22:LL_RCC_IC1_SetDivider	16	static
../../Drivers/STM32N6xx_HAL_Driver/Inc/stm32n6xx_ll_rcc.h:6448:22:LL_RCC_IC2_Enable	4	static
../../Drivers/STM32N6xx_HAL_Driver/Inc/stm32n6xx_ll_rcc.h:6483:22:LL_RCC_IC2_SetSource	16	static
../../Drivers/STM32N6xx_HAL_Driver/Inc/stm32n6xx_ll_rcc.h:6508:22:LL_RCC_IC2_SetDivider	16	static
../../Drivers/STM32N6xx_HAL_Driver/Inc/stm32n6xx_ll_rcc.h:6768:22:LL_RCC_IC6_Enable	4	static
../../Drivers/STM32N6xx_HAL_Driver/Inc/stm32n6xx_ll_rcc.h:6803:22:LL_RCC_IC6_SetSource	16	static
../../Drivers/STM32N6xx_HAL_Driver/Inc/stm32n6xx_ll_rcc.h:6828:22:LL_RCC_IC6_SetDivider	16	static
../../Drivers/STM32N6xx_HAL_Driver/Inc/stm32n6xx_ll_rcc.h:7168:22:LL_RCC_IC11_Enable	4	static
../../Drivers/STM32N6xx_HAL_Driver/Inc/stm32n6xx_ll_rcc.h:7203:22:LL_RCC_IC11_SetSource	16	static
../../Drivers/STM32N6xx_HAL_Driver/Inc/stm32n6xx_ll_rcc.h:7228:22:LL_RCC_IC11_SetDivider	16	static
../../Drivers/STM32N6xx_HAL_Driver/Inc/stm32n6xx_ll_utils.h:316:22:LL_InitTick	16	static
/home/simon/STM32CubeIDE/workspace_2.0.0/disco-rec/Drivers/STM32N6xx_HAL_Driver/Src/stm32n6xx_ll_utils.c:154:6:LL_Init1msTick	16	static
/home/simon/STM32CubeIDE/workspace_2.0.0/disco-rec/Drivers/STM32N6xx_HAL_Driver/Src/stm32n6xx_ll_utils.c:171:6:LL_mDelay	24	static
/home/simon/STM32CubeIDE/workspace_2.0.0/disco-rec/Drivers/STM32N6xx_HAL_Driver/Src/stm32n6xx_ll_utils.c:221:6:LL_SetSystemCoreClock	16	static
/home/simon/STM32CubeIDE/workspace_2.0.0/disco-rec/Drivers/STM32N6xx_HAL_Driver/Src/stm32n6xx_ll_utils.c:247:13:LL_PLL_ConfigSystemClock_HSI	56	static
/home/simon/STM32CubeIDE/workspace_2.0.0/disco-rec/Drivers/STM32N6xx_HAL_Driver/Src/stm32n6xx_ll_utils.c:334:13:LL_PLL_ConfigSystemClock_MSI	48	static
/home/simon/STM32CubeIDE/workspace_2.0.0/disco-rec/Drivers/STM32N6xx_HAL_Driver/Src/stm32n6xx_ll_utils.c:423:13:LL_PLL_ConfigSystemClock_HSE	48	static
/home/simon/STM32CubeIDE/workspace_2.0.0/disco-rec/Drivers/STM32N6xx_HAL_Driver/Src/stm32n6xx_ll_utils.c:522:13:UTILS_ConfigurePLL1InIntegerMode	16	static
/home/simon/STM32CubeIDE/workspace_2.0.0/disco-rec/Drivers/STM32N6xx_HAL_Driver/Src/stm32n6xx_ll_utils.c:540:13:UTILS_ConfigureIC	16	static
/home/simon/STM32CubeIDE/workspace_2.0.0/disco-rec/Drivers/STM32N6xx_HAL_Driver/Src/stm32n6xx_ll_utils.c:566:20:UTILS_EnablePLL1AndSwitchSystem	24	static
