Archive member included to satisfy reference by file (symbol)

/opt/st/stm32cubeide_2.0.0/plugins/com.st.stm32cube.ide.mcu.externaltools.gnu-tools-for-stm32.13.3.rel1.linux64_1.0.100.202509120712/tools/bin/../lib/gcc/arm-none-eabi/13.3.1/../../../../arm-none-eabi/lib/thumb/v8-m.main+dp/hard/libc_nano.a(libc_a-exit.o)
                              /opt/st/stm32cubeide_2.0.0/plugins/com.st.stm32cube.ide.mcu.externaltools.gnu-tools-for-stm32.13.3.rel1.linux64_1.0.100.202509120712/tools/bin/../lib/gcc/arm-none-eabi/13.3.1/../../../../arm-none-eabi/lib/thumb/v8-m.main+dp/hard/crt0.o (exit)
/opt/st/stm32cubeide_2.0.0/plugins/com.st.stm32cube.ide.mcu.externaltools.gnu-tools-for-stm32.13.3.rel1.linux64_1.0.100.202509120712/tools/bin/../lib/gcc/arm-none-eabi/13.3.1/../../../../arm-none-eabi/lib/thumb/v8-m.main+dp/hard/libc_nano.a(libc_a-findfp.o)
                              /opt/st/stm32cubeide_2.0.0/plugins/com.st.stm32cube.ide.mcu.externaltools.gnu-tools-for-stm32.13.3.rel1.linux64_1.0.100.202509120712/tools/bin/../lib/gcc/arm-none-eabi/13.3.1/../../../../arm-none-eabi/lib/thumb/v8-m.main+dp/hard/libc_nano.a(libc_a-exit.o) (__stdio_exit_handler)
/opt/st/stm32cubeide_2.0.0/plugins/com.st.stm32cube.ide.mcu.externaltools.gnu-tools-for-stm32.13.3.rel1.linux64_1.0.100.202509120712/tools/bin/../lib/gcc/arm-none-eabi/13.3.1/../../../../arm-none-eabi/lib/thumb/v8-m.main+dp/hard/libc_nano.a(libc_a-fwalk.o)
                              /opt/st/stm32cubeide_2.0.0/plugins/com.st.stm32cube.ide.mcu.externaltools.gnu-tools-for-stm32.13.3.rel1.linux64_1.0.100.202509120712/tools/bin/../lib/gcc/arm-none-eabi/13.3.1/../../../../arm-none-eabi/lib/thumb/v8-m.main+dp/hard/libc_nano.a(libc_a-findfp.o) (_fwalk_sglue)
/opt/st/stm32cubeide_2.0.0/plugins/com.st.stm32cube.ide.mcu.externaltools.gnu-tools-for-stm32.13.3.rel1.linux64_1.0.100.202509120712/tools/bin/../lib/gcc/arm-none-eabi/13.3.1/../../../../arm-none-eabi/lib/thumb/v8-m.main+dp/hard/libc_nano.a(libc_a-stdio.o)
                              /opt/st/stm32cubeide_2.0.0/plugins/com.st.stm32cube.ide.mcu.externaltools.gnu-tools-for-stm32.13.3.rel1.linux64_1.0.100.202509120712/tools/bin/../lib/gcc/arm-none-eabi/13.3.1/../../../../arm-none-eabi/lib/thumb/v8-m.main+dp/hard/libc_nano.a(libc_a-findfp.o) (__sread)
/opt/st/stm32cubeide_2.0.0/plugins/com.st.stm32cube.ide.mcu.externaltools.gnu-tools-for-stm32.13.3.rel1.linux64_1.0.100.202509120712/tools/bin/../lib/gcc/arm-none-eabi/13.3.1/../../../../arm-none-eabi/lib/thumb/v8-m.main+dp/hard/libc_nano.a(libc_a-memset.o)
                              /opt/st/stm32cubeide_2.0.0/plugins/com.st.stm32cube.ide.mcu.externaltools.gnu-tools-for-stm32.13.3.rel1.linux64_1.0.100.202509120712/tools/bin/../lib/gcc/arm-none-eabi/13.3.1/../../../../arm-none-eabi/lib/thumb/v8-m.main+dp/hard/crt0.o (memset)
/opt/st/stm32cubeide_2.0.0/plugins/com.st.stm32cube.ide.mcu.externaltools.gnu-tools-for-stm32.13.3.rel1.linux64_1.0.100.202509120712/tools/bin/../lib/gcc/arm-none-eabi/13.3.1/../../../../arm-none-eabi/lib/thumb/v8-m.main+dp/hard/libc_nano.a(libc_a-closer.o)
                              /opt/st/stm32cubeide_2.0.0/plugins/com.st.stm32cube.ide.mcu.externaltools.gnu-tools-for-stm32.13.3.rel1.linux64_1.0.100.202509120712/tools/bin/../lib/gcc/arm-none-eabi/13.3.1/../../../../arm-none-eabi/lib/thumb/v8-m.main+dp/hard/libc_nano.a(libc_a-stdio.o) (_close_r)
/opt/st/stm32cubeide_2.0.0/plugins/com.st.stm32cube.ide.mcu.externaltools.gnu-tools-for-stm32.13.3.rel1.linux64_1.0.100.202509120712/tools/bin/../lib/gcc/arm-none-eabi/13.3.1/../../../../arm-none-eabi/lib/thumb/v8-m.main+dp/hard/libc_nano.a(libc_a-reent.o)
                              /opt/st/stm32cubeide_2.0.0/plugins/com.st.stm32cube.ide.mcu.externaltools.gnu-tools-for-stm32.13.3.rel1.linux64_1.0.100.202509120712/tools/bin/../lib/gcc/arm-none-eabi/13.3.1/../../../../arm-none-eabi/lib/thumb/v8-m.main+dp/hard/libc_nano.a(libc_a-closer.o) (errno)
/opt/st/stm32cubeide_2.0.0/plugins/com.st.stm32cube.ide.mcu.externaltools.gnu-tools-for-stm32.13.3.rel1.linux64_1.0.100.202509120712/tools/bin/../lib/gcc/arm-none-eabi/13.3.1/../../../../arm-none-eabi/lib/thumb/v8-m.main+dp/hard/libc_nano.a(libc_a-impure.o)
                              /opt/st/stm32cubeide_2.0.0/plugins/com.st.stm32cube.ide.mcu.externaltools.gnu-tools-for-stm32.13.3.rel1.linux64_1.0.100.202509120712/tools/bin/../lib/gcc/arm-none-eabi/13.3.1/../../../../arm-none-eabi/lib/thumb/v8-m.main+dp/hard/libc_nano.a(libc_a-reent.o) (_impure_ptr)
/opt/st/stm32cubeide_2.0.0/plugins/com.st.stm32cube.ide.mcu.externaltools.gnu-tools-for-stm32.13.3.rel1.linux64_1.0.100.202509120712/tools/bin/../lib/gcc/arm-none-eabi/13.3.1/../../../../arm-none-eabi/lib/thumb/v8-m.main+dp/hard/libc_nano.a(libc_a-lseekr.o)
[...]
Memory Configuration

Name             Origin             Length             Attributes
ROM              0x34180400         0x0003fc00         xrw
RAM              0x341c0000         0x00040000         xrw
*default*        0x00000000         0xffffffff

Linker script and memory map

LOAD /opt/st/stm32cubeide_2.0.0/plugins/com.st.stm32cube.ide.mcu.externaltools.gnu-tools-for-stm32.13.3.rel1.linux64_1.0.100.202509120712/tools/bin/../lib/gcc/arm-none-eabi/13.3.1/thumb/v8-m.main+dp/hard/crti.o
LOAD /opt/st/stm32cubeide_2.0.0/plugins/com.st.stm32cube.ide.mcu.externaltools.gnu-tools-for-stm32.13.3.rel1.linux64_1.0.100.202509120712/tools/bin/../lib/gcc/arm-none-eabi/13.3.1/thumb/v8-m.main+dp/hard/crtbegin.o
LOAD /opt/st/stm32cubeide_2.0.0/plugins/com.st.stm32cube.ide.mcu.externaltools.gnu-tools-for-stm32.13.3.rel1.linux64_1.0.100.202509120712/tools/bin/../lib/gcc/arm-none-eabi/13.3.1/../../../../arm-none-eabi/lib/thumb/v8-m.main+dp/hard/crt0.o
LOAD ./Core/Src/main.o
LOAD ./Core/Src/stm32n6xx_hal_msp.o
LOAD ./Core/Src/stm32n6xx_it.o
LOAD ./Core/Src/syscalls.o
LOAD ./Core/Src/sysmem.o
LOAD ./Core/Src/system_stm32n6xx_fsbl.o
LOAD ./Core/Startup/startup_stm32n657x0hxq_fsbl.o
LOAD ./Drivers/STM32N6xx_HAL_Driver/stm32n6xx_hal.o
LOAD ./Drivers/STM32N6xx_HAL_Driver/stm32n6xx_hal_adc.o
LOAD ./Drivers/STM32N6xx_HAL_Driver/stm32n6xx_hal_adc_ex.o
LOAD ./Drivers/STM32N6xx_HAL_Driver/stm32n6xx_hal_cortex.o
LOAD ./Drivers/STM32N6xx_HAL_Driver/stm32n6xx_hal_dma.o
LOAD ./Drivers/STM32N6xx_HAL_Driver/stm32n6xx_hal_dma_ex.o
LOAD ./Drivers/STM32N6xx_HAL_Driver/stm32n6xx_hal_exti.o
LOAD ./Drivers/STM32N6xx_HAL_Driver/stm32n6xx_hal_gpio.o
LOAD ./Drivers/STM32N6xx_HAL_Driver/stm32n6xx_hal_hcd.o
LOAD ./Drivers/STM32N6xx_HAL_Driver/stm32n6xx_hal_i2c.o
LOAD ./Drivers/STM32N6xx_HAL_Driver/stm32n6xx_hal_i2c_ex.o
LOAD ./Drivers/STM32N6xx_HAL_Driver/stm32n6xx_hal_mdf.o
LOAD ./Drivers/STM32N6xx_HAL_Driver/stm32n6xx_hal_mmc.o
LOAD ./Drivers/STM32N6xx_HAL_Driver/stm32n6xx_hal_mmc_ex.o
LOAD ./Drivers/STM32N6xx_HAL_Driver/stm32n6xx_hal_pwr.o
LOAD ./Drivers/STM32N6xx_HAL_Driver/stm32n6xx_hal_pwr_ex.o
LOAD ./Drivers/STM32N6xx_HAL_Driver/stm32n6xx_hal_rcc.o
LOAD ./Drivers/STM32N6xx_HAL_Driver/stm32n6xx_hal_rcc_ex.o
LOAD ./Drivers/STM32N6xx_HAL_Driver/stm32n6xx_hal_sai.o
LOAD ./Drivers/STM32N6xx_HAL_Driver/stm32n6xx_hal_sai_ex.o
LOAD ./Drivers/STM32N6xx_HAL_Driver/stm32n6xx_hal_sd.o
LOAD ./Drivers/STM32N6xx_HAL_Driver/stm32n6xx_hal_sd_ex.o
LOAD ./Drivers/STM32N6xx_HAL_Driver/stm32n6xx_hal_sdio.o
LOAD ./Drivers/STM32N6xx_HAL_Driver/stm32n6xx_hal_uart.o
LOAD ./Drivers/STM32N6xx_HAL_Driver/stm32n6xx_hal_uart_ex.o
LOAD ./Drivers/STM32N6xx_HAL_Driver/stm32n6xx_hal_xspi.o
LOAD ./Drivers/STM32N6xx_HAL_Driver/stm32n6xx_ll_dma.o
LOAD ./Drivers/STM32N6xx_HAL_Driver/stm32n6xx_ll_exti.o
LOAD ./Drivers/STM32N6xx_HAL_Driver/stm32n6xx_ll_gpio.o
LOAD ./Drivers/STM32N6xx_HAL_Driver/stm32n6xx_ll_rcc.o
LOAD ./Drivers/STM32N6xx_HAL_Driver/stm32n6xx_ll_sdmmc.o
LOAD ./Drivers/STM32N6xx_HAL_Driver/stm32n6xx_ll_ucpd.o
LOAD ./Drivers/STM32N6xx_HAL_Driver/stm32n6xx_ll_usb.o
LOAD ./Drivers/STM32N6xx_HAL_Driver/stm32n6xx_ll_utils.o
START GROUP
LOAD /opt/st/stm32cubeide_2.0.0/plugins/com.st.stm32cube.ide.mcu.externaltools.gnu-tools-for-stm32.13.3.rel1.linux64_1.0.100.202509120712/tools/bin/../lib/gcc/arm-none-eabi/13.3.1/../../../../arm-none-eabi/lib/thumb/v8-m.main+dp/hard/libc_nano.a
LOAD /opt/st/stm32cubeide_2.0.0/plugins/com.st.stm32cube.ide.mcu.externaltools.gnu-tools-for-stm32.13.3.rel1.linux64_1.0.100.202509120712/tools/bin/../lib/gcc/arm-none-eabi/13.3.1/../../../../arm-none-eabi/lib/thumb/v8-m.main+dp/hard/libm.a
END GROUP
START GROUP
LOAD /opt/st/stm32cubeide_2.0.0/plugins/com.st.stm32cube.ide.mcu.externaltools.gnu-tools-for-stm32.13.3.rel1.linux64_1.0.100.202509120712/tools/bin/../lib/gcc/arm-none-eabi/13.3.1/thumb/v8-m.main+dp/hard/libgcc.a
LOAD /opt/st/stm32cubeide_2.0.0/plugins/com.st.stm32cube.ide.mcu.externaltools.gnu-tools-for-stm32.13.3.rel1.linux64_1.0.100.202509120712/tools/bin/../lib/gcc/arm-none-eabi/13.3.1/../../../../arm-none-eabi/lib/thumb/v8-m.main+dp/hard/libc_nano.a
END GROUP
START GROUP
LOAD /opt/st/stm32cubeide_2.0.0/plugins/com.st.stm32cube.ide.mcu.externaltools.gnu-tools-for-stm32.13.3.rel1.linux64_1.0.100.202509120712/tools/bin/../lib/gcc/arm-none-eabi/13.3.1/thumb/v8-m.main+dp/hard/libgcc.a
LOAD /opt/st/stm32cubeide_2.0.0/plugins/com.st.stm32cube.ide.mcu.externaltools.gnu-tools-for-stm32.13.3.rel1.linux64_1.0.100.202509120712/tools/bin/../lib/gcc/arm-none-eabi/13.3.1/../../../../arm-none-eabi/lib/thumb/v8-m.main+dp/hard/libc_nano.a
LOAD /opt/st/stm32cubeide_2.0.0/plugins/com.st.stm32cube.ide.mcu.externaltools.gnu-tools-for-stm32.13.3.rel1.linux64_1.0.100.202509120712/tools/bin/../lib/gcc/arm-none-eabi/13.3.1/../../../../arm-none-eabi/lib/thumb/v8-m.main+dp/hard/libnosys.a
END GROUP
START GROUP
LOAD /opt/st/stm32cubeide_2.0.0/plugins/com.st.stm32cube.ide.mcu.externaltools.gnu-tools-for-stm32.13.3.rel1.linux64_1.0.100.202509120712/tools/bin/../lib/gcc/arm-none-eabi/13.3.1/thumb/v8-m.main+dp/hard/libgcc.a
LOAD /opt/st/stm32cubeide_2.0.0/plugins/com.st.stm32cube.ide.mcu.externaltools.gnu-tools-for-stm32.13.3.rel1.linux64_1.0.100.202509120712/tools/bin/../lib/gcc/arm-none-eabi/13.3.1/../../../../arm-none-eabi/lib/thumb/v8-m.main+dp/hard/libc_nano.a
LOAD /opt/st/stm32cubeide_2.0.0/plugins/com.st.stm32cube.ide.mcu.externaltools.gnu-tools-for-stm32.13.3.rel1.linux64_1.0.100.202509120712/tools/bin/../lib/gcc/arm-none-eabi/13.3.1/../../../../arm-none-eabi/lib/thumb/v8-m.main+dp/hard/libnosys.a
END GROUP
LOAD /opt/st/stm32cubeide_2.0.0/plugins/com.st.stm32cube.ide.mcu.externaltools.gnu-tools-for-stm32.13.3.rel1.linux64_1.0.100.202509120712/tools/bin/../lib/gcc/arm-none-eabi/13.3.1/thumb/v8-m.main+dp/hard/crtend.o
LOAD /opt/st/stm32cubeide_2.0.0/plugins/com.st.stm32cube.ide.mcu.externaltools.gnu-tools-for-stm32.13.3.rel1.linux64_1.0.100.202509120712/tools/bin/../lib/gcc/arm-none-eabi/13.3.1/thumb/v8-m.main+dp/hard/crtn.o
                0x34200000                        _estack = (ORIGIN (RAM) + LENGTH (RAM))
                0x341ff800                        _sstack = (_estack - _Min_Stack_Size)
                0x00000200                        _Min_Heap_Size = 0x200
                0x00000800                        _Min_Stack_Size = 0x800

.isr_vector     0x34180400      0x34c
                0x34180400                        . = ALIGN (0x4)
 *(.isr_vector)
 .isr_vector    0x34180400      0x34c ./Core/Startup/startup_stm32n657x0hxq_fsbl.o
                0x34180400                g_pfnVectors
                0x3418074c                        . = ALIGN (0x4)

.text           0x3418074c    0x10e0c
                0x3418074c                        . = ALIGN (0x4)
 *(.text)
 .text          0x3418074c       0x40 /opt/st/stm32cubeide_2.0.0/plugins/com.st.stm32cube.ide.mcu.externaltools.gnu-tools-for-stm32.13.3.rel1.linux64_1.0.100.202509120712/tools/bin/../lib/gcc/arm-none-eabi/13.3.1/thumb/v8-m.main+dp/hard/crtbegin.o
 .text          0x3418078c       0x30 /opt/st/stm32cubeide_2.0.0/plugins/com.st.stm32cube.ide.mcu.externaltools.gnu-tools-for-stm32.13.3.rel1.linux64_1.0.100.202509120712/tools/bin/../lib/gcc/arm-none-eabi/13.3.1/thumb/v8-m.main+dp/hard/libgcc.a(_aeabi_uldivmod.o)
                0x3418078c                __aeabi_uldivmod
 .text          0x341807bc      0x348 /opt/st/stm32cubeide_2.0.0/plugins/com.st.stm32cube.ide.mcu.externaltools.gnu-tools-for-stm32.13.3.rel1.linux64_1.0.100.202509120712/tools/bin/../lib/gcc/arm-none-eabi/13.3.1/thumb/v8-m.main+dp/hard/libgcc.a(_udivmoddi4.o)
                0x341807bc                __udivmoddi4
 .text          0x34180b04        0x4 /opt/st/stm32cubeide_2.0.0/plugins/com.st.stm32cube.ide.mcu.externaltools.gnu-tools-for-stm32.13.3.rel1.linux64_1.0.100.202509120712/tools/bin/../lib/gcc/arm-none-eabi/13.3.1/thumb/v8-m.main+dp/hard/libgcc.a(_dvmd_tls.o)
                0x34180b04                __aeabi_ldiv0
                0x34180b04                __aeabi_idiv0
 *(.text*)
 .text.LL_AHB4_GRP1_EnableClock
                0x34180b08       0x2c ./Core/Src/main.o
 .text.LL_APB1_GRP2_EnableClock
                0x34180b34       0x2c ./Core/Src/main.o
 .text.main     0x34180b60       0x44 ./Core/Src/main.o
                0x34180b60                main
 .text.SystemClock_Config
                0x34180ba4      0x15c ./Core/Src/main.o
                0x34180ba4                SystemClock_Config
 .text.MX_ADC1_Init
                0x34180d00       0xe4 ./Core/Src/main.o
 .text.MX_I2C1_Init
                0x34180de4       0x80 ./Core/Src/main.o
 .text.MX_I2C2_Init
                0x34180e64       0x80 ./Core/Src/main.o
 .text.MX_MDF1_Init
                0x34180ee4       0xb0 ./Core/Src/main.o
 .text.MX_SAI1_Init
                0x34180f94      0x14c ./Core/Src/main.o
 .text.MX_SDMMC2_SD_Init
                0x341810e0       0x48 ./Core/Src/main.o
 .text.MX_UCPD1_Init
                0x34181128       0x10 ./Core/Src/main.o
 .text.MX_USART1_UART_Init
                0x34181138       0x98 ./Core/Src/main.o
 .text.MX_USB1_OTG_HS_HCD_Init
                0x341811d0        0xe ./Core/Src/main.o
 *fill*         0x341811de        0x2 
 .text.MX_USB2_OTG_HS_HCD_Init
                0x341811e0       0x5c ./Core/Src/main.o
 .text.MX_XSPI1_Init
                0x3418123c       0xb4 ./Core/Src/main.o
 .text.MX_XSPI2_Init
                0x341812f0       0xb4 ./Core/Src/main.o
 .text.MX_GPIO_Init
                0x341813a4      0x160 ./Core/Src/main.o
 .text.Error_Handler
                0x34181504        0xc ./Core/Src/main.o
                0x34181504                Error_Handler
 .text.LL_AHB1_GRP1_EnableClock
                0x34181510       0x2c ./Core/Src/stm32n6xx_hal_msp.o
 .text.LL_AHB2_GRP1_EnableClock
                0x3418153c       0x2c ./Core/Src/stm32n6xx_hal_msp.o
 .text.LL_AHB4_GRP1_EnableClock
                0x34181568       0x2c ./Core/Src/stm32n6xx_hal_msp.o
 .text.LL_AHB5_GRP1_EnableClock
                0x34181594       0x2c ./Core/Src/stm32n6xx_hal_msp.o
 .text.LL_APB1_GRP1_EnableClock
                0x341815c0       0x2c ./Core/Src/stm32n6xx_hal_msp.o
 .text.LL_APB2_GRP1_EnableClock
                0x341815ec       0x2c ./Core/Src/stm32n6xx_hal_msp.o
 .text.HAL_MspInit
                0x34181618       0x1c ./Core/Src/stm32n6xx_hal_msp.o
                0x34181618                HAL_MspInit
 .text.HAL_ADC_MspInit
                0x34181634       0xcc ./Core/Src/stm32n6xx_hal_msp.o
                0x34181634                HAL_ADC_MspInit
 .text.HAL_I2C_MspInit
                0x34181700      0x194 ./Core/Src/stm32n6xx_hal_msp.o
                0x34181700                HAL_I2C_MspInit
 .text.HAL_MDF_MspInit
                0x34181894      0x138 ./Core/Src/stm32n6xx_hal_msp.o
                0x34181894                HAL_MDF_MspInit
 .text.HAL_SD_MspInit
                0x341819cc      0x128 ./Core/Src/stm32n6xx_hal_msp.o
                0x341819cc                HAL_SD_MspInit
 .text.HAL_UART_MspInit
                0x34181af4       0xcc ./Core/Src/stm32n6xx_hal_msp.o
                0x34181af4                HAL_UART_MspInit
 .text.HAL_HCD_MspInit
                0x34181bc0       0xa8 ./Core/Src/stm32n6xx_hal_msp.o
                0x34181bc0                HAL_HCD_MspInit
 .text.HAL_XSPI_MspInit
                0x34181c68      0x1e0 ./Core/Src/stm32n6xx_hal_msp.o
                0x34181c68                HAL_XSPI_MspInit
 .text.HAL_SAI_MspInit
                0x34181e48      0x190 ./Core/Src/stm32n6xx_hal_msp.o
                0x34181e48                HAL_SAI_MspInit
 .text.NMI_Handler
                0x34181fd8        0x8 ./Core/Src/stm32n6xx_it.o
                0x34181fd8                NMI_Handler
 .text.HardFault_Handler
                0x34181fe0        0x8 ./Core/Src/stm32n6xx_it.o
                0x34181fe0                HardFault_Handler
 .text.MemManage_Handler
                0x34181fe8        0x8 ./Core/Src/stm32n6xx_it.o
                0x34181fe8                MemManage_Handler
 .text.BusFault_Handler
                0x34181ff0        0x8 ./Core/Src/stm32n6xx_it.o
                0x34181ff0                BusFault_Handler
 .text.UsageFault_Handler
                0x34181ff8        0x8 ./Core/Src/stm32n6xx_it.o
                0x34181ff8                UsageFault_Handler
 .text.SecureFault_Handler
                0x34182000        0x8 ./Core/Src/stm32n6xx_it.o
                0x34182000                SecureFault_Handler
 .text.SVC_Handler
                0x34182008        0xe ./Core/Src/stm32n6xx_it.o
                0x34182008                SVC_Handler
 .text.DebugMon_Handler
                0x34182016        0xe ./Core/Src/stm32n6xx_it.o
                0x34182016                DebugMon_Handler
 .text.PendSV_Handler
                0x34182024        0xe ./Core/Src/stm32n6xx_it.o
                0x34182024                PendSV_Handler
 .text.SysTick_Handler
                0x34182032        0xc ./Core/Src/stm32n6xx_it.o
                0x34182032                SysTick_Handler
 *fill*         0x3418203e        0x2 
 .text.XSPI1_IRQHandler
                0x34182040       0x14 ./Core/Src/stm32n6xx_it.o
                0x34182040                XSPI1_IRQHandler
 .text.SystemInit
                0x34182054      0x218 ./Core/Src/system_stm32n6xx_fsbl.o
                0x34182054                SystemInit
 .text.SystemCoreClockUpdate
                0x3418226c      0x350 ./Core/Src/system_stm32n6xx_fsbl.o
                0x3418226c                SystemCoreClockUpdate
 .text.SECURE_SystemCoreClockUpdate
                0x341825bc       0x2c ./Core/Src/system_stm32n6xx_fsbl.o
                0x341825bc                __acle_se_SECURE_SystemCoreClockUpdate
 .text.Reset_Handler
                0x341825e8       0x5c ./Core/Startup/startup_stm32n657x0hxq_fsbl.o
                0x341825e8                Reset_Handler
 .text.Default_Handler
                0x34182644        0x2 ./Core/Startup/startup_stm32n657x0hxq_fsbl.o
                0x34182644                HPDMA1_Channel13_IRQHandler
                0x34182644                EXTI2_IRQHandler
                0x34182644                MCE2_IRQHandler
                0x34182644                TIM8_CC_IRQHandler
                0x34182644                USB2_OTG_HS_IRQHandler
                0x34182644                SAI1_A_IRQHandler
                0x34182644                EXTI5_IRQHandler
                0x34182644                I3C1_ER_IRQHandler
                0x34182644                UART8_IRQHandler
                0x34182644                CTI_INT0_IRQHandler
                0x34182644                SPI4_IRQHandler
                0x34182644                LTDC_LO_IRQHandler
                0x34182644                NPU2_IRQHandler
                0x34182644                FDCAN3_IT0_IRQHandler
                0x34182644                EXTI13_IRQHandler
                0x34182644                TIM1_CC_IRQHandler
                0x34182644                TIM10_IRQHandler
                0x34182644                JPEG_IRQHandler
                0x34182644                TAMP_IRQHandler
                0x34182644                CACHE_ECC_IRQHandler
                0x34182644                TIM6_IRQHandler
                0x34182644                CSI_IRQHandler
                0x34182644                EXTI12_IRQHandler
                0x34182644                GFXTIM_IRQHandler
                0x34182644                EXTI3_IRQHandler
                0x34182644                LPTIM4_IRQHandler
                0x34182644                GPDMA1_Channel5_IRQHandler
                0x34182644                EXTI8_IRQHandler
                0x34182644                LPTIM2_IRQHandler
                0x34182644                GFXMMU_IRQHandler
                0x34182644                LTDC_LO_ERR_IRQHandler
                0x34182644                I2C3_ER_IRQHandler
                0x34182644                RIFSC_TAMPER_IRQHandler
                0x34182644                USART10_IRQHandler
                0x34182644                MDF1_FLT2_IRQHandler
                0x34182644                LPTIM3_IRQHandler
                0x34182644                SAI2_A_IRQHandler
                0x34182644                EXTI0_IRQHandler
                0x34182644                HPDMA1_Channel9_IRQHandler
                0x34182644                I2C2_EV_IRQHandler
                0x34182644                GPU2D_IRQHandler
                0x34182644                FPU_IRQHandler
                0x34182644                GPDMA1_Channel3_IRQHandler
                0x34182644                GPDMA1_Channel7_IRQHandler
                0x34182644                MDF1_FLT4_IRQHandler
                0x34182644                FDCAN1_IT1_IRQHandler
                0x34182644                HPDMA1_Channel3_IRQHandler
                0x34182644                ADC1_2_IRQHandler
                0x34182644                GPDMA1_Channel9_IRQHandler
                0x34182644                SPI1_IRQHandler
                0x34182644                CACHEAXI_IRQHandler
                0x34182644                SAI1_B_IRQHandler
                0x34182644                GPDMA1_Channel2_IRQHandler
                0x34182644                PAHB_ERR_IRQHandler
                0x34182644                TIM8_UP_IRQHandler
                0x34182644                RCC_S_IRQHandler
                0x34182644                MDF1_FLT1_IRQHandler
                0x34182644                LTDC_UP_IRQHandler
                0x34182644                LOCKUP_IRQHandler
                0x34182644                PKA_IRQHandler
                0x34182644                USART6_IRQHandler
                0x34182644                HPDMA1_Channel2_IRQHandler
                0x34182644                MDF1_FLT5_IRQHandler
                0x34182644                MCE4_IRQHandler
                0x34182644                I3C2_ER_IRQHandler
                0x34182644                EXTI15_IRQHandler
                0x34182644                TIM17_IRQHandler
                0x34182644                USART3_IRQHandler
                0x34182644                HPDMA1_Channel6_IRQHandler
                0x34182644                CRYP_IRQHandler
                0x34182644                RTC_IRQHandler
                0x34182644                XSPI2_IRQHandler
                0x34182644                EXTI9_IRQHandler
                0x34182644                IAC_IRQHandler
                0x34182644                HPDMA1_Channel0_IRQHandler
                0x34182644                LPTIM5_IRQHandler
                0x34182644                HPDMA1_Channel1_IRQHandler
                0x34182644                UART5_IRQHandler
                0x34182644                TIM4_IRQHandler
                0x34182644                NPU3_IRQHandler
                0x34182644                I3C2_EV_IRQHandler
                0x34182644                I2C1_EV_IRQHandler
                0x34182644                FDCAN_CU_IRQHandler
                0x34182644                GPDMA1_Channel12_IRQHandler
                0x34182644                HPDMA1_Channel7_IRQHandler
                0x34182644                GPDMA1_Channel1_IRQHandler
                0x34182644                TIM16_IRQHandler
                0x34182644                GPDMA1_Channel15_IRQHandler
                0x34182644                UART4_IRQHandler
                0x34182644                TCM_ECC_IRQHandler
                0x34182644                TIM3_IRQHandler
                0x34182644                RCC_IRQHandler
                0x34182644                UART9_IRQHandler
                0x34182644                NPU1_IRQHandler
                0x34182644                SAI2_B_IRQHandler
                0x34182644                Default_Handler
                0x34182644                GPDMA1_Channel8_IRQHandler
                0x34182644                HPDMA1_Channel8_IRQHandler
                0x34182644                TIM18_IRQHandler
                0x34182644                TIM14_IRQHandler
                0x34182644                TIM13_IRQHandler
                0x34182644                CTI_INT1_IRQHandler
                0x34182644                GPDMA1_Channel11_IRQHandler
                0x34182644                GPU2D_ER_IRQHandler
                0x34182644                SPI5_IRQHandler
                0x34182644                TIM12_IRQHandler
                0x34182644                TIM7_IRQHandler
                0x34182644                FDCAN3_IT1_IRQHandler
                0x34182644                HPDMA1_Channel10_IRQHandler
                0x34182644                SDMMC1_IRQHandler
                0x34182644                SAES_IRQHandler
                0x34182644                TIM5_IRQHandler
                0x34182644                UCPD1_IRQHandler
                0x34182644                GPDMA1_Channel0_IRQHandler
                0x34182644                I3C1_EV_IRQHandler
                0x34182644                HPDMA1_Channel5_IRQHandler
                0x34182644                TIM15_IRQHandler
                0x34182644                I2C3_EV_IRQHandler
                0x34182644                HPDMA1_Channel4_IRQHandler
                0x34182644                HPDMA1_Channel15_IRQHandler
                0x34182644                TIM9_IRQHandler
                0x34182644                ETH1_IRQHandler
                0x34182644                USB1_OTG_HS_IRQHandler
                0x34182644                PVD_PVM_IRQHandler
                0x34182644                SPI2_IRQHandler
                0x34182644                TIM1_TRG_CCU_IRQHandler
                0x34182644                HPDMA1_Channel11_IRQHandler
                0x34182644                EXTI14_IRQHandler
                0x34182644                EXTI11_IRQHandler
                0x34182644                VENC_IRQHandler
                0x34182644                GPDMA1_Channel14_IRQHandler
                0x34182644                EXTI4_IRQHandler
                0x34182644                RTC_S_IRQHandler
                0x34182644                GPDMA1_Channel13_IRQHandler
                0x34182644                RNG_IRQHandler
                0x34182644                XSPI3_IRQHandler
                0x34182644                FDCAN2_IT1_IRQHandler
                0x34182644                TIM1_UP_IRQHandler
                0x34182644                NPU0_IRQHandler
                0x34182644                BCK_ECC_IRQHandler
                0x34182644                WWDG_IRQHandler
                0x34182644                SPI6_IRQHandler
                0x34182644                MDIOS_IRQHandler
                0x34182644                I2C4_EV_IRQHandler
                0x34182644                FDCAN2_IT0_IRQHandler
                0x34182644                IWDG_IRQHandler
                0x34182644                HPDMA1_Channel14_IRQHandler
                0x34182644                LPUART1_IRQHandler
                0x34182644                FDCAN1_IT0_IRQHandler
                0x34182644                MDF1_FLT0_IRQHandler
                0x34182644                TIM2_IRQHandler
                0x34182644                MCE3_IRQHandler
                0x34182644                GPDMA1_Channel4_IRQHandler
                0x34182644                EXTI7_IRQHandler
                0x34182644                DMA2D_IRQHandler
                0x34182644                TIM1_BRK_IRQHandler
                0x34182644                EXTI1_IRQHandler
                0x34182644                SDMMC2_IRQHandler
                0x34182644                TIM11_IRQHandler
                0x34182644                LTDC_UP_ERR_IRQHandler
                0x34182644                UART7_IRQHandler
                0x34182644                DTS_IRQHandler
                0x34182644                MDF1_FLT3_IRQHandler
                0x34182644                USART2_IRQHandler
                0x34182644                GPDMA1_Channel6_IRQHandler
                0x34182644                ADF1_FLT0_IRQHandler
                0x34182644                I2C2_ER_IRQHandler
                0x34182644                MCE1_IRQHandler
                0x34182644                SPDIFRX_IRQHandler
                0x34182644                TIM8_BRK_IRQHandler
                0x34182644                HPDMA1_Channel12_IRQHandler
                0x34182644                USART1_IRQHandler
                0x34182644                EXTI10_IRQHandler
                0x34182644                SPI3_IRQHandler
                0x34182644                WAKEUP_PIN_IRQHandler
                0x34182644                DCMIPP_IRQHandler
                0x34182644                I2C1_ER_IRQHandler
                0x34182644                FMC_IRQHandler
                0x34182644                EXTI6_IRQHandler
                0x34182644                LPTIM1_IRQHandler
                0x34182644                DCMI_PSSI_IRQHandler
                0x34182644                TIM8_TRG_CCU_IRQHandler
                0x34182644                I2C4_ER_IRQHandler
                0x34182644                GPDMA1_Channel10_IRQHandler
                0x34182644                ICACHE_IRQHandler
                0x34182644                HASH_IRQHandler
 .text.HAL_Init
                0x34182646       0x28 ./Drivers/STM32N6xx_HAL_Driver/stm32n6xx_hal.o
                0x34182646                HAL_Init
 *fill*         0x3418266e        0x2 
 .text.HAL_InitTick
                0x34182670       0x6c ./Drivers/STM32N6xx_HAL_Driver/stm32n6xx_hal.o
                0x34182670                HAL_InitTick
 .text.HAL_IncTick
                0x341826dc       0x28 ./Drivers/STM32N6xx_HAL_Driver/stm32n6xx_hal.o
                0x341826dc                HAL_IncTick
 .text.HAL_GetTick
                0x34182704       0x18 ./Drivers/STM32N6xx_HAL_Driver/stm32n6xx_hal.o
                0x34182704                HAL_GetTick
 .text.HAL_Delay
                0x3418271c       0x48 ./Drivers/STM32N6xx_HAL_Driver/stm32n6xx_hal.o
                0x3418271c                HAL_Delay
 .text.LL_ADC_SetCommonPathInternalCh
                0x34182764       0x26 ./Drivers/STM32N6xx_HAL_Driver/stm32n6xx_hal_adc.o
 .text.LL_ADC_GetCommonPathInternalCh
                0x3418278a       0x1c ./Drivers/STM32N6xx_HAL_Driver/stm32n6xx_hal_adc.o
 .text.LL_ADC_SetPathInternalCh
                0x341827a6       0x2c ./Drivers/STM32N6xx_HAL_Driver/stm32n6xx_hal_adc.o
 .text.LL_ADC_GetPathInternalCh
                0x341827d2       0x20 ./Drivers/STM32N6xx_HAL_Driver/stm32n6xx_hal_adc.o
 .text.LL_ADC_SetOffsetChannel
                0x341827f2       0x38 ./Drivers/STM32N6xx_HAL_Driver/stm32n6xx_hal_adc.o
 .text.LL_ADC_GetOffsetChannel
                0x3418282a       0x2e ./Drivers/STM32N6xx_HAL_Driver/stm32n6xx_hal_adc.o
 .text.LL_ADC_SetOffsetLevel
                0x34182858       0x36 ./Drivers/STM32N6xx_HAL_Driver/stm32n6xx_hal_adc.o
 .text.LL_ADC_SetOffsetSign
                0x3418288e       0x36 ./Drivers/STM32N6xx_HAL_Driver/stm32n6xx_hal_adc.o
 .text.LL_ADC_SetOffsetSignedSaturation
                0x341828c4       0x36 ./Drivers/STM32N6xx_HAL_Driver/stm32n6xx_hal_adc.o
 .text.LL_ADC_SetOffsetUnsignedSaturation
                0x341828fa       0x36 ./Drivers/STM32N6xx_HAL_Driver/stm32n6xx_hal_adc.o
 .text.LL_ADC_SetGainCompensation
                0x34182930       0x46 ./Drivers/STM32N6xx_HAL_Driver/stm32n6xx_hal_adc.o
 .text.LL_ADC_REG_SetSequencerRanks
                0x34182976       0x56 ./Drivers/STM32N6xx_HAL_Driver/stm32n6xx_hal_adc.o
 .text.LL_ADC_SetChannelPreselection
                0x341829cc       0x2e ./Drivers/STM32N6xx_HAL_Driver/stm32n6xx_hal_adc.o
 *fill*         0x341829fa        0x2 
 .text.LL_ADC_SetChannelSamplingTime
                0x341829fc      0x18c ./Drivers/STM32N6xx_HAL_Driver/stm32n6xx_hal_adc.o
 .text.LL_ADC_SetChannelSingleDiff
                0x34182b88      0x178 ./Drivers/STM32N6xx_HAL_Driver/stm32n6xx_hal_adc.o
 .text.LL_ADC_DisableDeepPowerDown
                0x34182d00       0x24 ./Drivers/STM32N6xx_HAL_Driver/stm32n6xx_hal_adc.o
 .text.LL_ADC_IsDeepPowerDownEnabled
                0x34182d24       0x28 ./Drivers/STM32N6xx_HAL_Driver/stm32n6xx_hal_adc.o
 .text.LL_ADC_IsEnabled
                0x34182d4c       0x26 ./Drivers/STM32N6xx_HAL_Driver/stm32n6xx_hal_adc.o
 .text.LL_ADC_REG_IsConversionOngoing
                0x34182d72       0x26 ./Drivers/STM32N6xx_HAL_Driver/stm32n6xx_hal_adc.o
 .text.LL_ADC_INJ_IsConversionOngoing
                0x34182d98       0x26 ./Drivers/STM32N6xx_HAL_Driver/stm32n6xx_hal_adc.o
 *fill*         0x34182dbe        0x2 
 .text.HAL_ADC_Init
                0x34182dc0      0x238 ./Drivers/STM32N6xx_HAL_Driver/stm32n6xx_hal_adc.o
                0x34182dc0                HAL_ADC_Init
 .text.HAL_ADC_ConfigChannel
                0x34182ff8      0x404 ./Drivers/STM32N6xx_HAL_Driver/stm32n6xx_hal_adc.o
                0x34182ff8                HAL_ADC_ConfigChannel
 .text.LL_ADC_IsEnabled
                0x341833fc       0x26 ./Drivers/STM32N6xx_HAL_Driver/stm32n6xx_hal_adc_ex.o
 .text.LL_ADC_REG_IsConversionOngoing
                0x34183422       0x26 ./Drivers/STM32N6xx_HAL_Driver/stm32n6xx_hal_adc_ex.o
 .text.HAL_ADCEx_MultiModeConfigChannel
                0x34183448      0x160 ./Drivers/STM32N6xx_HAL_Driver/stm32n6xx_hal_adc_ex.o
                0x34183448                HAL_ADCEx_MultiModeConfigChannel
 .text.__NVIC_SetPriorityGrouping
                0x341835a8       0x48 ./Drivers/STM32N6xx_HAL_Driver/stm32n6xx_hal_cortex.o
 .text.__NVIC_GetPriorityGrouping
                0x341835f0       0x1c ./Drivers/STM32N6xx_HAL_Driver/stm32n6xx_hal_cortex.o
 .text.__NVIC_EnableIRQ
                0x3418360c       0x3c ./Drivers/STM32N6xx_HAL_Driver/stm32n6xx_hal_cortex.o
 .text.__NVIC_SetPriority
                0x34183648       0x54 ./Drivers/STM32N6xx_HAL_Driver/stm32n6xx_hal_cortex.o
 .text.NVIC_EncodePriority
                0x3418369c       0x66 ./Drivers/STM32N6xx_HAL_Driver/stm32n6xx_hal_cortex.o
 *fill*         0x34183702        0x2 
 .text.SysTick_Config
                0x34183704       0x44 ./Drivers/STM32N6xx_HAL_Driver/stm32n6xx_hal_cortex.o
 .text.HAL_NVIC_SetPriorityGrouping
                0x34183748       0x16 ./Drivers/STM32N6xx_HAL_Driver/stm32n6xx_hal_cortex.o
                0x34183748                HAL_NVIC_SetPriorityGrouping
 .text.HAL_NVIC_SetPriority
                0x3418375e       0x3a ./Drivers/STM32N6xx_HAL_Driver/stm32n6xx_hal_cortex.o
                0x3418375e                HAL_NVIC_SetPriority
 .text.HAL_NVIC_EnableIRQ
                0x34183798       0x1c ./Drivers/STM32N6xx_HAL_Driver/stm32n6xx_hal_cortex.o
                0x34183798                HAL_NVIC_EnableIRQ
 .text.HAL_SYSTICK_Config
                0x341837b4       0x18 ./Drivers/STM32N6xx_HAL_Driver/stm32n6xx_hal_cortex.o
                0x341837b4                HAL_SYSTICK_Config
 .text.HAL_DMA_Abort_IT
                0x341837cc       0x52 ./Drivers/STM32N6xx_HAL_Driver/stm32n6xx_hal_dma.o
                0x341837cc                HAL_DMA_Abort_IT
 *fill*         0x3418381e        0x2 
 .text.HAL_EXTI_ConfigLineAttributes
                0x34183820       0xc4 ./Drivers/STM32N6xx_HAL_Driver/stm32n6xx_hal_exti.o
                0x34183820                HAL_EXTI_ConfigLineAttributes
 .text.HAL_GPIO_Init
                0x341838e4      0x364 ./Drivers/STM32N6xx_HAL_Driver/stm32n6xx_hal_gpio.o
                0x341838e4                HAL_GPIO_Init
 .text.HAL_HCD_Init
                0x34183c48       0xba ./Drivers/STM32N6xx_HAL_Driver/stm32n6xx_hal_hcd.o
                0x34183c48                HAL_HCD_Init
 .text.HAL_I2C_Init
                0x34183d02      0x136 ./Drivers/STM32N6xx_HAL_Driver/stm32n6xx_hal_i2c.o
                0x34183d02                HAL_I2C_Init
 .text.HAL_I2CEx_ConfigAnalogFilter
                0x34183e38       0x96 ./Drivers/STM32N6xx_HAL_Driver/stm32n6xx_hal_i2c_ex.o
                0x34183e38                HAL_I2CEx_ConfigAnalogFilter
 .text.HAL_I2CEx_ConfigDigitalFilter
                0x34183ece       0x98 ./Drivers/STM32N6xx_HAL_Driver/stm32n6xx_hal_i2c_ex.o
                0x34183ece                HAL_I2CEx_ConfigDigitalFilter
 *fill*         0x34183f66        0x2 
 .text.HAL_MDF_Init
                0x34183f68      0x2b0 ./Drivers/STM32N6xx_HAL_Driver/stm32n6xx_hal_mdf.o
                0x34183f68                HAL_MDF_Init
 .text.MDF_GetHandleNumberFromInstance
                0x34184218       0x88 ./Drivers/STM32N6xx_HAL_Driver/stm32n6xx_hal_mdf.o
 .text.HAL_PWREx_ConfigSupply
                0x341842a0       0x50 ./Drivers/STM32N6xx_HAL_Driver/stm32n6xx_hal_pwr_ex.o
                0x341842a0                HAL_PWREx_ConfigSupply
 .text.HAL_PWREx_ControlVoltageScaling
                0x341842f0       0x50 ./Drivers/STM32N6xx_HAL_Driver/stm32n6xx_hal_pwr_ex.o
                0x341842f0                HAL_PWREx_ControlVoltageScaling
 .text.HAL_PWREx_EnableVddUSB
                0x34184340       0x20 ./Drivers/STM32N6xx_HAL_Driver/stm32n6xx_hal_pwr_ex.o
                0x34184340                HAL_PWREx_EnableVddUSB
 .text.HAL_PWREx_EnableVddIO2
                0x34184360       0x20 ./Drivers/STM32N6xx_HAL_Driver/stm32n6xx_hal_pwr_ex.o
                0x34184360                HAL_PWREx_EnableVddIO2
 .text.HAL_PWREx_EnableVddIO3
                0x34184380       0x20 ./Drivers/STM32N6xx_HAL_Driver/stm32n6xx_hal_pwr_ex.o
                0x34184380                HAL_PWREx_EnableVddIO3
 .text.HAL_PWREx_EnableVddIO4
                0x341843a0       0x20 ./Drivers/STM32N6xx_HAL_Driver/stm32n6xx_hal_pwr_ex.o
                0x341843a0                HAL_PWREx_EnableVddIO4
 .text.HAL_PWREx_EnableVddIO5
                0x341843c0       0x20 ./Drivers/STM32N6xx_HAL_Driver/stm32n6xx_hal_pwr_ex.o
                0x341843c0                HAL_PWREx_EnableVddIO5
 .text.HAL_PWREx_EnableVddA
                0x341843e0       0x20 ./Drivers/STM32N6xx_HAL_Driver/stm32n6xx_hal_pwr_ex.o
                0x341843e0                HAL_PWREx_EnableVddA
 .text.LL_RCC_HSE_IsReady
                0x34184400       0x24 ./Drivers/STM32N6xx_HAL_Driver/stm32n6xx_hal_rcc.o
 .text.LL_RCC_HSI_Enable
                0x34184424       0x1c ./Drivers/STM32N6xx_HAL_Driver/stm32n6xx_hal_rcc.o
 .text.LL_RCC_HSI_Disable
                0x34184440       0x20 ./Drivers/STM32N6xx_HAL_Driver/stm32n6xx_hal_rcc.o
 .text.LL_RCC_HSI_IsReady
                0x34184460       0x24 ./Drivers/STM32N6xx_HAL_Driver/stm32n6xx_hal_rcc.o
 .text.LL_RCC_HSI_SetDivider
                0x34184484       0x28 ./Drivers/STM32N6xx_HAL_Driver/stm32n6xx_hal_rcc.o
 .text.LL_RCC_HSI_GetDivider
                0x341844ac       0x1c ./Drivers/STM32N6xx_HAL_Driver/stm32n6xx_hal_rcc.o
 .text.LL_RCC_HSI_SetCalibTrimming
                0x341844c8       0x2c ./Drivers/STM32N6xx_HAL_Driver/stm32n6xx_hal_rcc.o
 .text.LL_RCC_MSI_Enable
                0x341844f4       0x1c ./Drivers/STM32N6xx_HAL_Driver/stm32n6xx_hal_rcc.o
 .text.LL_RCC_MSI_Disable
                0x34184510       0x20 ./Drivers/STM32N6xx_HAL_Driver/stm32n6xx_hal_rcc.o
 .text.LL_RCC_MSI_IsReady
                0x34184530       0x24 ./Drivers/STM32N6xx_HAL_Driver/stm32n6xx_hal_rcc.o
 .text.LL_RCC_MSI_SetFrequency
                0x34184554       0x28 ./Drivers/STM32N6xx_HAL_Driver/stm32n6xx_hal_rcc.o
 .text.LL_RCC_MSI_SetCalibTrimming
                0x3418457c       0x2c ./Drivers/STM32N6xx_HAL_Driver/stm32n6xx_hal_rcc.o
 .text.LL_RCC_LSE_IsReady
                0x341845a8       0x24 ./Drivers/STM32N6xx_HAL_Driver/stm32n6xx_hal_rcc.o
 .text.LL_RCC_LSI_Enable
                0x341845cc       0x1c ./Drivers/STM32N6xx_HAL_Driver/stm32n6xx_hal_rcc.o
 .text.LL_RCC_LSI_Disable
                0x341845e8       0x20 ./Drivers/STM32N6xx_HAL_Driver/stm32n6xx_hal_rcc.o
 .text.LL_RCC_LSI_IsReady
                0x34184608       0x1c ./Drivers/STM32N6xx_HAL_Driver/stm32n6xx_hal_rcc.o
 .text.LL_RCC_GetCpuClkSource
                0x34184624       0x1c ./Drivers/STM32N6xx_HAL_Driver/stm32n6xx_hal_rcc.o
 .text.LL_RCC_GetSysClkSource
                0x34184640       0x1c ./Drivers/STM32N6xx_HAL_Driver/stm32n6xx_hal_rcc.o
 .text.LL_RCC_PLL1_GetSource
                0x3418465c       0x1c ./Drivers/STM32N6xx_HAL_Driver/stm32n6xx_hal_rcc.o
 .text.LL_RCC_PLL1_IsReady
                0x34184678       0x28 ./Drivers/STM32N6xx_HAL_Driver/stm32n6xx_hal_rcc.o
 .text.LL_RCC_PLL1_IsEnabledBypass
                0x341846a0       0x28 ./Drivers/STM32N6xx_HAL_Driver/stm32n6xx_hal_rcc.o
 .text.LL_RCC_PLL2_GetSource
                0x341846c8       0x1c ./Drivers/STM32N6xx_HAL_Driver/stm32n6xx_hal_rcc.o
 .text.LL_RCC_PLL2_IsReady
                0x341846e4       0x28 ./Drivers/STM32N6xx_HAL_Driver/stm32n6xx_hal_rcc.o
 .text.LL_RCC_PLL2_IsEnabledBypass
                0x3418470c       0x28 ./Drivers/STM32N6xx_HAL_Driver/stm32n6xx_hal_rcc.o
 .text.LL_RCC_PLL3_GetSource
                0x34184734       0x1c ./Drivers/STM32N6xx_HAL_Driver/stm32n6xx_hal_rcc.o
 .text.LL_RCC_PLL3_IsReady
                0x34184750       0x28 ./Drivers/STM32N6xx_HAL_Driver/stm32n6xx_hal_rcc.o
 .text.LL_RCC_PLL3_IsEnabledBypass
                0x34184778       0x28 ./Drivers/STM32N6xx_HAL_Driver/stm32n6xx_hal_rcc.o
 .text.LL_RCC_PLL4_GetSource
                0x341847a0       0x1c ./Drivers/STM32N6xx_HAL_Driver/stm32n6xx_hal_rcc.o
 .text.LL_RCC_PLL4_IsReady
                0x341847bc       0x28 ./Drivers/STM32N6xx_HAL_Driver/stm32n6xx_hal_rcc.o
 .text.LL_RCC_PLL4_IsEnabledBypass
                0x341847e4       0x28 ./Drivers/STM32N6xx_HAL_Driver/stm32n6xx_hal_rcc.o
 .text.LL_RCC_IC1_Enable
                0x3418480c       0x1c ./Drivers/STM32N6xx_HAL_Driver/stm32n6xx_hal_rcc.o
 .text.LL_RCC_IC1_GetSource
                0x34184828       0x1c ./Drivers/STM32N6xx_HAL_Driver/stm32n6xx_hal_rcc.o
 .text.LL_RCC_IC1_GetDivider
                0x34184844       0x20 ./Drivers/STM32N6xx_HAL_Driver/stm32n6xx_hal_rcc.o
 .text.LL_RCC_IC2_GetSource
                0x34184864       0x1c ./Drivers/STM32N6xx_HAL_Driver/stm32n6xx_hal_rcc.o
 .text.LL_RCC_IC2_GetDivider
                0x34184880       0x20 ./Drivers/STM32N6xx_HAL_Driver/stm32n6xx_hal_rcc.o
 .text.LL_RCC_IC6_GetSource
                0x341848a0       0x1c ./Drivers/STM32N6xx_HAL_Driver/stm32n6xx_hal_rcc.o
 .text.LL_RCC_IC11_GetSource
                0x341848bc       0x1c ./Drivers/STM32N6xx_HAL_Driver/stm32n6xx_hal_rcc.o
 .text.HAL_RCC_OscConfig
                0x341848d8      0x7c0 ./Drivers/STM32N6xx_HAL_Driver/stm32n6xx_hal_rcc.o
                0x341848d8                HAL_RCC_OscConfig
 .text.HAL_RCC_ClockConfig
                0x34185098      0x408 ./Drivers/STM32N6xx_HAL_Driver/stm32n6xx_hal_rcc.o
                0x34185098                HAL_RCC_ClockConfig
 .text.HAL_RCC_GetCpuClockFreq
                0x341854a0      0x100 ./Drivers/STM32N6xx_HAL_Driver/stm32n6xx_hal_rcc.o
                0x341854a0                HAL_RCC_GetCpuClockFreq
 .text.HAL_RCC_GetSysClockFreq
                0x341855a0       0x1e ./Drivers/STM32N6xx_HAL_Driver/stm32n6xx_hal_rcc.o
                0x341855a0                HAL_RCC_GetSysClockFreq
 *fill*         0x341855be        0x2 
 .text.HAL_RCC_GetClockConfig
                0x341855c0       0xec ./Drivers/STM32N6xx_HAL_Driver/stm32n6xx_hal_rcc.o
                0x341855c0                HAL_RCC_GetClockConfig
 .text.RCC_GetSysClockFreq
                0x341856ac      0x104 ./Drivers/STM32N6xx_HAL_Driver/stm32n6xx_hal_rcc.o
 .text.RCC_PLL_Config
                0x341857b0      0x260 ./Drivers/STM32N6xx_HAL_Driver/stm32n6xx_hal_rcc.o
 .text.RCC_PLL_Enable
                0x34185a10       0x58 ./Drivers/STM32N6xx_HAL_Driver/stm32n6xx_hal_rcc.o
 .text.RCC_PLL_IsNewConfig
                0x34185a68       0xf4 ./Drivers/STM32N6xx_HAL_Driver/stm32n6xx_hal_rcc.o
 .text.RCC_PLL_Source_IsReady
                0x34185b5c       0x74 ./Drivers/STM32N6xx_HAL_Driver/stm32n6xx_hal_rcc.o
 .text.RCC_IC_CheckPLLSources
                0x34185bd0      0x170 ./Drivers/STM32N6xx_HAL_Driver/stm32n6xx_hal_rcc.o
 .text.LL_RCC_HSE_SelectHSEAsDiv2Clock
                0x34185d40       0x20 ./Drivers/STM32N6xx_HAL_Driver/stm32n6xx_hal_rcc_ex.o
 .text.LL_RCC_HSE_SelectHSEDiv2AsDiv2Clock
                0x34185d60       0x20 ./Drivers/STM32N6xx_HAL_Driver/stm32n6xx_hal_rcc_ex.o
 .text.LL_RCC_HSE_IsSelectedHSEDiv2AsDiv2Clock
                0x34185d80       0x24 ./Drivers/STM32N6xx_HAL_Driver/stm32n6xx_hal_rcc_ex.o
 .text.LL_RCC_HSE_IsReady
                0x34185da4       0x24 ./Drivers/STM32N6xx_HAL_Driver/stm32n6xx_hal_rcc_ex.o
 .text.LL_RCC_HSI_IsReady
                0x34185dc8       0x24 ./Drivers/STM32N6xx_HAL_Driver/stm32n6xx_hal_rcc_ex.o
 .text.LL_RCC_HSI_GetDivider
                0x34185dec       0x1c ./Drivers/STM32N6xx_HAL_Driver/stm32n6xx_hal_rcc_ex.o
 .text.LL_RCC_MSI_IsReady
                0x34185e08       0x24 ./Drivers/STM32N6xx_HAL_Driver/stm32n6xx_hal_rcc_ex.o
 .text.LL_RCC_MSI_GetFrequency
                0x34185e2c       0x1c ./Drivers/STM32N6xx_HAL_Driver/stm32n6xx_hal_rcc_ex.o
 .text.LL_RCC_LSE_IsReady
                0x34185e48       0x24 ./Drivers/STM32N6xx_HAL_Driver/stm32n6xx_hal_rcc_ex.o
 .text.LL_RCC_LSI_IsReady
                0x34185e6c       0x1c ./Drivers/STM32N6xx_HAL_Driver/stm32n6xx_hal_rcc_ex.o
 .text.LL_RCC_GetAHBPrescaler
                0x34185e88       0x1c ./Drivers/STM32N6xx_HAL_Driver/stm32n6xx_hal_rcc_ex.o
 .text.LL_RCC_GetAPB1Prescaler
                0x34185ea4       0x1c ./Drivers/STM32N6xx_HAL_Driver/stm32n6xx_hal_rcc_ex.o
 .text.LL_RCC_GetAPB2Prescaler
                0x34185ec0       0x1c ./Drivers/STM32N6xx_HAL_Driver/stm32n6xx_hal_rcc_ex.o
 .text.LL_RCC_GetAPB4Prescaler
                0x34185edc       0x1c ./Drivers/STM32N6xx_HAL_Driver/stm32n6xx_hal_rcc_ex.o
 .text.LL_RCC_GetAPB5Prescaler
                0x34185ef8       0x1c ./Drivers/STM32N6xx_HAL_Driver/stm32n6xx_hal_rcc_ex.o
 .text.LL_RCC_SetClockSource
                0x34185f14       0x54 ./Drivers/STM32N6xx_HAL_Driver/stm32n6xx_hal_rcc_ex.o
 .text.LL_RCC_GetADCPrescaler
                0x34185f68       0x1c ./Drivers/STM32N6xx_HAL_Driver/stm32n6xx_hal_rcc_ex.o
 .text.LL_RCC_SetADFClockSource
                0x34185f84       0x2c ./Drivers/STM32N6xx_HAL_Driver/stm32n6xx_hal_rcc_ex.o
 .text.LL_RCC_SetCLKPClockSource
                0x34185fb0       0x2c ./Drivers/STM32N6xx_HAL_Driver/stm32n6xx_hal_rcc_ex.o
 .text.LL_RCC_SetDCMIPPClockSource
                0x34185fdc       0x2c ./Drivers/STM32N6xx_HAL_Driver/stm32n6xx_hal_rcc_ex.o
 .text.LL_RCC_SetETHClockSource
                0x34186008       0x2c ./Drivers/STM32N6xx_HAL_Driver/stm32n6xx_hal_rcc_ex.o
 .text.LL_RCC_SetETHPHYInterface
                0x34186034       0x2c ./Drivers/STM32N6xx_HAL_Driver/stm32n6xx_hal_rcc_ex.o
 .text.LL_RCC_GetETH1PTPDivider
                0x34186060       0x1c ./Drivers/STM32N6xx_HAL_Driver/stm32n6xx_hal_rcc_ex.o
 .text.LL_RCC_SetETHREFRXClockSource
                0x3418607c       0x2c ./Drivers/STM32N6xx_HAL_Driver/stm32n6xx_hal_rcc_ex.o
 .text.LL_RCC_SetETHREFTXClockSource
                0x341860a8       0x2c ./Drivers/STM32N6xx_HAL_Driver/stm32n6xx_hal_rcc_ex.o
 .text.LL_RCC_SetFDCANClockSource
                0x341860d4       0x2c ./Drivers/STM32N6xx_HAL_Driver/stm32n6xx_hal_rcc_ex.o
 .text.LL_RCC_SetFMCClockSource
                0x34186100       0x2c ./Drivers/STM32N6xx_HAL_Driver/stm32n6xx_hal_rcc_ex.o
 .text.LL_RCC_SetI2CClockSource
                0x3418612c       0x16 ./Drivers/STM32N6xx_HAL_Driver/stm32n6xx_hal_rcc_ex.o
 .text.LL_RCC_SetI3CClockSource
                0x34186142       0x16 ./Drivers/STM32N6xx_HAL_Driver/stm32n6xx_hal_rcc_ex.o
 .text.LL_RCC_SetLPTIMClockSource
                0x34186158       0x16 ./Drivers/STM32N6xx_HAL_Driver/stm32n6xx_hal_rcc_ex.o
 *fill*         0x3418616e        0x2 
 .text.LL_RCC_SetLPUARTClockSource
                0x34186170       0x2c ./Drivers/STM32N6xx_HAL_Driver/stm32n6xx_hal_rcc_ex.o
 .text.LL_RCC_SetLTDCClockSource
                0x3418619c       0x2c ./Drivers/STM32N6xx_HAL_Driver/stm32n6xx_hal_rcc_ex.o
 .text.LL_RCC_SetMDFClockSource
                0x341861c8       0x2c ./Drivers/STM32N6xx_HAL_Driver/stm32n6xx_hal_rcc_ex.o
 .text.LL_RCC_SetOTGPHYClockSource
                0x341861f4       0x16 ./Drivers/STM32N6xx_HAL_Driver/stm32n6xx_hal_rcc_ex.o
 .text.LL_RCC_SetOTGPHYCKREFClockSource
                0x3418620a       0x16 ./Drivers/STM32N6xx_HAL_Driver/stm32n6xx_hal_rcc_ex.o
 .text.LL_RCC_SetPSSIClockSource
                0x34186220       0x2c ./Drivers/STM32N6xx_HAL_Driver/stm32n6xx_hal_rcc_ex.o
 .text.LL_RCC_SetSAIClockSource
                0x3418624c       0x16 ./Drivers/STM32N6xx_HAL_Driver/stm32n6xx_hal_rcc_ex.o
 .text.LL_RCC_SetSDMMCClockSource
                0x34186262       0x16 ./Drivers/STM32N6xx_HAL_Driver/stm32n6xx_hal_rcc_ex.o
 .text.LL_RCC_SetSPDIFRXClockSource
                0x34186278       0x2c ./Drivers/STM32N6xx_HAL_Driver/stm32n6xx_hal_rcc_ex.o
 .text.LL_RCC_SetSPIClockSource
                0x341862a4       0x16 ./Drivers/STM32N6xx_HAL_Driver/stm32n6xx_hal_rcc_ex.o
 .text.LL_RCC_SetUSARTClockSource
                0x341862ba       0x16 ./Drivers/STM32N6xx_HAL_Driver/stm32n6xx_hal_rcc_ex.o
 .text.LL_RCC_SetXSPIClockSource
                0x341862d0       0x16 ./Drivers/STM32N6xx_HAL_Driver/stm32n6xx_hal_rcc_ex.o
 *fill*         0x341862e6        0x2 
 .text.LL_RCC_GetClockSource
                0x341862e8       0x4c ./Drivers/STM32N6xx_HAL_Driver/stm32n6xx_hal_rcc_ex.o
 .text.LL_RCC_GetADCClockSource
                0x34186334       0x24 ./Drivers/STM32N6xx_HAL_Driver/stm32n6xx_hal_rcc_ex.o
 .text.LL_RCC_GetADFClockSource
                0x34186358       0x24 ./Drivers/STM32N6xx_HAL_Driver/stm32n6xx_hal_rcc_ex.o
 .text.LL_RCC_GetCLKPClockSource
                0x3418637c       0x24 ./Drivers/STM32N6xx_HAL_Driver/stm32n6xx_hal_rcc_ex.o
 .text.LL_RCC_GetDCMIPPClockSource
                0x341863a0       0x24 ./Drivers/STM32N6xx_HAL_Driver/stm32n6xx_hal_rcc_ex.o
 .text.LL_RCC_GetETHClockSource
                0x341863c4       0x24 ./Drivers/STM32N6xx_HAL_Driver/stm32n6xx_hal_rcc_ex.o
 .text.LL_RCC_GetETHPTPClockSource
                0x341863e8       0x24 ./Drivers/STM32N6xx_HAL_Driver/stm32n6xx_hal_rcc_ex.o
 .text.LL_RCC_GetFDCANClockSource
                0x3418640c       0x24 ./Drivers/STM32N6xx_HAL_Driver/stm32n6xx_hal_rcc_ex.o
 .text.LL_RCC_GetFMCClockSource
                0x34186430       0x24 ./Drivers/STM32N6xx_HAL_Driver/stm32n6xx_hal_rcc_ex.o
 .text.LL_RCC_GetI2CClockSource
                0x34186454       0x18 ./Drivers/STM32N6xx_HAL_Driver/stm32n6xx_hal_rcc_ex.o
 .text.LL_RCC_GetI3CClockSource
                0x3418646c       0x18 ./Drivers/STM32N6xx_HAL_Driver/stm32n6xx_hal_rcc_ex.o
 .text.LL_RCC_GetLPTIMClockSource
                0x34186484       0x18 ./Drivers/STM32N6xx_HAL_Driver/stm32n6xx_hal_rcc_ex.o
 .text.LL_RCC_GetLPUARTClockSource
                0x3418649c       0x24 ./Drivers/STM32N6xx_HAL_Driver/stm32n6xx_hal_rcc_ex.o
 .text.LL_RCC_GetLTDCClockSource
                0x341864c0       0x24 ./Drivers/STM32N6xx_HAL_Driver/stm32n6xx_hal_rcc_ex.o
 .text.LL_RCC_GetMDFClockSource
                0x341864e4       0x24 ./Drivers/STM32N6xx_HAL_Driver/stm32n6xx_hal_rcc_ex.o
 .text.LL_RCC_GetPSSIClockSource
                0x34186508       0x24 ./Drivers/STM32N6xx_HAL_Driver/stm32n6xx_hal_rcc_ex.o
 .text.LL_RCC_GetSAIClockSource
                0x3418652c       0x18 ./Drivers/STM32N6xx_HAL_Driver/stm32n6xx_hal_rcc_ex.o
 .text.LL_RCC_GetSDMMCClockSource
                0x34186544       0x18 ./Drivers/STM32N6xx_HAL_Driver/stm32n6xx_hal_rcc_ex.o
 .text.LL_RCC_GetSPDIFRXClockSource
                0x3418655c       0x24 ./Drivers/STM32N6xx_HAL_Driver/stm32n6xx_hal_rcc_ex.o
 .text.LL_RCC_GetSPIClockSource
                0x34186580       0x18 ./Drivers/STM32N6xx_HAL_Driver/stm32n6xx_hal_rcc_ex.o
 .text.LL_RCC_GetUSARTClockSource
                0x34186598       0x18 ./Drivers/STM32N6xx_HAL_Driver/stm32n6xx_hal_rcc_ex.o
 .text.LL_RCC_GetUARTClockSource
                0x341865b0       0x18 ./Drivers/STM32N6xx_HAL_Driver/stm32n6xx_hal_rcc_ex.o
 .text.LL_RCC_GetUSBClockSource
                0x341865c8       0x18 ./Drivers/STM32N6xx_HAL_Driver/stm32n6xx_hal_rcc_ex.o
 .text.LL_RCC_GetXSPIClockSource
                0x341865e0       0x18 ./Drivers/STM32N6xx_HAL_Driver/stm32n6xx_hal_rcc_ex.o
 .text.LL_RCC_SetRTCClockSource
                0x341865f8       0x2c ./Drivers/STM32N6xx_HAL_Driver/stm32n6xx_hal_rcc_ex.o
 .text.LL_RCC_GetRTCClockSource
                0x34186624       0x1c ./Drivers/STM32N6xx_HAL_Driver/stm32n6xx_hal_rcc_ex.o
 .text.LL_RCC_SetRTC_HSEPrescaler
                0x34186640       0x2c ./Drivers/STM32N6xx_HAL_Driver/stm32n6xx_hal_rcc_ex.o
 .text.LL_RCC_SetTIMPrescaler
                0x3418666c       0x2c ./Drivers/STM32N6xx_HAL_Driver/stm32n6xx_hal_rcc_ex.o
 .text.LL_RCC_GetTIMPrescaler
                0x34186698       0x1c ./Drivers/STM32N6xx_HAL_Driver/stm32n6xx_hal_rcc_ex.o
 .text.LL_RCC_PLL1_GetSource
                0x341866b4       0x1c ./Drivers/STM32N6xx_HAL_Driver/stm32n6xx_hal_rcc_ex.o
 .text.LL_RCC_PLL1_IsReady
                0x341866d0       0x28 ./Drivers/STM32N6xx_HAL_Driver/stm32n6xx_hal_rcc_ex.o
 .text.LL_RCC_PLL1_IsEnabledBypass
                0x341866f8       0x28 ./Drivers/STM32N6xx_HAL_Driver/stm32n6xx_hal_rcc_ex.o
 .text.LL_RCC_PLL1_GetN
                0x34186720       0x20 ./Drivers/STM32N6xx_HAL_Driver/stm32n6xx_hal_rcc_ex.o
 .text.LL_RCC_PLL1_GetM
                0x34186740       0x20 ./Drivers/STM32N6xx_HAL_Driver/stm32n6xx_hal_rcc_ex.o
 .text.LL_RCC_PLL1_GetP1
                0x34186760       0x20 ./Drivers/STM32N6xx_HAL_Driver/stm32n6xx_hal_rcc_ex.o
 .text.LL_RCC_PLL1_GetP2
                0x34186780       0x20 ./Drivers/STM32N6xx_HAL_Driver/stm32n6xx_hal_rcc_ex.o
 .text.LL_RCC_PLL1P_IsEnabled
                0x341867a0       0x28 ./Drivers/STM32N6xx_HAL_Driver/stm32n6xx_hal_rcc_ex.o
 .text.LL_RCC_PLL1_GetFRACN
                0x341867c8       0x1c ./Drivers/STM32N6xx_HAL_Driver/stm32n6xx_hal_rcc_ex.o
 .text.LL_RCC_PLL2_GetSource
                0x341867e4       0x1c ./Drivers/STM32N6xx_HAL_Driver/stm32n6xx_hal_rcc_ex.o
 .text.LL_RCC_PLL2_IsReady
                0x34186800       0x28 ./Drivers/STM32N6xx_HAL_Driver/stm32n6xx_hal_rcc_ex.o
 .text.LL_RCC_PLL2_IsEnabledBypass
                0x34186828       0x28 ./Drivers/STM32N6xx_HAL_Driver/stm32n6xx_hal_rcc_ex.o
 .text.LL_RCC_PLL2_GetN
                0x34186850       0x20 ./Drivers/STM32N6xx_HAL_Driver/stm32n6xx_hal_rcc_ex.o
 .text.LL_RCC_PLL2_GetM
                0x34186870       0x20 ./Drivers/STM32N6xx_HAL_Driver/stm32n6xx_hal_rcc_ex.o
 .text.LL_RCC_PLL2_GetP1
                0x34186890       0x20 ./Drivers/STM32N6xx_HAL_Driver/stm32n6xx_hal_rcc_ex.o
 .text.LL_RCC_PLL2_GetP2
                0x341868b0       0x20 ./Drivers/STM32N6xx_HAL_Driver/stm32n6xx_hal_rcc_ex.o
 .text.LL_RCC_PLL2P_IsEnabled
                0x341868d0       0x28 ./Drivers/STM32N6xx_HAL_Driver/stm32n6xx_hal_rcc_ex.o
 .text.LL_RCC_PLL2_GetFRACN
                0x341868f8       0x1c ./Drivers/STM32N6xx_HAL_Driver/stm32n6xx_hal_rcc_ex.o
 .text.LL_RCC_PLL3_GetSource
                0x34186914       0x1c ./Drivers/STM32N6xx_HAL_Driver/stm32n6xx_hal_rcc_ex.o
 .text.LL_RCC_PLL3_IsReady
                0x34186930       0x28 ./Drivers/STM32N6xx_HAL_Driver/stm32n6xx_hal_rcc_ex.o
 .text.LL_RCC_PLL3_IsEnabledBypass
                0x34186958       0x28 ./Drivers/STM32N6xx_HAL_Driver/stm32n6xx_hal_rcc_ex.o
 .text.LL_RCC_PLL3_GetN
                0x34186980       0x20 ./Drivers/STM32N6xx_HAL_Driver/stm32n6xx_hal_rcc_ex.o
 .text.LL_RCC_PLL3_GetM
                0x341869a0       0x20 ./Drivers/STM32N6xx_HAL_Driver/stm32n6xx_hal_rcc_ex.o
 .text.LL_RCC_PLL3_GetP1
                0x341869c0       0x20 ./Drivers/STM32N6xx_HAL_Driver/stm32n6xx_hal_rcc_ex.o
 .text.LL_RCC_PLL3_GetP2
                0x341869e0       0x20 ./Drivers/STM32N6xx_HAL_Driver/stm32n6xx_hal_rcc_ex.o
 .text.LL_RCC_PLL3P_IsEnabled
                0x34186a00       0x28 ./Drivers/STM32N6xx_HAL_Driver/stm32n6xx_hal_rcc_ex.o
 .text.LL_RCC_PLL3_GetFRACN
                0x34186a28       0x1c ./Drivers/STM32N6xx_HAL_Driver/stm32n6xx_hal_rcc_ex.o
 .text.LL_RCC_PLL4_GetSource
                0x34186a44       0x1c ./Drivers/STM32N6xx_HAL_Driver/stm32n6xx_hal_rcc_ex.o
 .text.LL_RCC_PLL4_IsReady
                0x34186a60       0x28 ./Drivers/STM32N6xx_HAL_Driver/stm32n6xx_hal_rcc_ex.o
 .text.LL_RCC_PLL4_IsEnabledBypass
                0x34186a88       0x28 ./Drivers/STM32N6xx_HAL_Driver/stm32n6xx_hal_rcc_ex.o
 .text.LL_RCC_PLL4_GetN
                0x34186ab0       0x20 ./Drivers/STM32N6xx_HAL_Driver/stm32n6xx_hal_rcc_ex.o
 .text.LL_RCC_PLL4_GetM
                0x34186ad0       0x20 ./Drivers/STM32N6xx_HAL_Driver/stm32n6xx_hal_rcc_ex.o
 .text.LL_RCC_PLL4_GetP1
                0x34186af0       0x20 ./Drivers/STM32N6xx_HAL_Driver/stm32n6xx_hal_rcc_ex.o
 .text.LL_RCC_PLL4_GetP2
                0x34186b10       0x20 ./Drivers/STM32N6xx_HAL_Driver/stm32n6xx_hal_rcc_ex.o
 .text.LL_RCC_PLL4P_IsEnabled
                0x34186b30       0x28 ./Drivers/STM32N6xx_HAL_Driver/stm32n6xx_hal_rcc_ex.o
 .text.LL_RCC_PLL4_GetFRACN
                0x34186b58       0x1c ./Drivers/STM32N6xx_HAL_Driver/stm32n6xx_hal_rcc_ex.o
 .text.LL_RCC_IC3_Enable
                0x34186b74       0x1c ./Drivers/STM32N6xx_HAL_Driver/stm32n6xx_hal_rcc_ex.o
 .text.LL_RCC_IC3_IsEnabled
                0x34186b90       0x28 ./Drivers/STM32N6xx_HAL_Driver/stm32n6xx_hal_rcc_ex.o
 .text.LL_RCC_IC3_GetSource
                0x34186bb8       0x1c ./Drivers/STM32N6xx_HAL_Driver/stm32n6xx_hal_rcc_ex.o
 .text.LL_RCC_IC3_GetDivider
                0x34186bd4       0x20 ./Drivers/STM32N6xx_HAL_Driver/stm32n6xx_hal_rcc_ex.o
 .text.LL_RCC_IC4_Enable
                0x34186bf4       0x1c ./Drivers/STM32N6xx_HAL_Driver/stm32n6xx_hal_rcc_ex.o
 .text.LL_RCC_IC4_IsEnabled
                0x34186c10       0x28 ./Drivers/STM32N6xx_HAL_Driver/stm32n6xx_hal_rcc_ex.o
 .text.LL_RCC_IC4_GetSource
                0x34186c38       0x1c ./Drivers/STM32N6xx_HAL_Driver/stm32n6xx_hal_rcc_ex.o
 .text.LL_RCC_IC4_GetDivider
                0x34186c54       0x20 ./Drivers/STM32N6xx_HAL_Driver/stm32n6xx_hal_rcc_ex.o
 .text.LL_RCC_IC5_Enable
                0x34186c74       0x1c ./Drivers/STM32N6xx_HAL_Driver/stm32n6xx_hal_rcc_ex.o
 .text.LL_RCC_IC5_IsEnabled
                0x34186c90       0x28 ./Drivers/STM32N6xx_HAL_Driver/stm32n6xx_hal_rcc_ex.o
 .text.LL_RCC_IC5_GetSource
                0x34186cb8       0x1c ./Drivers/STM32N6xx_HAL_Driver/stm32n6xx_hal_rcc_ex.o
 .text.LL_RCC_IC5_GetDivider
                0x34186cd4       0x20 ./Drivers/STM32N6xx_HAL_Driver/stm32n6xx_hal_rcc_ex.o
 .text.LL_RCC_IC7_Enable
                0x34186cf4       0x1c ./Drivers/STM32N6xx_HAL_Driver/stm32n6xx_hal_rcc_ex.o
 .text.LL_RCC_IC7_IsEnabled
                0x34186d10       0x28 ./Drivers/STM32N6xx_HAL_Driver/stm32n6xx_hal_rcc_ex.o
 .text.LL_RCC_IC7_GetSource
                0x34186d38       0x1c ./Drivers/STM32N6xx_HAL_Driver/stm32n6xx_hal_rcc_ex.o
 .text.LL_RCC_IC7_GetDivider
                0x34186d54       0x20 ./Drivers/STM32N6xx_HAL_Driver/stm32n6xx_hal_rcc_ex.o
 .text.LL_RCC_IC8_Enable
                0x34186d74       0x1c ./Drivers/STM32N6xx_HAL_Driver/stm32n6xx_hal_rcc_ex.o
 .text.LL_RCC_IC8_IsEnabled
                0x34186d90       0x28 ./Drivers/STM32N6xx_HAL_Driver/stm32n6xx_hal_rcc_ex.o
 .text.LL_RCC_IC8_GetSource
                0x34186db8       0x1c ./Drivers/STM32N6xx_HAL_Driver/stm32n6xx_hal_rcc_ex.o
 .text.LL_RCC_IC8_GetDivider
                0x34186dd4       0x20 ./Drivers/STM32N6xx_HAL_Driver/stm32n6xx_hal_rcc_ex.o
 .text.LL_RCC_IC9_Enable
                0x34186df4       0x1c ./Drivers/STM32N6xx_HAL_Driver/stm32n6xx_hal_rcc_ex.o
 .text.LL_RCC_IC9_IsEnabled
                0x34186e10       0x28 ./Drivers/STM32N6xx_HAL_Driver/stm32n6xx_hal_rcc_ex.o
 .text.LL_RCC_IC9_GetSource
                0x34186e38       0x1c ./Drivers/STM32N6xx_HAL_Driver/stm32n6xx_hal_rcc_ex.o
 .text.LL_RCC_IC9_GetDivider
                0x34186e54       0x20 ./Drivers/STM32N6xx_HAL_Driver/stm32n6xx_hal_rcc_ex.o
 .text.LL_RCC_IC10_Enable
                0x34186e74       0x1c ./Drivers/STM32N6xx_HAL_Driver/stm32n6xx_hal_rcc_ex.o
 .text.LL_RCC_IC10_IsEnabled
                0x34186e90       0x28 ./Drivers/STM32N6xx_HAL_Driver/stm32n6xx_hal_rcc_ex.o
 .text.LL_RCC_IC10_GetSource
                0x34186eb8       0x1c ./Drivers/STM32N6xx_HAL_Driver/stm32n6xx_hal_rcc_ex.o
 .text.LL_RCC_IC10_GetDivider
                0x34186ed4       0x20 ./Drivers/STM32N6xx_HAL_Driver/stm32n6xx_hal_rcc_ex.o
 .text.LL_RCC_IC12_Enable
                0x34186ef4       0x1c ./Drivers/STM32N6xx_HAL_Driver/stm32n6xx_hal_rcc_ex.o
 .text.LL_RCC_IC12_IsEnabled
                0x34186f10       0x28 ./Drivers/STM32N6xx_HAL_Driver/stm32n6xx_hal_rcc_ex.o
 .text.LL_RCC_IC12_GetSource
                0x34186f38       0x1c ./Drivers/STM32N6xx_HAL_Driver/stm32n6xx_hal_rcc_ex.o
 .text.LL_RCC_IC12_GetDivider
                0x34186f54       0x20 ./Drivers/STM32N6xx_HAL_Driver/stm32n6xx_hal_rcc_ex.o
 .text.LL_RCC_IC13_Enable
                0x34186f74       0x1c ./Drivers/STM32N6xx_HAL_Driver/stm32n6xx_hal_rcc_ex.o
 .text.LL_RCC_IC13_IsEnabled
                0x34186f90       0x28 ./Drivers/STM32N6xx_HAL_Driver/stm32n6xx_hal_rcc_ex.o
 .text.LL_RCC_IC13_GetSource
                0x34186fb8       0x1c ./Drivers/STM32N6xx_HAL_Driver/stm32n6xx_hal_rcc_ex.o
 .text.LL_RCC_IC13_GetDivider
                0x34186fd4       0x20 ./Drivers/STM32N6xx_HAL_Driver/stm32n6xx_hal_rcc_ex.o
 .text.LL_RCC_IC14_Enable
                0x34186ff4       0x1c ./Drivers/STM32N6xx_HAL_Driver/stm32n6xx_hal_rcc_ex.o
 .text.LL_RCC_IC14_IsEnabled
                0x34187010       0x28 ./Drivers/STM32N6xx_HAL_Driver/stm32n6xx_hal_rcc_ex.o
 .text.LL_RCC_IC14_GetSource
                0x34187038       0x1c ./Drivers/STM32N6xx_HAL_Driver/stm32n6xx_hal_rcc_ex.o
 .text.LL_RCC_IC14_GetDivider
                0x34187054       0x20 ./Drivers/STM32N6xx_HAL_Driver/stm32n6xx_hal_rcc_ex.o
 .text.LL_RCC_IC15_Enable
                0x34187074       0x1c ./Drivers/STM32N6xx_HAL_Driver/stm32n6xx_hal_rcc_ex.o
 .text.LL_RCC_IC15_IsEnabled
                0x34187090       0x28 ./Drivers/STM32N6xx_HAL_Driver/stm32n6xx_hal_rcc_ex.o
 .text.LL_RCC_IC15_GetSource
                0x341870b8       0x1c ./Drivers/STM32N6xx_HAL_Driver/stm32n6xx_hal_rcc_ex.o
 .text.LL_RCC_IC15_GetDivider
                0x341870d4       0x20 ./Drivers/STM32N6xx_HAL_Driver/stm32n6xx_hal_rcc_ex.o
 .text.LL_RCC_IC16_Enable
                0x341870f4       0x1c ./Drivers/STM32N6xx_HAL_Driver/stm32n6xx_hal_rcc_ex.o
 .text.LL_RCC_IC16_IsEnabled
                0x34187110       0x28 ./Drivers/STM32N6xx_HAL_Driver/stm32n6xx_hal_rcc_ex.o
 .text.LL_RCC_IC16_GetSource
                0x34187138       0x1c ./Drivers/STM32N6xx_HAL_Driver/stm32n6xx_hal_rcc_ex.o
 .text.LL_RCC_IC16_GetDivider
                0x34187154       0x20 ./Drivers/STM32N6xx_HAL_Driver/stm32n6xx_hal_rcc_ex.o
 .text.LL_RCC_IC17_Enable
                0x34187174       0x1c ./Drivers/STM32N6xx_HAL_Driver/stm32n6xx_hal_rcc_ex.o
 .text.LL_RCC_IC17_IsEnabled
                0x34187190       0x28 ./Drivers/STM32N6xx_HAL_Driver/stm32n6xx_hal_rcc_ex.o
 .text.LL_RCC_IC17_GetSource
                0x341871b8       0x1c ./Drivers/STM32N6xx_HAL_Driver/stm32n6xx_hal_rcc_ex.o
 .text.LL_RCC_IC17_GetDivider
                0x341871d4       0x20 ./Drivers/STM32N6xx_HAL_Driver/stm32n6xx_hal_rcc_ex.o
 .text.LL_RCC_IC18_Enable
                0x341871f4       0x1c ./Drivers/STM32N6xx_HAL_Driver/stm32n6xx_hal_rcc_ex.o
 .text.LL_RCC_IC18_IsEnabled
                0x34187210       0x28 ./Drivers/STM32N6xx_HAL_Driver/stm32n6xx_hal_rcc_ex.o
 .text.LL_RCC_IC18_GetSource
                0x34187238       0x1c ./Drivers/STM32N6xx_HAL_Driver/stm32n6xx_hal_rcc_ex.o
 .text.LL_RCC_IC18_GetDivider
                0x34187254       0x20 ./Drivers/STM32N6xx_HAL_Driver/stm32n6xx_hal_rcc_ex.o
 .text.LL_RCC_IC19_Enable
                0x34187274       0x1c ./Drivers/STM32N6xx_HAL_Driver/stm32n6xx_hal_rcc_ex.o
 .text.LL_RCC_IC19_IsEnabled
                0x34187290       0x28 ./Drivers/STM32N6xx_HAL_Driver/stm32n6xx_hal_rcc_ex.o
 .text.LL_RCC_IC19_GetSource
                0x341872b8       0x1c ./Drivers/STM32N6xx_HAL_Driver/stm32n6xx_hal_rcc_ex.o
 .text.LL_RCC_IC19_GetDivider
                0x341872d4       0x20 ./Drivers/STM32N6xx_HAL_Driver/stm32n6xx_hal_rcc_ex.o
 .text.LL_RCC_IC20_Enable
                0x341872f4       0x1c ./Drivers/STM32N6xx_HAL_Driver/stm32n6xx_hal_rcc_ex.o
 .text.LL_RCC_IC20_IsEnabled
                0x34187310       0x28 ./Drivers/STM32N6xx_HAL_Driver/stm32n6xx_hal_rcc_ex.o
 .text.LL_RCC_IC20_GetSource
                0x34187338       0x1c ./Drivers/STM32N6xx_HAL_Driver/stm32n6xx_hal_rcc_ex.o
 .text.LL_RCC_IC20_GetDivider
                0x34187354       0x20 ./Drivers/STM32N6xx_HAL_Driver/stm32n6xx_hal_rcc_ex.o
 .text.LL_RCC_CLKP_Enable
                0x34187374       0x1c ./Drivers/STM32N6xx_HAL_Driver/stm32n6xx_hal_rcc_ex.o
 .text.LL_RCC_CLKP_IsEnabled
                0x34187390       0x28 ./Drivers/STM32N6xx_HAL_Driver/stm32n6xx_hal_rcc_ex.o
 .text.HAL_RCCEx_PeriphCLKConfig
                0x341873b8     0x25c8 ./Drivers/STM32N6xx_HAL_Driver/stm32n6xx_hal_rcc_ex.o
                0x341873b8                HAL_RCCEx_PeriphCLKConfig
 .text.HAL_RCCEx_GetPeriphCLKFreq
                0x34189980      0x938 ./Drivers/STM32N6xx_HAL_Driver/stm32n6xx_hal_rcc_ex.o
                0x34189980                HAL_RCCEx_GetPeriphCLKFreq
 .text.HAL_RCCEx_GetPLL1CLKFreq
                0x3418a2b8       0x8c ./Drivers/STM32N6xx_HAL_Driver/stm32n6xx_hal_rcc_ex.o
                0x3418a2b8                HAL_RCCEx_GetPLL1CLKFreq
 .text.HAL_RCCEx_GetPLL2CLKFreq
                0x3418a344       0x8c ./Drivers/STM32N6xx_HAL_Driver/stm32n6xx_hal_rcc_ex.o
                0x3418a344                HAL_RCCEx_GetPLL2CLKFreq
 .text.HAL_RCCEx_GetPLL3CLKFreq
                0x3418a3d0       0x8c ./Drivers/STM32N6xx_HAL_Driver/stm32n6xx_hal_rcc_ex.o
                0x3418a3d0                HAL_RCCEx_GetPLL3CLKFreq
 .text.HAL_RCCEx_GetPLL4CLKFreq
                0x3418a45c       0x8c ./Drivers/STM32N6xx_HAL_Driver/stm32n6xx_hal_rcc_ex.o
                0x3418a45c                HAL_RCCEx_GetPLL4CLKFreq
 .text.RCCEx_GetHCLKFreq
                0x3418a4e8       0x22 ./Drivers/STM32N6xx_HAL_Driver/stm32n6xx_hal_rcc_ex.o
 .text.RCCEx_GetPCLK1Freq
                0x3418a50a       0x20 ./Drivers/STM32N6xx_HAL_Driver/stm32n6xx_hal_rcc_ex.o
 .text.RCCEx_GetPCLK2Freq
                0x3418a52a       0x22 ./Drivers/STM32N6xx_HAL_Driver/stm32n6xx_hal_rcc_ex.o
 .text.RCCEx_GetPCLK4Freq
                0x3418a54c       0x22 ./Drivers/STM32N6xx_HAL_Driver/stm32n6xx_hal_rcc_ex.o
 .text.RCCEx_GetPCLK5Freq
                0x3418a56e       0x22 ./Drivers/STM32N6xx_HAL_Driver/stm32n6xx_hal_rcc_ex.o
 .text.RCCEx_GetPLLSourceFreq
                0x3418a590       0xbc ./Drivers/STM32N6xx_HAL_Driver/stm32n6xx_hal_rcc_ex.o
 .text.RCCEx_CalcPLLFreq
                0x3418a64c       0x98 ./Drivers/STM32N6xx_HAL_Driver/stm32n6xx_hal_rcc_ex.o
 .text.RCCEx_GetADCCLKFreq
                0x3418a6e4      0x204 ./Drivers/STM32N6xx_HAL_Driver/stm32n6xx_hal_rcc_ex.o
 .text.RCCEx_GetADFCLKFreq
                0x3418a8e8      0x1d8 ./Drivers/STM32N6xx_HAL_Driver/stm32n6xx_hal_rcc_ex.o
 .text.RCCEx_GetCLKPCLKFreq
                0x3418aac0      0x36c ./Drivers/STM32N6xx_HAL_Driver/stm32n6xx_hal_rcc_ex.o
 .text.RCCEx_GetCSICLKFreq
                0x3418ae2c       0x98 ./Drivers/STM32N6xx_HAL_Driver/stm32n6xx_hal_rcc_ex.o
 .text.RCCEx_GetDCMIPPCLKFreq
                0x3418aec4      0x114 ./Drivers/STM32N6xx_HAL_Driver/stm32n6xx_hal_rcc_ex.o
 .text.RCCEx_GetETH1CLKFreq
                0x3418afd8      0x100 ./Drivers/STM32N6xx_HAL_Driver/stm32n6xx_hal_rcc_ex.o
 .text.RCCEx_GetETH1PTPCLKFreq
                0x3418b0d8      0x108 ./Drivers/STM32N6xx_HAL_Driver/stm32n6xx_hal_rcc_ex.o
 .text.RCCEx_GetFDCANCLKFreq
                0x3418b1e0      0x100 ./Drivers/STM32N6xx_HAL_Driver/stm32n6xx_hal_rcc_ex.o
 .text.RCCEx_GetFMCCLKFreq
                0x3418b2e0      0x16e ./Drivers/STM32N6xx_HAL_Driver/stm32n6xx_hal_rcc_ex.o
 *fill*         0x3418b44e        0x2 
 .text.RCCEx_GetI2CCLKFreq
                0x3418b450      0x350 ./Drivers/STM32N6xx_HAL_Driver/stm32n6xx_hal_rcc_ex.o
 .text.RCCEx_GetI3CCLKFreq
                0x3418b7a0      0x268 ./Drivers/STM32N6xx_HAL_Driver/stm32n6xx_hal_rcc_ex.o
 .text.RCCEx_GetLPTIMCLKFreq
                0x3418ba08      0x354 ./Drivers/STM32N6xx_HAL_Driver/stm32n6xx_hal_rcc_ex.o
 .text.RCCEx_GetLPUARTCLKFreq
                0x3418bd5c      0x204 ./Drivers/STM32N6xx_HAL_Driver/stm32n6xx_hal_rcc_ex.o
 .text.RCCEx_GetLTDCCLKFreq
                0x3418bf60      0x114 ./Drivers/STM32N6xx_HAL_Driver/stm32n6xx_hal_rcc_ex.o
 .text.RCCEx_GetMDFCLKFreq
                0x3418c074      0x214 ./Drivers/STM32N6xx_HAL_Driver/stm32n6xx_hal_rcc_ex.o
 .text.RCCEx_GetPSSICLKFreq
                0x3418c288      0x104 ./Drivers/STM32N6xx_HAL_Driver/stm32n6xx_hal_rcc_ex.o
 .text.RCCEx_GetRTCCLKFreq
                0x3418c38c       0xa4 ./Drivers/STM32N6xx_HAL_Driver/stm32n6xx_hal_rcc_ex.o
 .text.RCCEx_GetSAICLKFreq
                0x3418c430      0x2cc ./Drivers/STM32N6xx_HAL_Driver/stm32n6xx_hal_rcc_ex.o
 .text.RCCEx_GetSDMMCCLKFreq
                0x3418c6fc      0x1d4 ./Drivers/STM32N6xx_HAL_Driver/stm32n6xx_hal_rcc_ex.o
 .text.RCCEx_GetSPDIFRXCLKFreq
                0x3418c8d0      0x1c8 ./Drivers/STM32N6xx_HAL_Driver/stm32n6xx_hal_rcc_ex.o
 .text.RCCEx_GetSPICLKFreq
                0x3418ca98      0x5a4 ./Drivers/STM32N6xx_HAL_Driver/stm32n6xx_hal_rcc_ex.o
 .text.RCCEx_GetUARTCLKFreq
                0x3418d03c      0x454 ./Drivers/STM32N6xx_HAL_Driver/stm32n6xx_hal_rcc_ex.o
 .text.RCCEx_GetUSARTCLKFreq
                0x3418d490      0x454 ./Drivers/STM32N6xx_HAL_Driver/stm32n6xx_hal_rcc_ex.o
 .text.RCCEx_GetOTGPHYCLKFreq
                0x3418d8e4      0x16c ./Drivers/STM32N6xx_HAL_Driver/stm32n6xx_hal_rcc_ex.o
 .text.RCCEx_GetOTGPHYCKREFCLKFreq
                0x3418da50       0xa0 ./Drivers/STM32N6xx_HAL_Driver/stm32n6xx_hal_rcc_ex.o
 .text.RCCEx_GetXSPICLKFreq
                0x3418daf0      0x220 ./Drivers/STM32N6xx_HAL_Driver/stm32n6xx_hal_rcc_ex.o
 .text.HAL_SAI_Init
                0x3418dd10      0x3e8 ./Drivers/STM32N6xx_HAL_Driver/stm32n6xx_hal_sai.o
                0x3418dd10                HAL_SAI_Init
 .text.SAI_Disable
                0x3418e0f8       0x74 ./Drivers/STM32N6xx_HAL_Driver/stm32n6xx_hal_sai.o
 .text.HAL_SD_Init
                0x3418e16c      0x106 ./Drivers/STM32N6xx_HAL_Driver/stm32n6xx_hal_sd.o
                0x3418e16c                HAL_SD_Init
 *fill*         0x3418e272        0x2 
 .text.HAL_SD_InitCard
                0x3418e274      0x168 ./Drivers/STM32N6xx_HAL_Driver/stm32n6xx_hal_sd.o
                0x3418e274                HAL_SD_InitCard
 .text.HAL_SD_GetCardCSD
                0x3418e3dc      0x348 ./Drivers/STM32N6xx_HAL_Driver/stm32n6xx_hal_sd.o
                0x3418e3dc                HAL_SD_GetCardCSD
 .text.HAL_SD_GetCardStatus
                0x3418e724      0x17c ./Drivers/STM32N6xx_HAL_Driver/stm32n6xx_hal_sd.o
                0x3418e724                HAL_SD_GetCardStatus
 .text.HAL_SD_ConfigWideBusOperation
                0x3418e8a0      0x244 ./Drivers/STM32N6xx_HAL_Driver/stm32n6xx_hal_sd.o
                0x3418e8a0                HAL_SD_ConfigWideBusOperation
 .text.HAL_SD_GetCardState
                0x3418eae4       0x40 ./Drivers/STM32N6xx_HAL_Driver/stm32n6xx_hal_sd.o
                0x3418eae4                HAL_SD_GetCardState
 .text.SD_InitCard
                0x3418eb24      0x19c ./Drivers/STM32N6xx_HAL_Driver/stm32n6xx_hal_sd.o
 .text.SD_PowerON
                0x3418ecc0      0x11c ./Drivers/STM32N6xx_HAL_Driver/stm32n6xx_hal_sd.o
 .text.SD_SendSDStatus
                0x3418eddc      0x1a0 ./Drivers/STM32N6xx_HAL_Driver/stm32n6xx_hal_sd.o
 .text.SD_SendStatus
                0x3418ef7c       0x50 ./Drivers/STM32N6xx_HAL_Driver/stm32n6xx_hal_sd.o
 .text.SD_WideBus_Enable
                0x3418efcc       0x96 ./Drivers/STM32N6xx_HAL_Driver/stm32n6xx_hal_sd.o
 .text.SD_WideBus_Disable
                0x3418f062       0x96 ./Drivers/STM32N6xx_HAL_Driver/stm32n6xx_hal_sd.o
 .text.SD_FindSCR
                0x3418f0f8      0x1a0 ./Drivers/STM32N6xx_HAL_Driver/stm32n6xx_hal_sd.o
 .text.HAL_UART_Init
                0x3418f298       0xa0 ./Drivers/STM32N6xx_HAL_Driver/stm32n6xx_hal_uart.o
                0x3418f298                HAL_UART_Init
 .text.UART_SetConfig
                0x3418f338      0x3d8 ./Drivers/STM32N6xx_HAL_Driver/stm32n6xx_hal_uart.o
                0x3418f338                UART_SetConfig
 .text.UART_AdvFeatureConfig
                0x3418f710      0x144 ./Drivers/STM32N6xx_HAL_Driver/stm32n6xx_hal_uart.o
                0x3418f710                UART_AdvFeatureConfig
 .text.UART_CheckIdleState
                0x3418f854      0x154 ./Drivers/STM32N6xx_HAL_Driver/stm32n6xx_hal_uart.o
                0x3418f854                UART_CheckIdleState
 .text.UART_WaitOnFlagUntilTimeout
                0x3418f9a8       0xda ./Drivers/STM32N6xx_HAL_Driver/stm32n6xx_hal_uart.o
                0x3418f9a8                UART_WaitOnFlagUntilTimeout
 .text.UART_EndRxTransfer
                0x3418fa82       0xcc ./Drivers/STM32N6xx_HAL_Driver/stm32n6xx_hal_uart.o
 .text.HAL_UARTEx_DisableFifoMode
                0x3418fb4e       0x72 ./Drivers/STM32N6xx_HAL_Driver/stm32n6xx_hal_uart_ex.o
                0x3418fb4e                HAL_UARTEx_DisableFifoMode
 .text.HAL_UARTEx_SetTxFifoThreshold
                0x3418fbc0       0x7c ./Drivers/STM32N6xx_HAL_Driver/stm32n6xx_hal_uart_ex.o
                0x3418fbc0                HAL_UARTEx_SetTxFifoThreshold
 .text.HAL_UARTEx_SetRxFifoThreshold
                0x3418fc3c       0x7c ./Drivers/STM32N6xx_HAL_Driver/stm32n6xx_hal_uart_ex.o
                0x3418fc3c                HAL_UARTEx_SetRxFifoThreshold
 .text.UARTEx_SetNbDataToProcess
                0x3418fcb8       0x9c ./Drivers/STM32N6xx_HAL_Driver/stm32n6xx_hal_uart_ex.o
 .text.LL_AHB5_GRP1_IsEnabledClock
                0x3418fd54       0x30 ./Drivers/STM32N6xx_HAL_Driver/stm32n6xx_hal_xspi.o
 .text.HAL_XSPI_Init
                0x3418fd84      0x220 ./Drivers/STM32N6xx_HAL_Driver/stm32n6xx_hal_xspi.o
                0x3418fd84                HAL_XSPI_Init
 .text.HAL_XSPI_IRQHandler
                0x3418ffa4      0x2a8 ./Drivers/STM32N6xx_HAL_Driver/stm32n6xx_hal_xspi.o
                0x3418ffa4                HAL_XSPI_IRQHandler
 .text.HAL_XSPI_ErrorCallback
                0x3419024c       0x14 ./Drivers/STM32N6xx_HAL_Driver/stm32n6xx_hal_xspi.o
                0x3419024c                HAL_XSPI_ErrorCallback
 .text.HAL_XSPI_AbortCpltCallback
                0x34190260       0x14 ./Drivers/STM32N6xx_HAL_Driver/stm32n6xx_hal_xspi.o
                0x34190260                HAL_XSPI_AbortCpltCallback
 .text.HAL_XSPI_FifoThresholdCallback
                0x34190274       0x14 ./Drivers/STM32N6xx_HAL_Driver/stm32n6xx_hal_xspi.o
                0x34190274                HAL_XSPI_FifoThresholdCallback
 .text.HAL_XSPI_CmdCpltCallback
                0x34190288       0x14 ./Drivers/STM32N6xx_HAL_Driver/stm32n6xx_hal_xspi.o
                0x34190288                HAL_XSPI_CmdCpltCallback
 .text.HAL_XSPI_RxCpltCallback
                0x3419029c       0x14 ./Drivers/STM32N6xx_HAL_Driver/stm32n6xx_hal_xspi.o
                0x3419029c                HAL_XSPI_RxCpltCallback
 .text.HAL_XSPI_TxCpltCallback
                0x341902b0       0x14 ./Drivers/STM32N6xx_HAL_Driver/stm32n6xx_hal_xspi.o
                0x341902b0                HAL_XSPI_TxCpltCallback
 .text.HAL_XSPI_StatusMatchCallback
                0x341902c4       0x14 ./Drivers/STM32N6xx_HAL_Driver/stm32n6xx_hal_xspi.o
                0x341902c4                HAL_XSPI_StatusMatchCallback
 .text.HAL_XSPI_TimeOutCallback
                0x341902d8       0x14 ./Drivers/STM32N6xx_HAL_Driver/stm32n6xx_hal_xspi.o
                0x341902d8                HAL_XSPI_TimeOutCallback
 .text.HAL_XSPI_SetTimeout
                0x341902ec       0x1e ./Drivers/STM32N6xx_HAL_Driver/stm32n6xx_hal_xspi.o
                0x341902ec                HAL_XSPI_SetTimeout
 *fill*         0x3419030a        0x2 
 .text.HAL_XSPIM_Config
                0x3419030c      0x258 ./Drivers/STM32N6xx_HAL_Driver/stm32n6xx_hal_xspi.o
                0x3419030c                HAL_XSPIM_Config
 .text.XSPI_DMAAbortCplt
                0x34190564       0x78 ./Drivers/STM32N6xx_HAL_Driver/stm32n6xx_hal_xspi.o
 .text.XSPI_WaitFlagStateUntilTimeout
                0x341905dc       0x6c ./Drivers/STM32N6xx_HAL_Driver/stm32n6xx_hal_xspi.o
 .text.XSPIM_GetConfig
                0x34190648       0xc8 ./Drivers/STM32N6xx_HAL_Driver/stm32n6xx_hal_xspi.o
 .text.SDMMC_Init
                0x34190710       0x54 ./Drivers/STM32N6xx_HAL_Driver/stm32n6xx_ll_sdmmc.o
                0x34190710                SDMMC_Init
 .text.SDMMC_ReadFIFO
                0x34190764       0x1a ./Drivers/STM32N6xx_HAL_Driver/stm32n6xx_ll_sdmmc.o
                0x34190764                SDMMC_ReadFIFO
 .text.SDMMC_PowerState_ON
                0x3419077e       0x22 ./Drivers/STM32N6xx_HAL_Driver/stm32n6xx_ll_sdmmc.o
                0x3419077e                SDMMC_PowerState_ON
 .text.SDMMC_GetPowerState
                0x341907a0       0x1c ./Drivers/STM32N6xx_HAL_Driver/stm32n6xx_ll_sdmmc.o
                0x341907a0                SDMMC_GetPowerState
 .text.SDMMC_SendCommand
                0x341907bc       0x54 ./Drivers/STM32N6xx_HAL_Driver/stm32n6xx_ll_sdmmc.o
                0x341907bc                SDMMC_SendCommand
 .text.SDMMC_GetCommandResponse
                0x34190810       0x1a ./Drivers/STM32N6xx_HAL_Driver/stm32n6xx_ll_sdmmc.o
                0x34190810                SDMMC_GetCommandResponse
 .text.SDMMC_GetResponse
                0x3419082a       0x26 ./Drivers/STM32N6xx_HAL_Driver/stm32n6xx_ll_sdmmc.o
                0x3419082a                SDMMC_GetResponse
 .text.SDMMC_ConfigData
                0x34190850       0x58 ./Drivers/STM32N6xx_HAL_Driver/stm32n6xx_ll_sdmmc.o
                0x34190850                SDMMC_ConfigData
 .text.SDMMC_CmdBlockLength
                0x341908a8       0x46 ./Drivers/STM32N6xx_HAL_Driver/stm32n6xx_ll_sdmmc.o
                0x341908a8                SDMMC_CmdBlockLength
 .text.SDMMC_CmdSelDesel
                0x341908ee       0x46 ./Drivers/STM32N6xx_HAL_Driver/stm32n6xx_ll_sdmmc.o
                0x341908ee                SDMMC_CmdSelDesel
 .text.SDMMC_CmdGoIdleState
                0x34190934       0x3c ./Drivers/STM32N6xx_HAL_Driver/stm32n6xx_ll_sdmmc.o
                0x34190934                SDMMC_CmdGoIdleState
 .text.SDMMC_CmdOperCond
                0x34190970       0x40 ./Drivers/STM32N6xx_HAL_Driver/stm32n6xx_ll_sdmmc.o
                0x34190970                SDMMC_CmdOperCond
 .text.SDMMC_CmdAppCommand
                0x341909b0       0x46 ./Drivers/STM32N6xx_HAL_Driver/stm32n6xx_ll_sdmmc.o
                0x341909b0                SDMMC_CmdAppCommand
 .text.SDMMC_CmdAppOperCommand
                0x341909f6       0x40 ./Drivers/STM32N6xx_HAL_Driver/stm32n6xx_ll_sdmmc.o
                0x341909f6                SDMMC_CmdAppOperCommand
 .text.SDMMC_CmdBusWidth
                0x34190a36       0x46 ./Drivers/STM32N6xx_HAL_Driver/stm32n6xx_ll_sdmmc.o
                0x34190a36                SDMMC_CmdBusWidth
 .text.SDMMC_CmdSendSCR
                0x34190a7c       0x44 ./Drivers/STM32N6xx_HAL_Driver/stm32n6xx_ll_sdmmc.o
                0x34190a7c                SDMMC_CmdSendSCR
 .text.SDMMC_CmdSendCID
                0x34190ac0       0x3e ./Drivers/STM32N6xx_HAL_Driver/stm32n6xx_ll_sdmmc.o
                0x34190ac0                SDMMC_CmdSendCID
 .text.SDMMC_CmdSendCSD
                0x34190afe       0x40 ./Drivers/STM32N6xx_HAL_Driver/stm32n6xx_ll_sdmmc.o
                0x34190afe                SDMMC_CmdSendCSD
 .text.SDMMC_CmdSetRelAdd
                0x34190b3e       0x44 ./Drivers/STM32N6xx_HAL_Driver/stm32n6xx_ll_sdmmc.o
                0x34190b3e                SDMMC_CmdSetRelAdd
 .text.SDMMC_CmdSendStatus
                0x34190b82       0x46 ./Drivers/STM32N6xx_HAL_Driver/stm32n6xx_ll_sdmmc.o
                0x34190b82                SDMMC_CmdSendStatus
 .text.SDMMC_CmdStatusRegister
                0x34190bc8       0x44 ./Drivers/STM32N6xx_HAL_Driver/stm32n6xx_ll_sdmmc.o
                0x34190bc8                SDMMC_CmdStatusRegister
 .text.SDMMC_GetCmdResp1
                0x34190c0c      0x1e4 ./Drivers/STM32N6xx_HAL_Driver/stm32n6xx_ll_sdmmc.o
                0x34190c0c                SDMMC_GetCmdResp1
 .text.SDMMC_GetCmdResp2
                0x34190df0       0x94 ./Drivers/STM32N6xx_HAL_Driver/stm32n6xx_ll_sdmmc.o
                0x34190df0                SDMMC_GetCmdResp2
 .text.SDMMC_GetCmdResp3
                0x34190e84       0x80 ./Drivers/STM32N6xx_HAL_Driver/stm32n6xx_ll_sdmmc.o
                0x34190e84                SDMMC_GetCmdResp3
 .text.SDMMC_GetCmdResp6
                0x34190f04       0xf0 ./Drivers/STM32N6xx_HAL_Driver/stm32n6xx_ll_sdmmc.o
                0x34190f04                SDMMC_GetCmdResp6
 .text.SDMMC_GetCmdResp7
                0x34190ff4       0x9c ./Drivers/STM32N6xx_HAL_Driver/stm32n6xx_ll_sdmmc.o
                0x34190ff4                SDMMC_GetCmdResp7
 .text.SDMMC_GetCmdError
                0x34191090       0x5c ./Drivers/STM32N6xx_HAL_Driver/stm32n6xx_ll_sdmmc.o
 .text.USB_CoreInit
                0x341910ec       0x8a ./Drivers/STM32N6xx_HAL_Driver/stm32n6xx_ll_usb.o
                0x341910ec                USB_CoreInit
 .text.USB_DisableGlobalInt
                0x34191176       0x22 ./Drivers/STM32N6xx_HAL_Driver/stm32n6xx_ll_usb.o
                0x34191176                USB_DisableGlobalInt
 .text.USB_SetCurrentMode
                0x34191198       0x98 ./Drivers/STM32N6xx_HAL_Driver/stm32n6xx_ll_usb.o
                0x34191198                USB_SetCurrentMode
 .text.USB_FlushTxFifo
                0x34191230       0x64 ./Drivers/STM32N6xx_HAL_Driver/stm32n6xx_ll_usb.o
                0x34191230                USB_FlushTxFifo
 .text.USB_FlushRxFifo
                0x34191294       0x5c ./Drivers/STM32N6xx_HAL_Driver/stm32n6xx_ll_usb.o
                0x34191294                USB_FlushRxFifo
 .text.USB_GetMode
                0x341912f0       0x1c ./Drivers/STM32N6xx_HAL_Driver/stm32n6xx_ll_usb.o
                0x341912f0                USB_GetMode
 .text.USB_CoreReset
                0x3419130c       0x70 ./Drivers/STM32N6xx_HAL_Driver/stm32n6xx_ll_usb.o
 .text.USB_HostInit
                0x3419137c      0x16c ./Drivers/STM32N6xx_HAL_Driver/stm32n6xx_ll_usb.o
                0x3419137c                USB_HostInit
 .text.memset   0x341914e8       0x10 /opt/st/stm32cubeide_2.0.0/plugins/com.st.stm32cube.ide.mcu.externaltools.gnu-tools-for-stm32.13.3.rel1.linux64_1.0.100.202509120712/tools/bin/../lib/gcc/arm-none-eabi/13.3.1/../../../../arm-none-eabi/lib/thumb/v8-m.main+dp/hard/libc_nano.a(libc_a-memset.o)
                0x341914e8                memset
 .text.__libc_init_array
                0x341914f8       0x48 /opt/st/stm32cubeide_2.0.0/plugins/com.st.stm32cube.ide.mcu.externaltools.gnu-tools-for-stm32.13.3.rel1.linux64_1.0.100.202509120712/tools/bin/../lib/gcc/arm-none-eabi/13.3.1/../../../../arm-none-eabi/lib/thumb/v8-m.main+dp/hard/libc_nano.a(libc_a-init.o)
                0x341914f8                __libc_init_array
 *(.glue_7)
 .glue_7        0x34191540        0x0 linker stubs
 *(.glue_7t)
 .glue_7t       0x34191540        0x0 linker stubs
 *(.eh_frame)
 .eh_frame      0x34191540        0x0 /opt/st/stm32cubeide_2.0.0/plugins/com.st.stm32cube.ide.mcu.externaltools.gnu-tools-for-stm32.13.3.rel1.linux64_1.0.100.202509120712/tools/bin/../lib/gcc/arm-none-eabi/13.3.1/thumb/v8-m.main+dp/hard/crtbegin.o
 *(.RamFunc)
 *(.RamFunc*)
 *(.init)
 .init          0x34191540        0x4 /opt/st/stm32cubeide_2.0.0/plugins/com.st.stm32cube.ide.mcu.externaltools.gnu-tools-for-stm32.13.3.rel1.linux64_1.0.100.202509120712/tools/bin/../lib/gcc/arm-none-eabi/13.3.1/thumb/v8-m.main+dp/hard/crti.o
                0x34191540                _init
 .init          0x34191544        0x8 /opt/st/stm32cubeide_2.0.0/plugins/com.st.stm32cube.ide.mcu.externaltools.gnu-tools-for-stm32.13.3.rel1.linux64_1.0.100.202509120712/tools/bin/../lib/gcc/arm-none-eabi/13.3.1/thumb/v8-m.main+dp/hard/crtn.o
 *(.fini)
 .fini          0x3419154c        0x4 /opt/st/stm32cubeide_2.0.0/plugins/com.st.stm32cube.ide.mcu.externaltools.gnu-tools-for-stm32.13.3.rel1.linux64_1.0.100.202509120712/tools/bin/../lib/gcc/arm-none-eabi/13.3.1/thumb/v8-m.main+dp/hard/crti.o
                0x3419154c                _fini
 .fini          0x34191550        0x8 /opt/st/stm32cubeide_2.0.0/plugins/com.st.stm32cube.ide.mcu.externaltools.gnu-tools-for-stm32.13.3.rel1.linux64_1.0.100.202509120712/tools/bin/../lib/gcc/arm-none-eabi/13.3.1/thumb/v8-m.main+dp/hard/crtn.o
                0x34191558                        . = ALIGN (0x4)
                0x34191558                        _etext = .

.vfp11_veneer   0x34191558        0x0
 .vfp11_veneer  0x34191558        0x0 linker stubs

.v4_bx          0x34191558        0x0
 .v4_bx         0x34191558        0x0 linker stubs

.iplt           0x34191558        0x0
 .iplt          0x34191558        0x0 /opt/st/stm32cubeide_2.0.0/plugins/com.st.stm32cube.ide.mcu.externaltools.gnu-tools-for-stm32.13.3.rel1.linux64_1.0.100.202509120712/tools/bin/../lib/gcc/arm-none-eabi/13.3.1/thumb/v8-m.main+dp/hard/crtbegin.o

.rodata         0x34191558       0xa0
                0x34191558                        . = ALIGN (0x4)
 *(.rodata)
 *(.rodata*)
 .rodata.ADC_CHANNEL_LUT
                0x34191558       0x50 ./Drivers/STM32N6xx_HAL_Driver/stm32n6xx_hal_adc.o
 .rodata.ADC_CHANNEL_DIFF_LUT
                0x341915a8       0x28 ./Drivers/STM32N6xx_HAL_Driver/stm32n6xx_hal_adc.o
 .rodata.UARTPrescTable
                0x341915d0       0x18 ./Drivers/STM32N6xx_HAL_Driver/stm32n6xx_hal_uart.o
                0x341915d0                UARTPrescTable
 .rodata.numerator.1
                0x341915e8        0x8 ./Drivers/STM32N6xx_HAL_Driver/stm32n6xx_hal_uart_ex.o
 .rodata.denominator.0
                0x341915f0        0x8 ./Drivers/STM32N6xx_HAL_Driver/stm32n6xx_hal_uart_ex.o
                0x341915f8                        . = ALIGN (0x4)

.ARM.extab      0x341915f8        0x0
                0x341915f8                        . = ALIGN (0x4)
 *(.ARM.extab* .gnu.linkonce.armextab.*)
                0x341915f8                        . = ALIGN (0x4)

.ARM            0x341915f8        0x8
                0x341915f8                        . = ALIGN (0x4)
                0x341915f8                        __exidx_start = .
 *(.ARM.exidx*)
 .ARM.exidx     0x341915f8        0x8 /opt/st/stm32cubeide_2.0.0/plugins/com.st.stm32cube.ide.mcu.externaltools.gnu-tools-for-stm32.13.3.rel1.linux64_1.0.100.202509120712/tools/bin/../lib/gcc/arm-none-eabi/13.3.1/thumb/v8-m.main+dp/hard/libgcc.a(_udivmoddi4.o)
                0x34191600                        __exidx_end = .
                0x34191600                        . = ALIGN (0x4)

.preinit_array  0x34191600        0x0
                0x34191600                        . = ALIGN (0x4)
                0x34191600                        PROVIDE (__preinit_array_start = .)
 *(.preinit_array*)
                0x34191600                        PROVIDE (__preinit_array_end = .)
                0x34191600                        . = ALIGN (0x4)

.init_array     0x34191600        0x4
                0x34191600                        . = ALIGN (0x4)
                0x34191600                        PROVIDE (__init_array_start = .)
 *(SORT_BY_NAME(.init_array.*))
 *(.init_array*)
 .init_array    0x34191600        0x4 /opt/st/stm32cubeide_2.0.0/plugins/com.st.stm32cube.ide.mcu.externaltools.gnu-tools-for-stm32.13.3.rel1.linux64_1.0.100.202509120712/tools/bin/../lib/gcc/arm-none-eabi/13.3.1/thumb/v8-m.main+dp/hard/crtbegin.o
                0x34191604                        PROVIDE (__init_array_end = .)
                0x34191604                        . = ALIGN (0x4)

.fini_array     0x34191604        0x4
                0x34191604                        . = ALIGN (0x4)
                [!provide]                        PROVIDE (__fini_array_start = .)
 *(SORT_BY_NAME(.fini_array.*))
 *(.fini_array*)
 .fini_array    0x34191604        0x4 /opt/st/stm32cubeide_2.0.0/plugins/com.st.stm32cube.ide.mcu.externaltools.gnu-tools-for-stm32.13.3.rel1.linux64_1.0.100.202509120712/tools/bin/../lib/gcc/arm-none-eabi/13.3.1/thumb/v8-m.main+dp/hard/crtbegin.o
                [!provide]                        PROVIDE (__fini_array_end = .)
                0x34191608                        . = ALIGN (0x4)
                0x34191608                        _sidata = LOADADDR (.data)

.rel.dyn        0x34191608        0x0
 .rel.iplt      0x34191608        0x0 /opt/st/stm32cubeide_2.0.0/plugins/com.st.stm32cube.ide.mcu.externaltools.gnu-tools-for-stm32.13.3.rel1.linux64_1.0.100.202509120712/tools/bin/../lib/gcc/arm-none-eabi/13.3.1/thumb/v8-m.main+dp/hard/crtbegin.o

.data           0x341c0000        0xc load address 0x34191608
                0x341c0000                        . = ALIGN (0x4)
                0x341c0000                        _sdata = .
 *(.data)
 *(.data*)
 .data.SystemCoreClock
                0x341c0000        0x4 ./Core/Src/system_stm32n6xx_fsbl.o
                0x341c0000                SystemCoreClock
 .data.uwTickPrio
                0x341c0004        0x4 ./Drivers/STM32N6xx_HAL_Driver/stm32n6xx_hal.o
                0x341c0004                uwTickPrio
 .data.uwTickFreq
                0x341c0008        0x1 ./Drivers/STM32N6xx_HAL_Driver/stm32n6xx_hal.o
                0x341c0008                uwTickFreq
                0x341c000c                        . = ALIGN (0x4)
 *fill*         0x341c0009        0x3 
                0x341c000c                        _edata = .

.igot.plt       0x341c000c        0x0 load address 0x34191614
 .igot.plt      0x341c000c        0x0 /opt/st/stm32cubeide_2.0.0/plugins/com.st.stm32cube.ide.mcu.externaltools.gnu-tools-for-stm32.13.3.rel1.linux64_1.0.100.202509120712/tools/bin/../lib/gcc/arm-none-eabi/13.3.1/thumb/v8-m.main+dp/hard/crtbegin.o

.noncacheable   0x341c000c        0x4 load address 0x34191614
                0x341c0010                        . = ALIGN (0x8)
 *fill*         0x341c000c        0x4 
                0x341c0010                        __snoncacheable = .
 *(.noncacheable)
                0x341c0010                        . = ALIGN (0x8)
                0x341c0010                        __enoncacheable = .

.gnu.sgstubs    0x34191620       0x20
                0x34191620                        . = ALIGN (0x4)
 *(.gnu.sgstubs*)
                0x34191620                        . = ALIGN (0x4)
 .gnu.sgstubs.__stub
                0x34191620        0x8 linker stubs
                0x34191620                SECURE_SystemCoreClockUpdate
                0x34191628                        . = ALIGN (0x4)

.bss            0x341c0010      0x93c
                0x341c0010                        _sbss = .
                0x341c0010                        __bss_start__ = _sbss
 *(.bss)
 .bss           0x341c0010       0x1c /opt/st/stm32cubeide_2.0.0/plugins/com.st.stm32cube.ide.mcu.externaltools.gnu-tools-for-stm32.13.3.rel1.linux64_1.0.100.202509120712/tools/bin/../lib/gcc/arm-none-eabi/13.3.1/thumb/v8-m.main+dp/hard/crtbegin.o
 *(.bss*)
 .bss.hadc1     0x341c002c       0x60 ./Core/Src/main.o
                0x341c002c                hadc1
 .bss.hi2c1     0x341c008c       0x54 ./Core/Src/main.o
                0x341c008c                hi2c1
 .bss.hi2c2     0x341c00e0       0x54 ./Core/Src/main.o
                0x341c00e0                hi2c2
 .bss.MdfHandle0
                0x341c0134       0x44 ./Core/Src/main.o
                0x341c0134                MdfHandle0
 .bss.MdfFilterConfig0
                0x341c0178       0x7c ./Core/Src/main.o
                0x341c0178                MdfFilterConfig0
 .bss.hsai_BlockA1
                0x341c01f4       0x98 ./Core/Src/main.o
                0x341c01f4                hsai_BlockA1
 .bss.hsai_BlockB1
                0x341c028c       0x98 ./Core/Src/main.o
                0x341c028c                hsai_BlockB1
 .bss.hsd2      0x341c0324       0x7c ./Core/Src/main.o
                0x341c0324                hsd2
 .bss.huart1    0x341c03a0       0x94 ./Core/Src/main.o
                0x341c03a0                huart1
 .bss.hhcd_USB_OTG_HS2
                0x341c0434      0x420 ./Core/Src/main.o
                0x341c0434                hhcd_USB_OTG_HS2
 .bss.hxspi1    0x341c0854       0x64 ./Core/Src/main.o
                0x341c0854                hxspi1
 .bss.hxspi2    0x341c08b8       0x64 ./Core/Src/main.o
                0x341c08b8                hxspi2
 .bss.HAL_RCC_XSPIM_CLK_ENABLED
                0x341c091c        0x4 ./Core/Src/stm32n6xx_hal_msp.o
 .bss.SAI1_client
                0x341c0920        0x4 ./Core/Src/stm32n6xx_hal_msp.o
 .bss.uwTick    0x341c0924        0x4 ./Drivers/STM32N6xx_HAL_Driver/stm32n6xx_hal.o
                0x341c0924                uwTick
 .bss.v_mdf1InstanceCounter
                0x341c0928        0x4 ./Drivers/STM32N6xx_HAL_Driver/stm32n6xx_hal_mdf.o
 .bss.v_adf1InstanceCounter
                0x341c092c        0x4 ./Drivers/STM32N6xx_HAL_Driver/stm32n6xx_hal_mdf.o
 .bss.a_mdfHandle
                0x341c0930       0x1c ./Drivers/STM32N6xx_HAL_Driver/stm32n6xx_hal_mdf.o
 *(COMMON)
                0x341c094c                        . = ALIGN (0x4)
                0x341c094c                        _ebss = .
                0x341c094c                        __bss_end__ = _ebss

._user_heap_stack
                0x341c094c      0xa04
                0x341c0950                        . = ALIGN (0x8)
 *fill*         0x341c094c        0x4 
                [!provide]                        PROVIDE (end = .)
                0x341c0950                        PROVIDE (_end = .)
                0x341c0b50                        . = (. + _Min_Heap_Size)
 *fill*         0x341c0950      0x200 
                0x341c1350                        . = (. + _Min_Stack_Size)
 *fill*         0x341c0b50      0x800 
                0x341c1350                        . = ALIGN (0x8)

/DISCARD/
 libc.a(*)
 libm.a(*)
 libgcc.a(*)

.ARM.attributes
                0x00000000       0x3a
 *(.ARM.attributes)
 .ARM.attributes
                0x00000000       0x24 /opt/st/stm32cubeide_2.0.0/plugins/com.st.stm32cube.ide.mcu.externaltools.gnu-tools-for-stm32.13.3.rel1.linux64_1.0.100.202509120712/tools/bin/../lib/gcc/arm-none-eabi/13.3.1/thumb/v8-m.main+dp/hard/crti.o
 .ARM.attributes
                0x00000024       0x36 /opt/st/stm32cubeide_2.0.0/plugins/com.st.stm32cube.ide.mcu.externaltools.gnu-tools-for-stm32.13.3.rel1.linux64_1.0.100.202509120712/tools/bin/../lib/gcc/arm-none-eabi/13.3.1/thumb/v8-m.main+dp/hard/crtbegin.o
 .ARM.attributes
                0x0000005a       0x3e ./Core/Src/main.o
 .ARM.attributes
                0x00000098       0x3e ./Core/Src/stm32n6xx_hal_msp.o
 .ARM.attributes
                0x000000d6       0x3e ./Core/Src/stm32n6xx_it.o
 .ARM.attributes
                0x00000114       0x3e ./Core/Src/system_stm32n6xx_fsbl.o
 .ARM.attributes
                0x00000152       0x22 ./Core/Startup/startup_stm32n657x0hxq_fsbl.o
 .ARM.attributes
                0x00000174       0x3e ./Drivers/STM32N6xx_HAL_Driver/stm32n6xx_hal.o
 .ARM.attributes
                0x000001b2       0x3e ./Drivers/STM32N6xx_HAL_Driver/stm32n6xx_hal_adc.o
 .ARM.attributes
                0x000001f0       0x3e ./Drivers/STM32N6xx_HAL_Driver/stm32n6xx_hal_adc_ex.o
 .ARM.attributes
                0x0000022e       0x3e ./Drivers/STM32N6xx_HAL_Driver/stm32n6xx_hal_cortex.o
 .ARM.attributes
                0x0000026c       0x3e ./Drivers/STM32N6xx_HAL_Driver/stm32n6xx_hal_dma.o
 .ARM.attributes
                0x000002aa       0x3e ./Drivers/STM32N6xx_HAL_Driver/stm32n6xx_hal_exti.o
 .ARM.attributes
                0x000002e8       0x3e ./Drivers/STM32N6xx_HAL_Driver/stm32n6xx_hal_gpio.o
 .ARM.attributes
                0x00000326       0x3e ./Drivers/STM32N6xx_HAL_Driver/stm32n6xx_hal_hcd.o
 .ARM.attributes
                0x00000364       0x3e ./Drivers/STM32N6xx_HAL_Driver/stm32n6xx_hal_i2c.o
 .ARM.attributes
                0x000003a2       0x3e ./Drivers/STM32N6xx_HAL_Driver/stm32n6xx_hal_i2c_ex.o
 .ARM.attributes
                0x000003e0       0x3e ./Drivers/STM32N6xx_HAL_Driver/stm32n6xx_hal_mdf.o
 .ARM.attributes
                0x0000041e       0x3e ./Drivers/STM32N6xx_HAL_Driver/stm32n6xx_hal_pwr_ex.o
 .ARM.attributes
                0x0000045c       0x3e ./Drivers/STM32N6xx_HAL_Driver/stm32n6xx_hal_rcc.o
 .ARM.attributes
                0x0000049a       0x3e ./Drivers/STM32N6xx_HAL_Driver/stm32n6xx_hal_rcc_ex.o
 .ARM.attributes
                0x000004d8       0x3e ./Drivers/STM32N6xx_HAL_Driver/stm32n6xx_hal_sai.o
 .ARM.attributes
                0x00000516       0x3e ./Drivers/STM32N6xx_HAL_Driver/stm32n6xx_hal_sd.o
 .ARM.attributes
                0x00000554       0x3e ./Drivers/STM32N6xx_HAL_Driver/stm32n6xx_hal_uart.o
 .ARM.attributes
                0x00000592       0x3e ./Drivers/STM32N6xx_HAL_Driver/stm32n6xx_hal_uart_ex.o
 .ARM.attributes
                0x000005d0       0x3e ./Drivers/STM32N6xx_HAL_Driver/stm32n6xx_hal_xspi.o
 .ARM.attributes
                0x0000060e       0x3e ./Drivers/STM32N6xx_HAL_Driver/stm32n6xx_ll_sdmmc.o
 .ARM.attributes
                0x0000064c       0x3e ./Drivers/STM32N6xx_HAL_Driver/stm32n6xx_ll_usb.o
 .ARM.attributes
                0x0000068a       0x36 /opt/st/stm32cubeide_2.0.0/plugins/com.st.stm32cube.ide.mcu.externaltools.gnu-tools-for-stm32.13.3.rel1.linux64_1.0.100.202509120712/tools/bin/../lib/gcc/arm-none-eabi/13.3.1/../../../../arm-none-eabi/lib/thumb/v8-m.main+dp/hard/libc_nano.a(libc_a-memset.o)
 .ARM.attributes
                0x000006c0       0x36 /opt/st/stm32cubeide_2.0.0/plugins/com.st.stm32cube.ide.mcu.externaltools.gnu-tools-for-stm32.13.3.rel1.linux64_1.0.100.202509120712/tools/bin/../lib/gcc/arm-none-eabi/13.3.1/../../../../arm-none-eabi/lib/thumb/v8-m.main+dp/hard/libc_nano.a(libc_a-init.o)
 .ARM.attributes